C:/Users/Professional/Desktop/!!!!!!!/IT/STM32/STM32-Course/SKG_IKS02A1_DataLogTerminal/Drivers/BSP/Components/iis2mdc/iis2mdc_reg.c:47:9:iis2mdc_read_reg	40	static
C:/Users/Professional/Desktop/!!!!!!!/IT/STM32/STM32-Course/SKG_IKS02A1_DataLogTerminal/Drivers/BSP/Components/iis2mdc/iis2mdc_reg.c:68:9:iis2mdc_write_reg	40	static
C:/Users/Professional/Desktop/!!!!!!!/IT/STM32/STM32-Course/SKG_IKS02A1_DataLogTerminal/Drivers/BSP/Components/iis2mdc/iis2mdc_reg.c:91:9:iis2mdc_from_lsb_to_mgauss	16	static
C:/Users/Professional/Desktop/!!!!!!!/IT/STM32/STM32-Course/SKG_IKS02A1_DataLogTerminal/Drivers/BSP/Components/iis2mdc/iis2mdc_reg.c:96:9:iis2mdc_from_lsb_to_celsius	16	static
C:/Users/Professional/Desktop/!!!!!!!/IT/STM32/STM32-Course/SKG_IKS02A1_DataLogTerminal/Drivers/BSP/Components/iis2mdc/iis2mdc_reg.c:127:9:iis2mdc_mag_user_offset_set	32	static
C:/Users/Professional/Desktop/!!!!!!!/IT/STM32/STM32-Course/SKG_IKS02A1_DataLogTerminal/Drivers/BSP/Components/iis2mdc/iis2mdc_reg.c:156:9:iis2mdc_mag_user_offset_get	32	static
C:/Users/Professional/Desktop/!!!!!!!/IT/STM32/STM32-Course/SKG_IKS02A1_DataLogTerminal/Drivers/BSP/Components/iis2mdc/iis2mdc_reg.c:180:9:iis2mdc_operating_mode_set	24	static
C:/Users/Professional/Desktop/!!!!!!!/IT/STM32/STM32-Course/SKG_IKS02A1_DataLogTerminal/Drivers/BSP/Components/iis2mdc/iis2mdc_reg.c:205:9:iis2mdc_operating_mode_get	24	static
C:/Users/Professional/Desktop/!!!!!!!/IT/STM32/STM32-Course/SKG_IKS02A1_DataLogTerminal/Drivers/BSP/Components/iis2mdc/iis2mdc_reg.c:243:9:iis2mdc_data_rate_set	24	static
C:/Users/Professional/Desktop/!!!!!!!/IT/STM32/STM32-Course/SKG_IKS02A1_DataLogTerminal/Drivers/BSP/Components/iis2mdc/iis2mdc_reg.c:267:9:iis2mdc_data_rate_get	24	static
C:/Users/Professional/Desktop/!!!!!!!/IT/STM32/STM32-Course/SKG_IKS02A1_DataLogTerminal/Drivers/BSP/Components/iis2mdc/iis2mdc_reg.c:308:9:iis2mdc_power_mode_set	24	static
C:/Users/Professional/Desktop/!!!!!!!/IT/STM32/STM32-Course/SKG_IKS02A1_DataLogTerminal/Drivers/BSP/Components/iis2mdc/iis2mdc_reg.c:332:9:iis2mdc_power_mode_get	24	static
C:/Users/Professional/Desktop/!!!!!!!/IT/STM32/STM32-Course/SKG_IKS02A1_DataLogTerminal/Drivers/BSP/Components/iis2mdc/iis2mdc_reg.c:365:9:iis2mdc_offset_temp_comp_set	24	static
C:/Users/Professional/Desktop/!!!!!!!/IT/STM32/STM32-Course/SKG_IKS02A1_DataLogTerminal/Drivers/BSP/Components/iis2mdc/iis2mdc_reg.c:389:9:iis2mdc_offset_temp_comp_get	24	static
C:/Users/Professional/Desktop/!!!!!!!/IT/STM32/STM32-Course/SKG_IKS02A1_DataLogTerminal/Drivers/BSP/Components/iis2mdc/iis2mdc_reg.c:408:9:iis2mdc_low_pass_bandwidth_set	24	static
C:/Users/Professional/Desktop/!!!!!!!/IT/STM32/STM32-Course/SKG_IKS02A1_DataLogTerminal/Drivers/BSP/Components/iis2mdc/iis2mdc_reg.c:433:9:iis2mdc_low_pass_bandwidth_get	24	static
C:/Users/Professional/Desktop/!!!!!!!/IT/STM32/STM32-Course/SKG_IKS02A1_DataLogTerminal/Drivers/BSP/Components/iis2mdc/iis2mdc_reg.c:468:9:iis2mdc_set_rst_mode_set	24	static
C:/Users/Professional/Desktop/!!!!!!!/IT/STM32/STM32-Course/SKG_IKS02A1_DataLogTerminal/Drivers/BSP/Components/iis2mdc/iis2mdc_reg.c:493:9:iis2mdc_set_rst_mode_get	24	static
C:/Users/Professional/Desktop/!!!!!!!/IT/STM32/STM32-Course/SKG_IKS02A1_DataLogTerminal/Drivers/BSP/Components/iis2mdc/iis2mdc_reg.c:536:9:iis2mdc_set_rst_sensor_single_set	24	static
C:/Users/Professional/Desktop/!!!!!!!/IT/STM32/STM32-Course/SKG_IKS02A1_DataLogTerminal/Drivers/BSP/Components/iis2mdc/iis2mdc_reg.c:565:9:iis2mdc_set_rst_sensor_single_get	24	static
C:/Users/Professional/Desktop/!!!!!!!/IT/STM32/STM32-Course/SKG_IKS02A1_DataLogTerminal/Drivers/BSP/Components/iis2mdc/iis2mdc_reg.c:585:9:iis2mdc_block_data_update_set	24	static
C:/Users/Professional/Desktop/!!!!!!!/IT/STM32/STM32-Course/SKG_IKS02A1_DataLogTerminal/Drivers/BSP/Components/iis2mdc/iis2mdc_reg.c:609:9:iis2mdc_block_data_update_get	24	static
C:/Users/Professional/Desktop/!!!!!!!/IT/STM32/STM32-Course/SKG_IKS02A1_DataLogTerminal/Drivers/BSP/Components/iis2mdc/iis2mdc_reg.c:628:9:iis2mdc_mag_data_ready_get	24	static
C:/Users/Professional/Desktop/!!!!!!!/IT/STM32/STM32-Course/SKG_IKS02A1_DataLogTerminal/Drivers/BSP/Components/iis2mdc/iis2mdc_reg.c:647:9:iis2mdc_mag_data_ovr_get	24	static
C:/Users/Professional/Desktop/!!!!!!!/IT/STM32/STM32-Course/SKG_IKS02A1_DataLogTerminal/Drivers/BSP/Components/iis2mdc/iis2mdc_reg.c:666:9:iis2mdc_magnetic_raw_get	32	static
C:/Users/Professional/Desktop/!!!!!!!/IT/STM32/STM32-Course/SKG_IKS02A1_DataLogTerminal/Drivers/BSP/Components/iis2mdc/iis2mdc_reg.c:690:9:iis2mdc_temperature_raw_get	24	static
C:/Users/Professional/Desktop/!!!!!!!/IT/STM32/STM32-Course/SKG_IKS02A1_DataLogTerminal/Drivers/BSP/Components/iis2mdc/iis2mdc_reg.c:722:9:iis2mdc_device_id_get	24	static
C:/Users/Professional/Desktop/!!!!!!!/IT/STM32/STM32-Course/SKG_IKS02A1_DataLogTerminal/Drivers/BSP/Components/iis2mdc/iis2mdc_reg.c:740:9:iis2mdc_reset_set	24	static
C:/Users/Professional/Desktop/!!!!!!!/IT/STM32/STM32-Course/SKG_IKS02A1_DataLogTerminal/Drivers/BSP/Components/iis2mdc/iis2mdc_reg.c:764:9:iis2mdc_reset_get	24	static
C:/Users/Professional/Desktop/!!!!!!!/IT/STM32/STM32-Course/SKG_IKS02A1_DataLogTerminal/Drivers/BSP/Components/iis2mdc/iis2mdc_reg.c:783:9:iis2mdc_boot_set	24	static
C:/Users/Professional/Desktop/!!!!!!!/IT/STM32/STM32-Course/SKG_IKS02A1_DataLogTerminal/Drivers/BSP/Components/iis2mdc/iis2mdc_reg.c:807:9:iis2mdc_boot_get	24	static
C:/Users/Professional/Desktop/!!!!!!!/IT/STM32/STM32-Course/SKG_IKS02A1_DataLogTerminal/Drivers/BSP/Components/iis2mdc/iis2mdc_reg.c:826:9:iis2mdc_self_test_set	24	static
C:/Users/Professional/Desktop/!!!!!!!/IT/STM32/STM32-Course/SKG_IKS02A1_DataLogTerminal/Drivers/BSP/Components/iis2mdc/iis2mdc_reg.c:850:9:iis2mdc_self_test_get	24	static
C:/Users/Professional/Desktop/!!!!!!!/IT/STM32/STM32-Course/SKG_IKS02A1_DataLogTerminal/Drivers/BSP/Components/iis2mdc/iis2mdc_reg.c:869:9:iis2mdc_data_format_set	24	static
C:/Users/Professional/Desktop/!!!!!!!/IT/STM32/STM32-Course/SKG_IKS02A1_DataLogTerminal/Drivers/BSP/Components/iis2mdc/iis2mdc_reg.c:893:9:iis2mdc_data_format_get	24	static
C:/Users/Professional/Desktop/!!!!!!!/IT/STM32/STM32-Course/SKG_IKS02A1_DataLogTerminal/Drivers/BSP/Components/iis2mdc/iis2mdc_reg.c:926:9:iis2mdc_status_get	24	static
C:/Users/Professional/Desktop/!!!!!!!/IT/STM32/STM32-Course/SKG_IKS02A1_DataLogTerminal/Drivers/BSP/Components/iis2mdc/iis2mdc_reg.c:959:9:iis2mdc_offset_int_conf_set	24	static
C:/Users/Professional/Desktop/!!!!!!!/IT/STM32/STM32-Course/SKG_IKS02A1_DataLogTerminal/Drivers/BSP/Components/iis2mdc/iis2mdc_reg.c:986:9:iis2mdc_offset_int_conf_get	24	static
C:/Users/Professional/Desktop/!!!!!!!/IT/STM32/STM32-Course/SKG_IKS02A1_DataLogTerminal/Drivers/BSP/Components/iis2mdc/iis2mdc_reg.c:1020:9:iis2mdc_drdy_on_pin_set	24	static
C:/Users/Professional/Desktop/!!!!!!!/IT/STM32/STM32-Course/SKG_IKS02A1_DataLogTerminal/Drivers/BSP/Components/iis2mdc/iis2mdc_reg.c:1044:9:iis2mdc_drdy_on_pin_get	24	static
C:/Users/Professional/Desktop/!!!!!!!/IT/STM32/STM32-Course/SKG_IKS02A1_DataLogTerminal/Drivers/BSP/Components/iis2mdc/iis2mdc_reg.c:1063:9:iis2mdc_int_on_pin_set	24	static
C:/Users/Professional/Desktop/!!!!!!!/IT/STM32/STM32-Course/SKG_IKS02A1_DataLogTerminal/Drivers/BSP/Components/iis2mdc/iis2mdc_reg.c:1087:9:iis2mdc_int_on_pin_get	24	static
C:/Users/Professional/Desktop/!!!!!!!/IT/STM32/STM32-Course/SKG_IKS02A1_DataLogTerminal/Drivers/BSP/Components/iis2mdc/iis2mdc_reg.c:1106:9:iis2mdc_int_gen_conf_set	24	static
C:/Users/Professional/Desktop/!!!!!!!/IT/STM32/STM32-Course/SKG_IKS02A1_DataLogTerminal/Drivers/BSP/Components/iis2mdc/iis2mdc_reg.c:1124:9:iis2mdc_int_gen_conf_get	24	static
C:/Users/Professional/Desktop/!!!!!!!/IT/STM32/STM32-Course/SKG_IKS02A1_DataLogTerminal/Drivers/BSP/Components/iis2mdc/iis2mdc_reg.c:1142:9:iis2mdc_int_gen_source_get	24	static
C:/Users/Professional/Desktop/!!!!!!!/IT/STM32/STM32-Course/SKG_IKS02A1_DataLogTerminal/Drivers/BSP/Components/iis2mdc/iis2mdc_reg.c:1162:9:iis2mdc_int_gen_treshold_set	24	static
C:/Users/Professional/Desktop/!!!!!!!/IT/STM32/STM32-Course/SKG_IKS02A1_DataLogTerminal/Drivers/BSP/Components/iis2mdc/iis2mdc_reg.c:1184:9:iis2mdc_int_gen_treshold_get	24	static
C:/Users/Professional/Desktop/!!!!!!!/IT/STM32/STM32-Course/SKG_IKS02A1_DataLogTerminal/Drivers/BSP/Components/iis2mdc/iis2mdc_reg.c:1217:9:iis2mdc_i2c_interface_set	24	static
C:/Users/Professional/Desktop/!!!!!!!/IT/STM32/STM32-Course/SKG_IKS02A1_DataLogTerminal/Drivers/BSP/Components/iis2mdc/iis2mdc_reg.c:1242:9:iis2mdc_i2c_interface_get	24	static
