C:/Users/Professional/Desktop/!!!!!!!/IT/STM32/STM32-Course/SKG_IKS02A1_1ST_ML/Drivers/BSP/Components/iis2dlpc/iis2dlpc_reg.c:49:9:iis2dlpc_read_reg	40	static
C:/Users/Professional/Desktop/!!!!!!!/IT/STM32/STM32-Course/SKG_IKS02A1_1ST_ML/Drivers/BSP/Components/iis2dlpc/iis2dlpc_reg.c:70:9:iis2dlpc_write_reg	40	static
C:/Users/Professional/Desktop/!!!!!!!/IT/STM32/STM32-Course/SKG_IKS02A1_1ST_ML/Drivers/BSP/Components/iis2dlpc/iis2dlpc_reg.c:93:9:iis2dlpc_from_fs2_to_mg	16	static
C:/Users/Professional/Desktop/!!!!!!!/IT/STM32/STM32-Course/SKG_IKS02A1_1ST_ML/Drivers/BSP/Components/iis2dlpc/iis2dlpc_reg.c:98:9:iis2dlpc_from_fs4_to_mg	16	static
C:/Users/Professional/Desktop/!!!!!!!/IT/STM32/STM32-Course/SKG_IKS02A1_1ST_ML/Drivers/BSP/Components/iis2dlpc/iis2dlpc_reg.c:103:9:iis2dlpc_from_fs8_to_mg	16	static
C:/Users/Professional/Desktop/!!!!!!!/IT/STM32/STM32-Course/SKG_IKS02A1_1ST_ML/Drivers/BSP/Components/iis2dlpc/iis2dlpc_reg.c:108:9:iis2dlpc_from_fs16_to_mg	16	static
C:/Users/Professional/Desktop/!!!!!!!/IT/STM32/STM32-Course/SKG_IKS02A1_1ST_ML/Drivers/BSP/Components/iis2dlpc/iis2dlpc_reg.c:113:9:iis2dlpc_from_fs2_lp1_to_mg	16	static
C:/Users/Professional/Desktop/!!!!!!!/IT/STM32/STM32-Course/SKG_IKS02A1_1ST_ML/Drivers/BSP/Components/iis2dlpc/iis2dlpc_reg.c:118:9:iis2dlpc_from_fs4_lp1_to_mg	16	static
C:/Users/Professional/Desktop/!!!!!!!/IT/STM32/STM32-Course/SKG_IKS02A1_1ST_ML/Drivers/BSP/Components/iis2dlpc/iis2dlpc_reg.c:123:9:iis2dlpc_from_fs8_lp1_to_mg	16	static
C:/Users/Professional/Desktop/!!!!!!!/IT/STM32/STM32-Course/SKG_IKS02A1_1ST_ML/Drivers/BSP/Components/iis2dlpc/iis2dlpc_reg.c:128:9:iis2dlpc_from_fs16_lp1_to_mg	16	static
C:/Users/Professional/Desktop/!!!!!!!/IT/STM32/STM32-Course/SKG_IKS02A1_1ST_ML/Drivers/BSP/Components/iis2dlpc/iis2dlpc_reg.c:133:9:iis2dlpc_from_lsb_to_celsius	16	static
C:/Users/Professional/Desktop/!!!!!!!/IT/STM32/STM32-Course/SKG_IKS02A1_1ST_ML/Drivers/BSP/Components/iis2dlpc/iis2dlpc_reg.c:160:9:iis2dlpc_power_mode_set	32	static
C:/Users/Professional/Desktop/!!!!!!!/IT/STM32/STM32-Course/SKG_IKS02A1_1ST_ML/Drivers/BSP/Components/iis2dlpc/iis2dlpc_reg.c:204:9:iis2dlpc_power_mode_get	32	static
C:/Users/Professional/Desktop/!!!!!!!/IT/STM32/STM32-Course/SKG_IKS02A1_1ST_ML/Drivers/BSP/Components/iis2dlpc/iis2dlpc_reg.c:309:9:iis2dlpc_data_rate_set	32	static
C:/Users/Professional/Desktop/!!!!!!!/IT/STM32/STM32-Course/SKG_IKS02A1_1ST_ML/Drivers/BSP/Components/iis2dlpc/iis2dlpc_reg.c:350:9:iis2dlpc_data_rate_get	32	static
C:/Users/Professional/Desktop/!!!!!!!/IT/STM32/STM32-Course/SKG_IKS02A1_1ST_ML/Drivers/BSP/Components/iis2dlpc/iis2dlpc_reg.c:429:9:iis2dlpc_block_data_update_set	24	static
C:/Users/Professional/Desktop/!!!!!!!/IT/STM32/STM32-Course/SKG_IKS02A1_1ST_ML/Drivers/BSP/Components/iis2dlpc/iis2dlpc_reg.c:453:9:iis2dlpc_block_data_update_get	24	static
C:/Users/Professional/Desktop/!!!!!!!/IT/STM32/STM32-Course/SKG_IKS02A1_1ST_ML/Drivers/BSP/Components/iis2dlpc/iis2dlpc_reg.c:473:9:iis2dlpc_full_scale_set	24	static
C:/Users/Professional/Desktop/!!!!!!!/IT/STM32/STM32-Course/SKG_IKS02A1_1ST_ML/Drivers/BSP/Components/iis2dlpc/iis2dlpc_reg.c:497:9:iis2dlpc_full_scale_get	24	static
C:/Users/Professional/Desktop/!!!!!!!/IT/STM32/STM32-Course/SKG_IKS02A1_1ST_ML/Drivers/BSP/Components/iis2dlpc/iis2dlpc_reg.c:538:9:iis2dlpc_status_reg_get	24	static
C:/Users/Professional/Desktop/!!!!!!!/IT/STM32/STM32-Course/SKG_IKS02A1_1ST_ML/Drivers/BSP/Components/iis2dlpc/iis2dlpc_reg.c:556:9:iis2dlpc_flag_data_ready_get	24	static
C:/Users/Professional/Desktop/!!!!!!!/IT/STM32/STM32-Course/SKG_IKS02A1_1ST_ML/Drivers/BSP/Components/iis2dlpc/iis2dlpc_reg.c:575:9:iis2dlpc_all_sources_get	24	static
C:/Users/Professional/Desktop/!!!!!!!/IT/STM32/STM32-Course/SKG_IKS02A1_1ST_ML/Drivers/BSP/Components/iis2dlpc/iis2dlpc_reg.c:595:9:iis2dlpc_usr_offset_x_set	24	static
C:/Users/Professional/Desktop/!!!!!!!/IT/STM32/STM32-Course/SKG_IKS02A1_1ST_ML/Drivers/BSP/Components/iis2dlpc/iis2dlpc_reg.c:614:9:iis2dlpc_usr_offset_x_get	24	static
C:/Users/Professional/Desktop/!!!!!!!/IT/STM32/STM32-Course/SKG_IKS02A1_1ST_ML/Drivers/BSP/Components/iis2dlpc/iis2dlpc_reg.c:633:9:iis2dlpc_usr_offset_y_set	24	static
C:/Users/Professional/Desktop/!!!!!!!/IT/STM32/STM32-Course/SKG_IKS02A1_1ST_ML/Drivers/BSP/Components/iis2dlpc/iis2dlpc_reg.c:652:9:iis2dlpc_usr_offset_y_get	24	static
C:/Users/Professional/Desktop/!!!!!!!/IT/STM32/STM32-Course/SKG_IKS02A1_1ST_ML/Drivers/BSP/Components/iis2dlpc/iis2dlpc_reg.c:671:9:iis2dlpc_usr_offset_z_set	24	static
C:/Users/Professional/Desktop/!!!!!!!/IT/STM32/STM32-Course/SKG_IKS02A1_1ST_ML/Drivers/BSP/Components/iis2dlpc/iis2dlpc_reg.c:690:9:iis2dlpc_usr_offset_z_get	24	static
C:/Users/Professional/Desktop/!!!!!!!/IT/STM32/STM32-Course/SKG_IKS02A1_1ST_ML/Drivers/BSP/Components/iis2dlpc/iis2dlpc_reg.c:709:9:iis2dlpc_offset_weight_set	24	static
C:/Users/Professional/Desktop/!!!!!!!/IT/STM32/STM32-Course/SKG_IKS02A1_1ST_ML/Drivers/BSP/Components/iis2dlpc/iis2dlpc_reg.c:735:9:iis2dlpc_offset_weight_get	24	static
C:/Users/Professional/Desktop/!!!!!!!/IT/STM32/STM32-Course/SKG_IKS02A1_1ST_ML/Drivers/BSP/Components/iis2dlpc/iis2dlpc_reg.c:782:9:iis2dlpc_temperature_raw_get	24	static
C:/Users/Professional/Desktop/!!!!!!!/IT/STM32/STM32-Course/SKG_IKS02A1_1ST_ML/Drivers/BSP/Components/iis2dlpc/iis2dlpc_reg.c:803:9:iis2dlpc_acceleration_raw_get	32	static
C:/Users/Professional/Desktop/!!!!!!!/IT/STM32/STM32-Course/SKG_IKS02A1_1ST_ML/Drivers/BSP/Components/iis2dlpc/iis2dlpc_reg.c:839:9:iis2dlpc_device_id_get	24	static
C:/Users/Professional/Desktop/!!!!!!!/IT/STM32/STM32-Course/SKG_IKS02A1_1ST_ML/Drivers/BSP/Components/iis2dlpc/iis2dlpc_reg.c:857:9:iis2dlpc_auto_increment_set	24	static
C:/Users/Professional/Desktop/!!!!!!!/IT/STM32/STM32-Course/SKG_IKS02A1_1ST_ML/Drivers/BSP/Components/iis2dlpc/iis2dlpc_reg.c:882:9:iis2dlpc_auto_increment_get	24	static
C:/Users/Professional/Desktop/!!!!!!!/IT/STM32/STM32-Course/SKG_IKS02A1_1ST_ML/Drivers/BSP/Components/iis2dlpc/iis2dlpc_reg.c:901:9:iis2dlpc_reset_set	24	static
C:/Users/Professional/Desktop/!!!!!!!/IT/STM32/STM32-Course/SKG_IKS02A1_1ST_ML/Drivers/BSP/Components/iis2dlpc/iis2dlpc_reg.c:925:9:iis2dlpc_reset_get	24	static
C:/Users/Professional/Desktop/!!!!!!!/IT/STM32/STM32-Course/SKG_IKS02A1_1ST_ML/Drivers/BSP/Components/iis2dlpc/iis2dlpc_reg.c:944:9:iis2dlpc_boot_set	24	static
C:/Users/Professional/Desktop/!!!!!!!/IT/STM32/STM32-Course/SKG_IKS02A1_1ST_ML/Drivers/BSP/Components/iis2dlpc/iis2dlpc_reg.c:968:9:iis2dlpc_boot_get	24	static
C:/Users/Professional/Desktop/!!!!!!!/IT/STM32/STM32-Course/SKG_IKS02A1_1ST_ML/Drivers/BSP/Components/iis2dlpc/iis2dlpc_reg.c:987:9:iis2dlpc_self_test_set	24	static
C:/Users/Professional/Desktop/!!!!!!!/IT/STM32/STM32-Course/SKG_IKS02A1_1ST_ML/Drivers/BSP/Components/iis2dlpc/iis2dlpc_reg.c:1011:9:iis2dlpc_self_test_get	24	static
C:/Users/Professional/Desktop/!!!!!!!/IT/STM32/STM32-Course/SKG_IKS02A1_1ST_ML/Drivers/BSP/Components/iis2dlpc/iis2dlpc_reg.c:1048:9:iis2dlpc_data_ready_mode_set	24	static
C:/Users/Professional/Desktop/!!!!!!!/IT/STM32/STM32-Course/SKG_IKS02A1_1ST_ML/Drivers/BSP/Components/iis2dlpc/iis2dlpc_reg.c:1073:9:iis2dlpc_data_ready_mode_get	24	static
C:/Users/Professional/Desktop/!!!!!!!/IT/STM32/STM32-Course/SKG_IKS02A1_1ST_ML/Drivers/BSP/Components/iis2dlpc/iis2dlpc_reg.c:1120:9:iis2dlpc_filter_path_set	32	static
C:/Users/Professional/Desktop/!!!!!!!/IT/STM32/STM32-Course/SKG_IKS02A1_1ST_ML/Drivers/BSP/Components/iis2dlpc/iis2dlpc_reg.c:1162:9:iis2dlpc_filter_path_get	32	static
C:/Users/Professional/Desktop/!!!!!!!/IT/STM32/STM32-Course/SKG_IKS02A1_1ST_ML/Drivers/BSP/Components/iis2dlpc/iis2dlpc_reg.c:1207:9:iis2dlpc_filter_bandwidth_set	24	static
C:/Users/Professional/Desktop/!!!!!!!/IT/STM32/STM32-Course/SKG_IKS02A1_1ST_ML/Drivers/BSP/Components/iis2dlpc/iis2dlpc_reg.c:1233:9:iis2dlpc_filter_bandwidth_get	24	static
C:/Users/Professional/Desktop/!!!!!!!/IT/STM32/STM32-Course/SKG_IKS02A1_1ST_ML/Drivers/BSP/Components/iis2dlpc/iis2dlpc_reg.c:1275:9:iis2dlpc_reference_mode_set	24	static
C:/Users/Professional/Desktop/!!!!!!!/IT/STM32/STM32-Course/SKG_IKS02A1_1ST_ML/Drivers/BSP/Components/iis2dlpc/iis2dlpc_reg.c:1299:9:iis2dlpc_reference_mode_get	24	static
C:/Users/Professional/Desktop/!!!!!!!/IT/STM32/STM32-Course/SKG_IKS02A1_1ST_ML/Drivers/BSP/Components/iis2dlpc/iis2dlpc_reg.c:1331:9:iis2dlpc_spi_mode_set	24	static
C:/Users/Professional/Desktop/!!!!!!!/IT/STM32/STM32-Course/SKG_IKS02A1_1ST_ML/Drivers/BSP/Components/iis2dlpc/iis2dlpc_reg.c:1355:9:iis2dlpc_spi_mode_get	24	static
C:/Users/Professional/Desktop/!!!!!!!/IT/STM32/STM32-Course/SKG_IKS02A1_1ST_ML/Drivers/BSP/Components/iis2dlpc/iis2dlpc_reg.c:1389:9:iis2dlpc_i2c_interface_set	24	static
C:/Users/Professional/Desktop/!!!!!!!/IT/STM32/STM32-Course/SKG_IKS02A1_1ST_ML/Drivers/BSP/Components/iis2dlpc/iis2dlpc_reg.c:1414:9:iis2dlpc_i2c_interface_get	24	static
C:/Users/Professional/Desktop/!!!!!!!/IT/STM32/STM32-Course/SKG_IKS02A1_1ST_ML/Drivers/BSP/Components/iis2dlpc/iis2dlpc_reg.c:1448:9:iis2dlpc_cs_mode_set	24	static
C:/Users/Professional/Desktop/!!!!!!!/IT/STM32/STM32-Course/SKG_IKS02A1_1ST_ML/Drivers/BSP/Components/iis2dlpc/iis2dlpc_reg.c:1473:9:iis2dlpc_cs_mode_get	24	static
C:/Users/Professional/Desktop/!!!!!!!/IT/STM32/STM32-Course/SKG_IKS02A1_1ST_ML/Drivers/BSP/Components/iis2dlpc/iis2dlpc_reg.c:1519:9:iis2dlpc_pin_polarity_set	24	static
C:/Users/Professional/Desktop/!!!!!!!/IT/STM32/STM32-Course/SKG_IKS02A1_1ST_ML/Drivers/BSP/Components/iis2dlpc/iis2dlpc_reg.c:1544:9:iis2dlpc_pin_polarity_get	24	static
C:/Users/Professional/Desktop/!!!!!!!/IT/STM32/STM32-Course/SKG_IKS02A1_1ST_ML/Drivers/BSP/Components/iis2dlpc/iis2dlpc_reg.c:1578:9:iis2dlpc_int_notification_set	24	static
C:/Users/Professional/Desktop/!!!!!!!/IT/STM32/STM32-Course/SKG_IKS02A1_1ST_ML/Drivers/BSP/Components/iis2dlpc/iis2dlpc_reg.c:1603:9:iis2dlpc_int_notification_get	24	static
C:/Users/Professional/Desktop/!!!!!!!/IT/STM32/STM32-Course/SKG_IKS02A1_1ST_ML/Drivers/BSP/Components/iis2dlpc/iis2dlpc_reg.c:1637:9:iis2dlpc_pin_mode_set	24	static
C:/Users/Professional/Desktop/!!!!!!!/IT/STM32/STM32-Course/SKG_IKS02A1_1ST_ML/Drivers/BSP/Components/iis2dlpc/iis2dlpc_reg.c:1661:9:iis2dlpc_pin_mode_get	24	static
C:/Users/Professional/Desktop/!!!!!!!/IT/STM32/STM32-Course/SKG_IKS02A1_1ST_ML/Drivers/BSP/Components/iis2dlpc/iis2dlpc_reg.c:1695:9:iis2dlpc_pin_int1_route_set	32	static
C:/Users/Professional/Desktop/!!!!!!!/IT/STM32/STM32-Course/SKG_IKS02A1_1ST_ML/Drivers/BSP/Components/iis2dlpc/iis2dlpc_reg.c:1753:9:iis2dlpc_pin_int1_route_get	24	static
C:/Users/Professional/Desktop/!!!!!!!/IT/STM32/STM32-Course/SKG_IKS02A1_1ST_ML/Drivers/BSP/Components/iis2dlpc/iis2dlpc_reg.c:1772:9:iis2dlpc_pin_int2_route_set	32	static
C:/Users/Professional/Desktop/!!!!!!!/IT/STM32/STM32-Course/SKG_IKS02A1_1ST_ML/Drivers/BSP/Components/iis2dlpc/iis2dlpc_reg.c:1830:9:iis2dlpc_pin_int2_route_get	24	static
C:/Users/Professional/Desktop/!!!!!!!/IT/STM32/STM32-Course/SKG_IKS02A1_1ST_ML/Drivers/BSP/Components/iis2dlpc/iis2dlpc_reg.c:1848:9:iis2dlpc_all_on_int1_set	24	static
C:/Users/Professional/Desktop/!!!!!!!/IT/STM32/STM32-Course/SKG_IKS02A1_1ST_ML/Drivers/BSP/Components/iis2dlpc/iis2dlpc_reg.c:1872:9:iis2dlpc_all_on_int1_get	24	static
C:/Users/Professional/Desktop/!!!!!!!/IT/STM32/STM32-Course/SKG_IKS02A1_1ST_ML/Drivers/BSP/Components/iis2dlpc/iis2dlpc_reg.c:1904:9:iis2dlpc_wkup_threshold_set	24	static
C:/Users/Professional/Desktop/!!!!!!!/IT/STM32/STM32-Course/SKG_IKS02A1_1ST_ML/Drivers/BSP/Components/iis2dlpc/iis2dlpc_reg.c:1928:9:iis2dlpc_wkup_threshold_get	24	static
C:/Users/Professional/Desktop/!!!!!!!/IT/STM32/STM32-Course/SKG_IKS02A1_1ST_ML/Drivers/BSP/Components/iis2dlpc/iis2dlpc_reg.c:1947:9:iis2dlpc_wkup_dur_set	24	static
C:/Users/Professional/Desktop/!!!!!!!/IT/STM32/STM32-Course/SKG_IKS02A1_1ST_ML/Drivers/BSP/Components/iis2dlpc/iis2dlpc_reg.c:1971:9:iis2dlpc_wkup_dur_get	24	static
C:/Users/Professional/Desktop/!!!!!!!/IT/STM32/STM32-Course/SKG_IKS02A1_1ST_ML/Drivers/BSP/Components/iis2dlpc/iis2dlpc_reg.c:1990:9:iis2dlpc_wkup_feed_data_set	24	static
C:/Users/Professional/Desktop/!!!!!!!/IT/STM32/STM32-Course/SKG_IKS02A1_1ST_ML/Drivers/BSP/Components/iis2dlpc/iis2dlpc_reg.c:2015:9:iis2dlpc_wkup_feed_data_get	24	static
C:/Users/Professional/Desktop/!!!!!!!/IT/STM32/STM32-Course/SKG_IKS02A1_1ST_ML/Drivers/BSP/Components/iis2dlpc/iis2dlpc_reg.c:2064:9:iis2dlpc_act_mode_set	32	static
C:/Users/Professional/Desktop/!!!!!!!/IT/STM32/STM32-Course/SKG_IKS02A1_1ST_ML/Drivers/BSP/Components/iis2dlpc/iis2dlpc_reg.c:2105:9:iis2dlpc_act_mode_get	32	static
C:/Users/Professional/Desktop/!!!!!!!/IT/STM32/STM32-Course/SKG_IKS02A1_1ST_ML/Drivers/BSP/Components/iis2dlpc/iis2dlpc_reg.c:2151:9:iis2dlpc_act_sleep_dur_set	24	static
C:/Users/Professional/Desktop/!!!!!!!/IT/STM32/STM32-Course/SKG_IKS02A1_1ST_ML/Drivers/BSP/Components/iis2dlpc/iis2dlpc_reg.c:2175:9:iis2dlpc_act_sleep_dur_get	24	static
C:/Users/Professional/Desktop/!!!!!!!/IT/STM32/STM32-Course/SKG_IKS02A1_1ST_ML/Drivers/BSP/Components/iis2dlpc/iis2dlpc_reg.c:2207:9:iis2dlpc_tap_threshold_x_set	24	static
C:/Users/Professional/Desktop/!!!!!!!/IT/STM32/STM32-Course/SKG_IKS02A1_1ST_ML/Drivers/BSP/Components/iis2dlpc/iis2dlpc_reg.c:2231:9:iis2dlpc_tap_threshold_x_get	24	static
C:/Users/Professional/Desktop/!!!!!!!/IT/STM32/STM32-Course/SKG_IKS02A1_1ST_ML/Drivers/BSP/Components/iis2dlpc/iis2dlpc_reg.c:2250:9:iis2dlpc_tap_threshold_y_set	24	static
C:/Users/Professional/Desktop/!!!!!!!/IT/STM32/STM32-Course/SKG_IKS02A1_1ST_ML/Drivers/BSP/Components/iis2dlpc/iis2dlpc_reg.c:2274:9:iis2dlpc_tap_threshold_y_get	24	static
C:/Users/Professional/Desktop/!!!!!!!/IT/STM32/STM32-Course/SKG_IKS02A1_1ST_ML/Drivers/BSP/Components/iis2dlpc/iis2dlpc_reg.c:2293:9:iis2dlpc_tap_axis_priority_set	24	static
C:/Users/Professional/Desktop/!!!!!!!/IT/STM32/STM32-Course/SKG_IKS02A1_1ST_ML/Drivers/BSP/Components/iis2dlpc/iis2dlpc_reg.c:2318:9:iis2dlpc_tap_axis_priority_get	24	static
C:/Users/Professional/Desktop/!!!!!!!/IT/STM32/STM32-Course/SKG_IKS02A1_1ST_ML/Drivers/BSP/Components/iis2dlpc/iis2dlpc_reg.c:2368:9:iis2dlpc_tap_threshold_z_set	24	static
C:/Users/Professional/Desktop/!!!!!!!/IT/STM32/STM32-Course/SKG_IKS02A1_1ST_ML/Drivers/BSP/Components/iis2dlpc/iis2dlpc_reg.c:2392:9:iis2dlpc_tap_threshold_z_get	24	static
C:/Users/Professional/Desktop/!!!!!!!/IT/STM32/STM32-Course/SKG_IKS02A1_1ST_ML/Drivers/BSP/Components/iis2dlpc/iis2dlpc_reg.c:2411:9:iis2dlpc_tap_detection_on_z_set	24	static
C:/Users/Professional/Desktop/!!!!!!!/IT/STM32/STM32-Course/SKG_IKS02A1_1ST_ML/Drivers/BSP/Components/iis2dlpc/iis2dlpc_reg.c:2436:9:iis2dlpc_tap_detection_on_z_get	24	static
C:/Users/Professional/Desktop/!!!!!!!/IT/STM32/STM32-Course/SKG_IKS02A1_1ST_ML/Drivers/BSP/Components/iis2dlpc/iis2dlpc_reg.c:2456:9:iis2dlpc_tap_detection_on_y_set	24	static
C:/Users/Professional/Desktop/!!!!!!!/IT/STM32/STM32-Course/SKG_IKS02A1_1ST_ML/Drivers/BSP/Components/iis2dlpc/iis2dlpc_reg.c:2481:9:iis2dlpc_tap_detection_on_y_get	24	static
C:/Users/Professional/Desktop/!!!!!!!/IT/STM32/STM32-Course/SKG_IKS02A1_1ST_ML/Drivers/BSP/Components/iis2dlpc/iis2dlpc_reg.c:2501:9:iis2dlpc_tap_detection_on_x_set	24	static
C:/Users/Professional/Desktop/!!!!!!!/IT/STM32/STM32-Course/SKG_IKS02A1_1ST_ML/Drivers/BSP/Components/iis2dlpc/iis2dlpc_reg.c:2526:9:iis2dlpc_tap_detection_on_x_get	24	static
C:/Users/Professional/Desktop/!!!!!!!/IT/STM32/STM32-Course/SKG_IKS02A1_1ST_ML/Drivers/BSP/Components/iis2dlpc/iis2dlpc_reg.c:2550:9:iis2dlpc_tap_shock_set	24	static
C:/Users/Professional/Desktop/!!!!!!!/IT/STM32/STM32-Course/SKG_IKS02A1_1ST_ML/Drivers/BSP/Components/iis2dlpc/iis2dlpc_reg.c:2578:9:iis2dlpc_tap_shock_get	24	static
C:/Users/Professional/Desktop/!!!!!!!/IT/STM32/STM32-Course/SKG_IKS02A1_1ST_ML/Drivers/BSP/Components/iis2dlpc/iis2dlpc_reg.c:2601:9:iis2dlpc_tap_quiet_set	24	static
C:/Users/Professional/Desktop/!!!!!!!/IT/STM32/STM32-Course/SKG_IKS02A1_1ST_ML/Drivers/BSP/Components/iis2dlpc/iis2dlpc_reg.c:2629:9:iis2dlpc_tap_quiet_get	24	static
C:/Users/Professional/Desktop/!!!!!!!/IT/STM32/STM32-Course/SKG_IKS02A1_1ST_ML/Drivers/BSP/Components/iis2dlpc/iis2dlpc_reg.c:2653:9:iis2dlpc_tap_dur_set	24	static
C:/Users/Professional/Desktop/!!!!!!!/IT/STM32/STM32-Course/SKG_IKS02A1_1ST_ML/Drivers/BSP/Components/iis2dlpc/iis2dlpc_reg.c:2682:9:iis2dlpc_tap_dur_get	24	static
C:/Users/Professional/Desktop/!!!!!!!/IT/STM32/STM32-Course/SKG_IKS02A1_1ST_ML/Drivers/BSP/Components/iis2dlpc/iis2dlpc_reg.c:2701:9:iis2dlpc_tap_mode_set	24	static
C:/Users/Professional/Desktop/!!!!!!!/IT/STM32/STM32-Course/SKG_IKS02A1_1ST_ML/Drivers/BSP/Components/iis2dlpc/iis2dlpc_reg.c:2726:9:iis2dlpc_tap_mode_get	24	static
C:/Users/Professional/Desktop/!!!!!!!/IT/STM32/STM32-Course/SKG_IKS02A1_1ST_ML/Drivers/BSP/Components/iis2dlpc/iis2dlpc_reg.c:2760:9:iis2dlpc_tap_src_get	24	static
C:/Users/Professional/Desktop/!!!!!!!/IT/STM32/STM32-Course/SKG_IKS02A1_1ST_ML/Drivers/BSP/Components/iis2dlpc/iis2dlpc_reg.c:2791:9:iis2dlpc_6d_threshold_set	24	static
C:/Users/Professional/Desktop/!!!!!!!/IT/STM32/STM32-Course/SKG_IKS02A1_1ST_ML/Drivers/BSP/Components/iis2dlpc/iis2dlpc_reg.c:2815:9:iis2dlpc_6d_threshold_get	24	static
C:/Users/Professional/Desktop/!!!!!!!/IT/STM32/STM32-Course/SKG_IKS02A1_1ST_ML/Drivers/BSP/Components/iis2dlpc/iis2dlpc_reg.c:2834:9:iis2dlpc_4d_mode_set	24	static
C:/Users/Professional/Desktop/!!!!!!!/IT/STM32/STM32-Course/SKG_IKS02A1_1ST_ML/Drivers/BSP/Components/iis2dlpc/iis2dlpc_reg.c:2858:9:iis2dlpc_4d_mode_get	24	static
C:/Users/Professional/Desktop/!!!!!!!/IT/STM32/STM32-Course/SKG_IKS02A1_1ST_ML/Drivers/BSP/Components/iis2dlpc/iis2dlpc_reg.c:2877:9:iis2dlpc_6d_src_get	24	static
C:/Users/Professional/Desktop/!!!!!!!/IT/STM32/STM32-Course/SKG_IKS02A1_1ST_ML/Drivers/BSP/Components/iis2dlpc/iis2dlpc_reg.c:2894:9:iis2dlpc_6d_feed_data_set	24	static
C:/Users/Professional/Desktop/!!!!!!!/IT/STM32/STM32-Course/SKG_IKS02A1_1ST_ML/Drivers/BSP/Components/iis2dlpc/iis2dlpc_reg.c:2919:9:iis2dlpc_6d_feed_data_get	24	static
C:/Users/Professional/Desktop/!!!!!!!/IT/STM32/STM32-Course/SKG_IKS02A1_1ST_ML/Drivers/BSP/Components/iis2dlpc/iis2dlpc_reg.c:2967:9:iis2dlpc_ff_dur_set	32	static
C:/Users/Professional/Desktop/!!!!!!!/IT/STM32/STM32-Course/SKG_IKS02A1_1ST_ML/Drivers/BSP/Components/iis2dlpc/iis2dlpc_reg.c:3008:9:iis2dlpc_ff_dur_get	32	static
C:/Users/Professional/Desktop/!!!!!!!/IT/STM32/STM32-Course/SKG_IKS02A1_1ST_ML/Drivers/BSP/Components/iis2dlpc/iis2dlpc_reg.c:3035:9:iis2dlpc_ff_threshold_set	24	static
C:/Users/Professional/Desktop/!!!!!!!/IT/STM32/STM32-Course/SKG_IKS02A1_1ST_ML/Drivers/BSP/Components/iis2dlpc/iis2dlpc_reg.c:3060:9:iis2dlpc_ff_threshold_get	24	static
C:/Users/Professional/Desktop/!!!!!!!/IT/STM32/STM32-Course/SKG_IKS02A1_1ST_ML/Drivers/BSP/Components/iis2dlpc/iis2dlpc_reg.c:3130:9:iis2dlpc_fifo_watermark_set	24	static
C:/Users/Professional/Desktop/!!!!!!!/IT/STM32/STM32-Course/SKG_IKS02A1_1ST_ML/Drivers/BSP/Components/iis2dlpc/iis2dlpc_reg.c:3154:9:iis2dlpc_fifo_watermark_get	24	static
C:/Users/Professional/Desktop/!!!!!!!/IT/STM32/STM32-Course/SKG_IKS02A1_1ST_ML/Drivers/BSP/Components/iis2dlpc/iis2dlpc_reg.c:3173:9:iis2dlpc_fifo_mode_set	24	static
C:/Users/Professional/Desktop/!!!!!!!/IT/STM32/STM32-Course/SKG_IKS02A1_1ST_ML/Drivers/BSP/Components/iis2dlpc/iis2dlpc_reg.c:3198:9:iis2dlpc_fifo_mode_get	24	static
C:/Users/Professional/Desktop/!!!!!!!/IT/STM32/STM32-Course/SKG_IKS02A1_1ST_ML/Drivers/BSP/Components/iis2dlpc/iis2dlpc_reg.c:3244:9:iis2dlpc_fifo_data_level_get	24	static
C:/Users/Professional/Desktop/!!!!!!!/IT/STM32/STM32-Course/SKG_IKS02A1_1ST_ML/Drivers/BSP/Components/iis2dlpc/iis2dlpc_reg.c:3262:9:iis2dlpc_fifo_ovr_flag_get	24	static
C:/Users/Professional/Desktop/!!!!!!!/IT/STM32/STM32-Course/SKG_IKS02A1_1ST_ML/Drivers/BSP/Components/iis2dlpc/iis2dlpc_reg.c:3280:9:iis2dlpc_fifo_wtm_flag_get	24	static
