C:/Users/Professional/Desktop/!!!!!!!/IT/STM32/STM32-Course/SKG_IKS02A1_1ST_ML/Drivers/BSP/Components/iis2mdc/iis2mdc.c:83:9:IIS2MDC_RegisterBusIO	24	static
C:/Users/Professional/Desktop/!!!!!!!/IT/STM32/STM32-Course/SKG_IKS02A1_1ST_ML/Drivers/BSP/Components/iis2mdc/iis2mdc.c:138:9:IIS2MDC_Init	16	static
C:/Users/Professional/Desktop/!!!!!!!/IT/STM32/STM32-Course/SKG_IKS02A1_1ST_ML/Drivers/BSP/Components/iis2mdc/iis2mdc.c:174:9:IIS2MDC_DeInit	16	static
C:/Users/Professional/Desktop/!!!!!!!/IT/STM32/STM32-Course/SKG_IKS02A1_1ST_ML/Drivers/BSP/Components/iis2mdc/iis2mdc.c:193:9:IIS2MDC_ReadID	16	static
C:/Users/Professional/Desktop/!!!!!!!/IT/STM32/STM32-Course/SKG_IKS02A1_1ST_ML/Drivers/BSP/Components/iis2mdc/iis2mdc.c:209:9:IIS2MDC_GetCapabilities	16	static
C:/Users/Professional/Desktop/!!!!!!!/IT/STM32/STM32-Course/SKG_IKS02A1_1ST_ML/Drivers/BSP/Components/iis2mdc/iis2mdc.c:232:9:IIS2MDC_MAG_Enable	16	static
C:/Users/Professional/Desktop/!!!!!!!/IT/STM32/STM32-Course/SKG_IKS02A1_1ST_ML/Drivers/BSP/Components/iis2mdc/iis2mdc.c:256:9:IIS2MDC_MAG_Disable	16	static
C:/Users/Professional/Desktop/!!!!!!!/IT/STM32/STM32-Course/SKG_IKS02A1_1ST_ML/Drivers/BSP/Components/iis2mdc/iis2mdc.c:281:9:IIS2MDC_MAG_GetSensitivity	16	static
C:/Users/Professional/Desktop/!!!!!!!/IT/STM32/STM32-Course/SKG_IKS02A1_1ST_ML/Drivers/BSP/Components/iis2mdc/iis2mdc.c:295:9:IIS2MDC_MAG_GetOutputDataRate	24	static
C:/Users/Professional/Desktop/!!!!!!!/IT/STM32/STM32-Course/SKG_IKS02A1_1ST_ML/Drivers/BSP/Components/iis2mdc/iis2mdc.c:338:9:IIS2MDC_MAG_SetOutputDataRate	24	static
C:/Users/Professional/Desktop/!!!!!!!/IT/STM32/STM32-Course/SKG_IKS02A1_1ST_ML/Drivers/BSP/Components/iis2mdc/iis2mdc.c:362:9:IIS2MDC_MAG_GetFullScale	16	static
C:/Users/Professional/Desktop/!!!!!!!/IT/STM32/STM32-Course/SKG_IKS02A1_1ST_ML/Drivers/BSP/Components/iis2mdc/iis2mdc.c:376:9:IIS2MDC_MAG_SetFullScale	16	static
C:/Users/Professional/Desktop/!!!!!!!/IT/STM32/STM32-Course/SKG_IKS02A1_1ST_ML/Drivers/BSP/Components/iis2mdc/iis2mdc.c:389:9:IIS2MDC_MAG_GetAxesRaw	24	static
C:/Users/Professional/Desktop/!!!!!!!/IT/STM32/STM32-Course/SKG_IKS02A1_1ST_ML/Drivers/BSP/Components/iis2mdc/iis2mdc.c:413:9:IIS2MDC_MAG_GetAxes	32	static
C:/Users/Professional/Desktop/!!!!!!!/IT/STM32/STM32-Course/SKG_IKS02A1_1ST_ML/Drivers/BSP/Components/iis2mdc/iis2mdc.c:442:9:IIS2MDC_Read_Reg	24	static
C:/Users/Professional/Desktop/!!!!!!!/IT/STM32/STM32-Course/SKG_IKS02A1_1ST_ML/Drivers/BSP/Components/iis2mdc/iis2mdc.c:459:9:IIS2MDC_Write_Reg	16	static
C:/Users/Professional/Desktop/!!!!!!!/IT/STM32/STM32-Course/SKG_IKS02A1_1ST_ML/Drivers/BSP/Components/iis2mdc/iis2mdc.c:475:9:IIS2MDC_MAG_Get_DRDY_Status	16	static
C:/Users/Professional/Desktop/!!!!!!!/IT/STM32/STM32-Course/SKG_IKS02A1_1ST_ML/Drivers/BSP/Components/iis2mdc/iis2mdc.c:491:9:IIS2MDC_MAG_Get_Init_Status	16	static
C:/Users/Professional/Desktop/!!!!!!!/IT/STM32/STM32-Course/SKG_IKS02A1_1ST_ML/Drivers/BSP/Components/iis2mdc/iis2mdc.c:519:16:ReadMagRegWrap	40	static
C:/Users/Professional/Desktop/!!!!!!!/IT/STM32/STM32-Course/SKG_IKS02A1_1ST_ML/Drivers/BSP/Components/iis2mdc/iis2mdc.c:543:16:WriteMagRegWrap	40	static
