C:/Users/Professional/Desktop/!!!!!!!/IT/STM32/STM32-Course/SKG_IKS02A1_1ST_ML/Src/app_mems.c:58:6:MX_MEMS_Init	8	static
C:/Users/Professional/Desktop/!!!!!!!/IT/STM32/STM32-Course/SKG_IKS02A1_1ST_ML/Src/app_mems.c:80:6:MX_MEMS_Process	8	static
C:/Users/Professional/Desktop/!!!!!!!/IT/STM32/STM32-Course/SKG_IKS02A1_1ST_ML/Src/app_mems.c:97:6:MX_IKS02A1_DataLogTerminal_Init	48	static
C:/Users/Professional/Desktop/!!!!!!!/IT/STM32/STM32-Course/SKG_IKS02A1_1ST_ML/Src/app_mems.c:147:6:BSP_PB_Callback	16	static
C:/Users/Professional/Desktop/!!!!!!!/IT/STM32/STM32-Course/SKG_IKS02A1_1ST_ML/Src/app_mems.c:156:6:MX_IKS02A1_DataLogTerminal_Process	16	static
C:/Users/Professional/Desktop/!!!!!!!/IT/STM32/STM32-Course/SKG_IKS02A1_1ST_ML/Src/app_mems.c:204:13:floatToInt	32	static
C:/Users/Professional/Desktop/!!!!!!!/IT/STM32/STM32-Course/SKG_IKS02A1_1ST_ML/Src/app_mems.c:226:13:Accelero_Sensor_Handler	64	static
C:/Users/Professional/Desktop/!!!!!!!/IT/STM32/STM32-Course/SKG_IKS02A1_1ST_ML/Src/app_mems.c:291:13:Gyro_Sensor_Handler	56	static
C:/Users/Professional/Desktop/!!!!!!!/IT/STM32/STM32-Course/SKG_IKS02A1_1ST_ML/Src/app_mems.c:355:13:Magneto_Sensor_Handler	56	static
