C:/Users/Professional/Desktop/!!!!!!!/IT/STM32/STM32-Course/SKG_IKS02A1_DataLogTerminal/Src/stm32f4xx_nucleo_bus.c:91:9:BSP_I2C1_Init	16	static
C:/Users/Professional/Desktop/!!!!!!!/IT/STM32/STM32-Course/SKG_IKS02A1_DataLogTerminal/Src/stm32f4xx_nucleo_bus.c:135:9:BSP_I2C1_DeInit	16	static
C:/Users/Professional/Desktop/!!!!!!!/IT/STM32/STM32-Course/SKG_IKS02A1_DataLogTerminal/Src/stm32f4xx_nucleo_bus.c:163:9:BSP_I2C1_IsReady	24	static
C:/Users/Professional/Desktop/!!!!!!!/IT/STM32/STM32-Course/SKG_IKS02A1_DataLogTerminal/Src/stm32f4xx_nucleo_bus.c:184:9:BSP_I2C1_WriteReg	48	static
C:/Users/Professional/Desktop/!!!!!!!/IT/STM32/STM32-Course/SKG_IKS02A1_DataLogTerminal/Src/stm32f4xx_nucleo_bus.c:210:10:BSP_I2C1_ReadReg	48	static
C:/Users/Professional/Desktop/!!!!!!!/IT/STM32/STM32-Course/SKG_IKS02A1_DataLogTerminal/Src/stm32f4xx_nucleo_bus.c:238:9:BSP_I2C1_WriteReg16	48	static
C:/Users/Professional/Desktop/!!!!!!!/IT/STM32/STM32-Course/SKG_IKS02A1_DataLogTerminal/Src/stm32f4xx_nucleo_bus.c:263:10:BSP_I2C1_ReadReg16	48	static
C:/Users/Professional/Desktop/!!!!!!!/IT/STM32/STM32-Course/SKG_IKS02A1_DataLogTerminal/Src/stm32f4xx_nucleo_bus.c:288:9:BSP_I2C1_Send	32	static
C:/Users/Professional/Desktop/!!!!!!!/IT/STM32/STM32-Course/SKG_IKS02A1_DataLogTerminal/Src/stm32f4xx_nucleo_bus.c:313:9:BSP_I2C1_Recv	32	static
C:/Users/Professional/Desktop/!!!!!!!/IT/STM32/STM32-Course/SKG_IKS02A1_DataLogTerminal/Src/stm32f4xx_nucleo_bus.c:388:9:BSP_GetTick	8	static
C:/Users/Professional/Desktop/!!!!!!!/IT/STM32/STM32-Course/SKG_IKS02A1_DataLogTerminal/Src/stm32f4xx_nucleo_bus.c:394:26:MX_I2C1_Init	24	static
C:/Users/Professional/Desktop/!!!!!!!/IT/STM32/STM32-Course/SKG_IKS02A1_DataLogTerminal/Src/stm32f4xx_nucleo_bus.c:415:13:I2C1_MspInit	48	static
C:/Users/Professional/Desktop/!!!!!!!/IT/STM32/STM32-Course/SKG_IKS02A1_DataLogTerminal/Src/stm32f4xx_nucleo_bus.c:448:13:I2C1_MspDeInit	16	static
