Archive member included to satisfy reference by file (symbol)

c:/st/stm32cubeide_1.9.0/stm32cubeide/plugins/com.st.stm32cube.ide.mcu.externaltools.gnu-tools-for-stm32.10.3-2021.10.win32_1.0.0.202111181127/tools/bin/../lib/gcc/arm-none-eabi/10.3.1/../../../../arm-none-eabi/lib/thumb/v7e-m+fp/hard\libc_nano.a(lib_a-errno.o)
                              ./Application/User/syscalls.o (__errno)
c:/st/stm32cubeide_1.9.0/stm32cubeide/plugins/com.st.stm32cube.ide.mcu.externaltools.gnu-tools-for-stm32.10.3-2021.10.win32_1.0.0.202111181127/tools/bin/../lib/gcc/arm-none-eabi/10.3.1/../../../../arm-none-eabi/lib/thumb/v7e-m+fp/hard\libc_nano.a(lib_a-exit.o)
                              c:/st/stm32cubeide_1.9.0/stm32cubeide/plugins/com.st.stm32cube.ide.mcu.externaltools.gnu-tools-for-stm32.10.3-2021.10.win32_1.0.0.202111181127/tools/bin/../lib/gcc/arm-none-eabi/10.3.1/../../../../arm-none-eabi/lib/thumb/v7e-m+fp/hard/crt0.o (exit)
c:/st/stm32cubeide_1.9.0/stm32cubeide/plugins/com.st.stm32cube.ide.mcu.externaltools.gnu-tools-for-stm32.10.3-2021.10.win32_1.0.0.202111181127/tools/bin/../lib/gcc/arm-none-eabi/10.3.1/../../../../arm-none-eabi/lib/thumb/v7e-m+fp/hard\libc_nano.a(lib_a-impure.o)
                              c:/st/stm32cubeide_1.9.0/stm32cubeide/plugins/com.st.stm32cube.ide.mcu.externaltools.gnu-tools-for-stm32.10.3-2021.10.win32_1.0.0.202111181127/tools/bin/../lib/gcc/arm-none-eabi/10.3.1/../../../../arm-none-eabi/lib/thumb/v7e-m+fp/hard\libc_nano.a(lib_a-exit.o) (_global_impure_ptr)
c:/st/stm32cubeide_1.9.0/stm32cubeide/plugins/com.st.stm32cube.ide.mcu.externaltools.gnu-tools-for-stm32.10.3-2021.10.win32_1.0.0.202111181127/tools/bin/../lib/gcc/arm-none-eabi/10.3.1/../../../../arm-none-eabi/lib/thumb/v7e-m+fp/hard\libc_nano.a(lib_a-init.o)
                              c:/st/stm32cubeide_1.9.0/stm32cubeide/plugins/com.st.stm32cube.ide.mcu.externaltools.gnu-tools-for-stm32.10.3-2021.10.win32_1.0.0.202111181127/tools/bin/../lib/gcc/arm-none-eabi/10.3.1/../../../../arm-none-eabi/lib/thumb/v7e-m+fp/hard/crt0.o (__libc_init_array)
c:/st/stm32cubeide_1.9.0/stm32cubeide/plugins/com.st.stm32cube.ide.mcu.externaltools.gnu-tools-for-stm32.10.3-2021.10.win32_1.0.0.202111181127/tools/bin/../lib/gcc/arm-none-eabi/10.3.1/../../../../arm-none-eabi/lib/thumb/v7e-m+fp/hard\libc_nano.a(lib_a-memset.o)
                              c:/st/stm32cubeide_1.9.0/stm32cubeide/plugins/com.st.stm32cube.ide.mcu.externaltools.gnu-tools-for-stm32.10.3-2021.10.win32_1.0.0.202111181127/tools/bin/../lib/gcc/arm-none-eabi/10.3.1/../../../../arm-none-eabi/lib/thumb/v7e-m+fp/hard/crt0.o (memset)
c:/st/stm32cubeide_1.9.0/stm32cubeide/plugins/com.st.stm32cube.ide.mcu.externaltools.gnu-tools-for-stm32.10.3-2021.10.win32_1.0.0.202111181127/tools/bin/../lib/gcc/arm-none-eabi/10.3.1/../../../../arm-none-eabi/lib/thumb/v7e-m+fp/hard\libc_nano.a(lib_a-printf.o)
                              ./Application/User/app_mems.o (printf)
c:/st/stm32cubeide_1.9.0/stm32cubeide/plugins/com.st.stm32cube.ide.mcu.externaltools.gnu-tools-for-stm32.10.3-2021.10.win32_1.0.0.202111181127/tools/bin/../lib/gcc/arm-none-eabi/10.3.1/../../../../arm-none-eabi/lib/thumb/v7e-m+fp/hard\libc_nano.a(lib_a-snprintf.o)
                              ./Application/User/app_mems.o (snprintf)
c:/st/stm32cubeide_1.9.0/stm32cubeide/plugins/com.st.stm32cube.ide.mcu.externaltools.gnu-tools-for-stm32.10.3-2021.10.win32_1.0.0.202111181127/tools/bin/../lib/gcc/arm-none-eabi/10.3.1/../../../../arm-none-eabi/lib/thumb/v7e-m+fp/hard\libc_nano.a(lib_a-findfp.o)
                              c:/st/stm32cubeide_1.9.0/stm32cubeide/plugins/com.st.stm32cube.ide.mcu.externaltools.gnu-tools-for-stm32.10.3-2021.10.win32_1.0.0.202111181127/tools/bin/../lib/gcc/arm-none-eabi/10.3.1/../../../../arm-none-eabi/lib/thumb/v7e-m+fp/hard\libc_nano.a(lib_a-printf.o) (__sinit)
c:/st/stm32cubeide_1.9.0/stm32cubeide/plugins/com.st.stm32cube.ide.mcu.externaltools.gnu-tools-for-stm32.10.3-2021.10.win32_1.0.0.202111181127/tools/bin/../lib/gcc/arm-none-eabi/10.3.1/../../../../arm-none-eabi/lib/thumb/v7e-m+fp/hard\libc_nano.a(lib_a-fwalk.o)
                              c:/st/stm32cubeide_1.9.0/stm32cubeide/plugins/com.st.stm32cube.ide.mcu.externaltools.gnu-tools-for-stm32.10.3-2021.10.win32_1.0.0.202111181127/tools/bin/../lib/gcc/arm-none-eabi/10.3.1/../../../../arm-none-eabi/lib/thumb/v7e-m+fp/hard\libc_nano.a(lib_a-findfp.o) (_fwalk)
c:/st/stm32cubeide_1.9.0/stm32cubeide/plugins/com.st.stm32cube.ide.mcu.externaltools.gnu-tools-for-stm32.10.3-2021.10.win32_1.0.0.202111181127/tools/bin/../lib/gcc/arm-none-eabi/10.3.1/../../../../arm-none-eabi/lib/thumb/v7e-m+fp/hard\libc_nano.a(lib_a-lock.o)
                              c:/st/stm32cubeide_1.9.0/stm32cubeide/plugins/com.st.stm32cube.ide.mcu.externaltools.gnu-tools-for-stm32.10.3-2021.10.win32_1.0.0.202111181127/tools/bin/../lib/gcc/arm-none-eabi/10.3.1/../../../../arm-none-eabi/lib/thumb/v7e-m+fp/hard\libc_nano.a(lib_a-findfp.o) (__retarget_lock_init_recursive)
[...]
Memory Configuration

Name             Origin             Length             Attributes
RAM              0x0000000020000000 0x0000000000020000 xrw
FLASH            0x0000000008000000 0x0000000000080000 xr
*default*        0x0000000000000000 0xffffffffffffffff

Linker script and memory map

LOAD c:/st/stm32cubeide_1.9.0/stm32cubeide/plugins/com.st.stm32cube.ide.mcu.externaltools.gnu-tools-for-stm32.10.3-2021.10.win32_1.0.0.202111181127/tools/bin/../lib/gcc/arm-none-eabi/10.3.1/thumb/v7e-m+fp/hard/crti.o
LOAD c:/st/stm32cubeide_1.9.0/stm32cubeide/plugins/com.st.stm32cube.ide.mcu.externaltools.gnu-tools-for-stm32.10.3-2021.10.win32_1.0.0.202111181127/tools/bin/../lib/gcc/arm-none-eabi/10.3.1/thumb/v7e-m+fp/hard/crtbegin.o
LOAD c:/st/stm32cubeide_1.9.0/stm32cubeide/plugins/com.st.stm32cube.ide.mcu.externaltools.gnu-tools-for-stm32.10.3-2021.10.win32_1.0.0.202111181127/tools/bin/../lib/gcc/arm-none-eabi/10.3.1/../../../../arm-none-eabi/lib/thumb/v7e-m+fp/hard/crt0.o
LOAD ./Application/Startup/startup_stm32f411retx.o
LOAD ./Application/User/app_mems.o
LOAD ./Application/User/bsp.o
LOAD ./Application/User/gpio.o
LOAD ./Application/User/main.o
LOAD ./Application/User/stm32f4xx_hal_msp.o
LOAD ./Application/User/stm32f4xx_it.o
LOAD ./Application/User/stm32f4xx_nucleo_bus.o
LOAD ./Application/User/syscalls.o
LOAD ./Application/User/sysmem.o
LOAD ./Drivers/BSP/Components/iis2dlpc.o
LOAD ./Drivers/BSP/Components/iis2dlpc_reg.o
LOAD ./Drivers/BSP/Components/iis2mdc.o
LOAD ./Drivers/BSP/Components/iis2mdc_reg.o
LOAD ./Drivers/BSP/Components/ism330dhcx.o
LOAD ./Drivers/BSP/Components/ism330dhcx_reg.o
LOAD ./Drivers/BSP/IKS02A1/iks02a1_motion_sensors.o
LOAD ./Drivers/BSP/IKS02A1/iks02a1_motion_sensors_ex.o
LOAD ./Drivers/BSP/STM32F4xx_Nucleo/stm32f4xx_nucleo.o
LOAD ./Drivers/CMSIS/system_stm32f4xx.o
LOAD ./Drivers/STM32F4xx_HAL_Driver/stm32f4xx_hal.o
LOAD ./Drivers/STM32F4xx_HAL_Driver/stm32f4xx_hal_cortex.o
LOAD ./Drivers/STM32F4xx_HAL_Driver/stm32f4xx_hal_dma.o
LOAD ./Drivers/STM32F4xx_HAL_Driver/stm32f4xx_hal_dma_ex.o
LOAD ./Drivers/STM32F4xx_HAL_Driver/stm32f4xx_hal_exti.o
LOAD ./Drivers/STM32F4xx_HAL_Driver/stm32f4xx_hal_flash.o
LOAD ./Drivers/STM32F4xx_HAL_Driver/stm32f4xx_hal_flash_ex.o
LOAD ./Drivers/STM32F4xx_HAL_Driver/stm32f4xx_hal_flash_ramfunc.o
LOAD ./Drivers/STM32F4xx_HAL_Driver/stm32f4xx_hal_gpio.o
LOAD ./Drivers/STM32F4xx_HAL_Driver/stm32f4xx_hal_i2c.o
LOAD ./Drivers/STM32F4xx_HAL_Driver/stm32f4xx_hal_i2c_ex.o
LOAD ./Drivers/STM32F4xx_HAL_Driver/stm32f4xx_hal_pwr.o
LOAD ./Drivers/STM32F4xx_HAL_Driver/stm32f4xx_hal_pwr_ex.o
LOAD ./Drivers/STM32F4xx_HAL_Driver/stm32f4xx_hal_rcc.o
LOAD ./Drivers/STM32F4xx_HAL_Driver/stm32f4xx_hal_rcc_ex.o
LOAD ./Drivers/STM32F4xx_HAL_Driver/stm32f4xx_hal_tim.o
LOAD ./Drivers/STM32F4xx_HAL_Driver/stm32f4xx_hal_tim_ex.o
LOAD ./Drivers/STM32F4xx_HAL_Driver/stm32f4xx_hal_uart.o
START GROUP
LOAD c:/st/stm32cubeide_1.9.0/stm32cubeide/plugins/com.st.stm32cube.ide.mcu.externaltools.gnu-tools-for-stm32.10.3-2021.10.win32_1.0.0.202111181127/tools/bin/../lib/gcc/arm-none-eabi/10.3.1/../../../../arm-none-eabi/lib/thumb/v7e-m+fp/hard\libc_nano.a
LOAD c:/st/stm32cubeide_1.9.0/stm32cubeide/plugins/com.st.stm32cube.ide.mcu.externaltools.gnu-tools-for-stm32.10.3-2021.10.win32_1.0.0.202111181127/tools/bin/../lib/gcc/arm-none-eabi/10.3.1/../../../../arm-none-eabi/lib/thumb/v7e-m+fp/hard\libm.a
END GROUP
START GROUP
LOAD c:/st/stm32cubeide_1.9.0/stm32cubeide/plugins/com.st.stm32cube.ide.mcu.externaltools.gnu-tools-for-stm32.10.3-2021.10.win32_1.0.0.202111181127/tools/bin/../lib/gcc/arm-none-eabi/10.3.1/thumb/v7e-m+fp/hard\libgcc.a
LOAD c:/st/stm32cubeide_1.9.0/stm32cubeide/plugins/com.st.stm32cube.ide.mcu.externaltools.gnu-tools-for-stm32.10.3-2021.10.win32_1.0.0.202111181127/tools/bin/../lib/gcc/arm-none-eabi/10.3.1/../../../../arm-none-eabi/lib/thumb/v7e-m+fp/hard\libc_nano.a
END GROUP
START GROUP
LOAD c:/st/stm32cubeide_1.9.0/stm32cubeide/plugins/com.st.stm32cube.ide.mcu.externaltools.gnu-tools-for-stm32.10.3-2021.10.win32_1.0.0.202111181127/tools/bin/../lib/gcc/arm-none-eabi/10.3.1/thumb/v7e-m+fp/hard\libgcc.a
LOAD c:/st/stm32cubeide_1.9.0/stm32cubeide/plugins/com.st.stm32cube.ide.mcu.externaltools.gnu-tools-for-stm32.10.3-2021.10.win32_1.0.0.202111181127/tools/bin/../lib/gcc/arm-none-eabi/10.3.1/../../../../arm-none-eabi/lib/thumb/v7e-m+fp/hard\libc_nano.a
LOAD c:/st/stm32cubeide_1.9.0/stm32cubeide/plugins/com.st.stm32cube.ide.mcu.externaltools.gnu-tools-for-stm32.10.3-2021.10.win32_1.0.0.202111181127/tools/bin/../lib/gcc/arm-none-eabi/10.3.1/../../../../arm-none-eabi/lib/thumb/v7e-m+fp/hard\libnosys.a
END GROUP
START GROUP
LOAD c:/st/stm32cubeide_1.9.0/stm32cubeide/plugins/com.st.stm32cube.ide.mcu.externaltools.gnu-tools-for-stm32.10.3-2021.10.win32_1.0.0.202111181127/tools/bin/../lib/gcc/arm-none-eabi/10.3.1/thumb/v7e-m+fp/hard\libgcc.a
LOAD c:/st/stm32cubeide_1.9.0/stm32cubeide/plugins/com.st.stm32cube.ide.mcu.externaltools.gnu-tools-for-stm32.10.3-2021.10.win32_1.0.0.202111181127/tools/bin/../lib/gcc/arm-none-eabi/10.3.1/../../../../arm-none-eabi/lib/thumb/v7e-m+fp/hard\libc_nano.a
LOAD c:/st/stm32cubeide_1.9.0/stm32cubeide/plugins/com.st.stm32cube.ide.mcu.externaltools.gnu-tools-for-stm32.10.3-2021.10.win32_1.0.0.202111181127/tools/bin/../lib/gcc/arm-none-eabi/10.3.1/../../../../arm-none-eabi/lib/thumb/v7e-m+fp/hard\libnosys.a
END GROUP
LOAD c:/st/stm32cubeide_1.9.0/stm32cubeide/plugins/com.st.stm32cube.ide.mcu.externaltools.gnu-tools-for-stm32.10.3-2021.10.win32_1.0.0.202111181127/tools/bin/../lib/gcc/arm-none-eabi/10.3.1/thumb/v7e-m+fp/hard/crtend.o
LOAD c:/st/stm32cubeide_1.9.0/stm32cubeide/plugins/com.st.stm32cube.ide.mcu.externaltools.gnu-tools-for-stm32.10.3-2021.10.win32_1.0.0.202111181127/tools/bin/../lib/gcc/arm-none-eabi/10.3.1/thumb/v7e-m+fp/hard/crtn.o
                0x0000000020020000                _estack = (ORIGIN (RAM) + LENGTH (RAM))
                0x0000000000000200                _Min_Heap_Size = 0x200
                0x0000000000000400                _Min_Stack_Size = 0x400

.isr_vector     0x0000000008000000      0x198
                0x0000000008000000                . = ALIGN (0x4)
 *(.isr_vector)
 .isr_vector    0x0000000008000000      0x198 ./Application/Startup/startup_stm32f411retx.o
                0x0000000008000000                g_pfnVectors
                0x0000000008000198                . = ALIGN (0x4)

.text           0x00000000080001a0     0xb114
                0x00000000080001a0                . = ALIGN (0x4)
 *(.text)
 .text          0x00000000080001a0       0x40 c:/st/stm32cubeide_1.9.0/stm32cubeide/plugins/com.st.stm32cube.ide.mcu.externaltools.gnu-tools-for-stm32.10.3-2021.10.win32_1.0.0.202111181127/tools/bin/../lib/gcc/arm-none-eabi/10.3.1/thumb/v7e-m+fp/hard/crtbegin.o
 .text          0x00000000080001e0       0xa0 c:/st/stm32cubeide_1.9.0/stm32cubeide/plugins/com.st.stm32cube.ide.mcu.externaltools.gnu-tools-for-stm32.10.3-2021.10.win32_1.0.0.202111181127/tools/bin/../lib/gcc/arm-none-eabi/10.3.1/../../../../arm-none-eabi/lib/thumb/v7e-m+fp/hard\libc_nano.a(lib_a-memchr.o)
                0x00000000080001e0                memchr
 .text          0x0000000008000280      0x378 c:/st/stm32cubeide_1.9.0/stm32cubeide/plugins/com.st.stm32cube.ide.mcu.externaltools.gnu-tools-for-stm32.10.3-2021.10.win32_1.0.0.202111181127/tools/bin/../lib/gcc/arm-none-eabi/10.3.1/thumb/v7e-m+fp/hard\libgcc.a(_arm_addsubdf3.o)
                0x0000000008000280                __aeabi_drsub
                0x0000000008000288                __aeabi_dsub
                0x0000000008000288                __subdf3
                0x000000000800028c                __aeabi_dadd
                0x000000000800028c                __adddf3
                0x0000000008000504                __floatunsidf
                0x0000000008000504                __aeabi_ui2d
                0x0000000008000524                __floatsidf
                0x0000000008000524                __aeabi_i2d
                0x0000000008000548                __aeabi_f2d
                0x0000000008000548                __extendsfdf2
                0x000000000800058c                __floatundidf
                0x000000000800058c                __aeabi_ul2d
                0x000000000800059c                __floatdidf
                0x000000000800059c                __aeabi_l2d
 .text          0x00000000080005f8      0x424 c:/st/stm32cubeide_1.9.0/stm32cubeide/plugins/com.st.stm32cube.ide.mcu.externaltools.gnu-tools-for-stm32.10.3-2021.10.win32_1.0.0.202111181127/tools/bin/../lib/gcc/arm-none-eabi/10.3.1/thumb/v7e-m+fp/hard\libgcc.a(_arm_muldivdf3.o)
                0x00000000080005f8                __aeabi_dmul
                0x00000000080005f8                __muldf3
                0x000000000800084c                __divdf3
                0x000000000800084c                __aeabi_ddiv
 .text          0x0000000008000a1c      0x110 c:/st/stm32cubeide_1.9.0/stm32cubeide/plugins/com.st.stm32cube.ide.mcu.externaltools.gnu-tools-for-stm32.10.3-2021.10.win32_1.0.0.202111181127/tools/bin/../lib/gcc/arm-none-eabi/10.3.1/thumb/v7e-m+fp/hard\libgcc.a(_arm_cmpdf2.o)
                0x0000000008000a1c                __gtdf2
                0x0000000008000a1c                __gedf2
                0x0000000008000a24                __ltdf2
                0x0000000008000a24                __ledf2
                0x0000000008000a2c                __nedf2
                0x0000000008000a2c                __eqdf2
                0x0000000008000a2c                __cmpdf2
                0x0000000008000aa8                __aeabi_cdrcmple
                0x0000000008000ab8                __aeabi_cdcmpeq
                0x0000000008000ab8                __aeabi_cdcmple
                0x0000000008000ac8                __aeabi_dcmpeq
                0x0000000008000adc                __aeabi_dcmplt
                0x0000000008000af0                __aeabi_dcmple
                0x0000000008000b04                __aeabi_dcmpge
                0x0000000008000b18                __aeabi_dcmpgt
 .text          0x0000000008000b2c       0x2c c:/st/stm32cubeide_1.9.0/stm32cubeide/plugins/com.st.stm32cube.ide.mcu.externaltools.gnu-tools-for-stm32.10.3-2021.10.win32_1.0.0.202111181127/tools/bin/../lib/gcc/arm-none-eabi/10.3.1/thumb/v7e-m+fp/hard\libgcc.a(_arm_unorddf2.o)
                0x0000000008000b2c                __unorddf2
                0x0000000008000b2c                __aeabi_dcmpun
 .text          0x0000000008000b58       0x50 c:/st/stm32cubeide_1.9.0/stm32cubeide/plugins/com.st.stm32cube.ide.mcu.externaltools.gnu-tools-for-stm32.10.3-2021.10.win32_1.0.0.202111181127/tools/bin/../lib/gcc/arm-none-eabi/10.3.1/thumb/v7e-m+fp/hard\libgcc.a(_arm_fixdfsi.o)
                0x0000000008000b58                __aeabi_d2iz
                0x0000000008000b58                __fixdfsi
 .text          0x0000000008000ba8       0xa0 c:/st/stm32cubeide_1.9.0/stm32cubeide/plugins/com.st.stm32cube.ide.mcu.externaltools.gnu-tools-for-stm32.10.3-2021.10.win32_1.0.0.202111181127/tools/bin/../lib/gcc/arm-none-eabi/10.3.1/thumb/v7e-m+fp/hard\libgcc.a(_arm_truncdfsf2.o)
                0x0000000008000ba8                __truncdfsf2
                0x0000000008000ba8                __aeabi_d2f
 .text          0x0000000008000c48       0x30 c:/st/stm32cubeide_1.9.0/stm32cubeide/plugins/com.st.stm32cube.ide.mcu.externaltools.gnu-tools-for-stm32.10.3-2021.10.win32_1.0.0.202111181127/tools/bin/../lib/gcc/arm-none-eabi/10.3.1/thumb/v7e-m+fp/hard\libgcc.a(_aeabi_uldivmod.o)
                0x0000000008000c48                __aeabi_uldivmod
 .text          0x0000000008000c78      0x2d0 c:/st/stm32cubeide_1.9.0/stm32cubeide/plugins/com.st.stm32cube.ide.mcu.externaltools.gnu-tools-for-stm32.10.3-2021.10.win32_1.0.0.202111181127/tools/bin/../lib/gcc/arm-none-eabi/10.3.1/thumb/v7e-m+fp/hard\libgcc.a(_udivmoddi4.o)
                0x0000000008000c78                __udivmoddi4
 .text          0x0000000008000f48        0x4 c:/st/stm32cubeide_1.9.0/stm32cubeide/plugins/com.st.stm32cube.ide.mcu.externaltools.gnu-tools-for-stm32.10.3-2021.10.win32_1.0.0.202111181127/tools/bin/../lib/gcc/arm-none-eabi/10.3.1/thumb/v7e-m+fp/hard\libgcc.a(_dvmd_tls.o)
                0x0000000008000f48                __aeabi_idiv0
                0x0000000008000f48                __aeabi_ldiv0
 *(.text*)
 .text.Reset_Handler
                0x0000000008000f4c       0x50 ./Application/Startup/startup_stm32f411retx.o
                0x0000000008000f4c                Reset_Handler
 .text.Default_Handler
                0x0000000008000f9c        0x2 ./Application/Startup/startup_stm32f411retx.o
                0x0000000008000f9c                RTC_Alarm_IRQHandler
                0x0000000008000f9c                EXTI2_IRQHandler
                0x0000000008000f9c                SPI4_IRQHandler
                0x0000000008000f9c                TIM1_CC_IRQHandler
                0x0000000008000f9c                DMA2_Stream5_IRQHandler
                0x0000000008000f9c                DMA1_Stream5_IRQHandler
                0x0000000008000f9c                PVD_IRQHandler
                0x0000000008000f9c                SDIO_IRQHandler
                0x0000000008000f9c                TAMP_STAMP_IRQHandler
                0x0000000008000f9c                EXTI3_IRQHandler
                0x0000000008000f9c                TIM1_UP_TIM10_IRQHandler
                0x0000000008000f9c                I2C3_ER_IRQHandler
                0x0000000008000f9c                EXTI0_IRQHandler
                0x0000000008000f9c                I2C2_EV_IRQHandler
                0x0000000008000f9c                DMA1_Stream2_IRQHandler
                0x0000000008000f9c                FPU_IRQHandler
                0x0000000008000f9c                DMA2_Stream2_IRQHandler
                0x0000000008000f9c                SPI1_IRQHandler
                0x0000000008000f9c                TIM1_BRK_TIM9_IRQHandler
                0x0000000008000f9c                DMA2_Stream3_IRQHandler
                0x0000000008000f9c                USART6_IRQHandler
                0x0000000008000f9c                DMA2_Stream0_IRQHandler
                0x0000000008000f9c                TIM4_IRQHandler
                0x0000000008000f9c                I2C1_EV_IRQHandler
                0x0000000008000f9c                DMA1_Stream6_IRQHandler
                0x0000000008000f9c                DMA1_Stream1_IRQHandler
                0x0000000008000f9c                TIM3_IRQHandler
                0x0000000008000f9c                RCC_IRQHandler
                0x0000000008000f9c                Default_Handler
                0x0000000008000f9c                ADC_IRQHandler
                0x0000000008000f9c                DMA1_Stream7_IRQHandler
                0x0000000008000f9c                SPI5_IRQHandler
                0x0000000008000f9c                TIM5_IRQHandler
                0x0000000008000f9c                DMA2_Stream7_IRQHandler
                0x0000000008000f9c                I2C3_EV_IRQHandler
                0x0000000008000f9c                EXTI9_5_IRQHandler
                0x0000000008000f9c                RTC_WKUP_IRQHandler
                0x0000000008000f9c                SPI2_IRQHandler
                0x0000000008000f9c                DMA1_Stream0_IRQHandler
                0x0000000008000f9c                EXTI4_IRQHandler
                0x0000000008000f9c                WWDG_IRQHandler
                0x0000000008000f9c                TIM2_IRQHandler
                0x0000000008000f9c                OTG_FS_WKUP_IRQHandler
                0x0000000008000f9c                TIM1_TRG_COM_TIM11_IRQHandler
                0x0000000008000f9c                EXTI1_IRQHandler
                0x0000000008000f9c                USART2_IRQHandler
                0x0000000008000f9c                I2C2_ER_IRQHandler
                0x0000000008000f9c                DMA2_Stream1_IRQHandler
                0x0000000008000f9c                FLASH_IRQHandler
                0x0000000008000f9c                DMA2_Stream4_IRQHandler
                0x0000000008000f9c                USART1_IRQHandler
                0x0000000008000f9c                OTG_FS_IRQHandler
                0x0000000008000f9c                SPI3_IRQHandler
                0x0000000008000f9c                DMA1_Stream4_IRQHandler
                0x0000000008000f9c                I2C1_ER_IRQHandler
                0x0000000008000f9c                DMA2_Stream6_IRQHandler
                0x0000000008000f9c                DMA1_Stream3_IRQHandler
 .text.MX_MEMS_Init
                0x0000000008000f9e        0xc ./Application/User/app_mems.o
                0x0000000008000f9e                MX_MEMS_Init
 .text.MX_MEMS_Process
                0x0000000008000faa        0xc ./Application/User/app_mems.o
                0x0000000008000faa                MX_MEMS_Process
 *fill*         0x0000000008000fb6        0x2 
 .text.MX_IKS02A1_DataLogTerminal_Init
                0x0000000008000fb8      0x20c ./Application/User/app_mems.o
 .text.BSP_PB_Callback
                0x00000000080011c4       0x20 ./Application/User/app_mems.o
                0x00000000080011c4                BSP_PB_Callback
 .text.MX_IKS02A1_DataLogTerminal_Process
                0x00000000080011e4       0xbc ./Application/User/app_mems.o
 .text.floatToInt
                0x00000000080012a0      0x114 ./Application/User/app_mems.o
 .text.Accelero_Sensor_Handler
                0x00000000080013b4      0x168 ./Application/User/app_mems.o
 .text.Gyro_Sensor_Handler
                0x000000000800151c      0x168 ./Application/User/app_mems.o
 .text.Magneto_Sensor_Handler
                0x0000000008001684      0x168 ./Application/User/app_mems.o
 .text.MX_GPIO_Init
                0x00000000080017ec       0x94 ./Application/User/gpio.o
                0x00000000080017ec                MX_GPIO_Init
 .text.main     0x0000000008001880       0x1a ./Application/User/main.o
                0x0000000008001880                main
 *fill*         0x000000000800189a        0x2 
 .text.SystemClock_Config
                0x000000000800189c       0xd4 ./Application/User/main.o
                0x000000000800189c                SystemClock_Config
 .text.Error_Handler
                0x0000000008001970        0xa ./Application/User/main.o
                0x0000000008001970                Error_Handler
 *fill*         0x000000000800197a        0x2 
 .text.HAL_MspInit
                0x000000000800197c       0x50 ./Application/User/stm32f4xx_hal_msp.o
                0x000000000800197c                HAL_MspInit
 .text.NMI_Handler
                0x00000000080019cc        0x6 ./Application/User/stm32f4xx_it.o
                0x00000000080019cc                NMI_Handler
 .text.HardFault_Handler
                0x00000000080019d2        0x6 ./Application/User/stm32f4xx_it.o
                0x00000000080019d2                HardFault_Handler
 .text.MemManage_Handler
                0x00000000080019d8        0x6 ./Application/User/stm32f4xx_it.o
                0x00000000080019d8                MemManage_Handler
 .text.BusFault_Handler
                0x00000000080019de        0x6 ./Application/User/stm32f4xx_it.o
                0x00000000080019de                BusFault_Handler
 .text.UsageFault_Handler
                0x00000000080019e4        0x6 ./Application/User/stm32f4xx_it.o
                0x00000000080019e4                UsageFault_Handler
 .text.SVC_Handler
                0x00000000080019ea        0xe ./Application/User/stm32f4xx_it.o
                0x00000000080019ea                SVC_Handler
 .text.DebugMon_Handler
                0x00000000080019f8        0xe ./Application/User/stm32f4xx_it.o
                0x00000000080019f8                DebugMon_Handler
 .text.PendSV_Handler
                0x0000000008001a06        0xe ./Application/User/stm32f4xx_it.o
                0x0000000008001a06                PendSV_Handler
 .text.SysTick_Handler
                0x0000000008001a14        0xc ./Application/User/stm32f4xx_it.o
                0x0000000008001a14                SysTick_Handler
 .text.EXTI15_10_IRQHandler
                0x0000000008001a20       0x14 ./Application/User/stm32f4xx_it.o
                0x0000000008001a20                EXTI15_10_IRQHandler
 .text.BSP_I2C1_Init
                0x0000000008001a34       0x64 ./Application/User/stm32f4xx_nucleo_bus.o
                0x0000000008001a34                BSP_I2C1_Init
 .text.BSP_I2C1_DeInit
                0x0000000008001a98       0x50 ./Application/User/stm32f4xx_nucleo_bus.o
                0x0000000008001a98                BSP_I2C1_DeInit
 .text.BSP_I2C1_WriteReg
                0x0000000008001ae8       0x64 ./Application/User/stm32f4xx_nucleo_bus.o
                0x0000000008001ae8                BSP_I2C1_WriteReg
 .text.BSP_I2C1_ReadReg
                0x0000000008001b4c       0x64 ./Application/User/stm32f4xx_nucleo_bus.o
                0x0000000008001b4c                BSP_I2C1_ReadReg
 .text.BSP_GetTick
                0x0000000008001bb0        0xe ./Application/User/stm32f4xx_nucleo_bus.o
                0x0000000008001bb0                BSP_GetTick
 *fill*         0x0000000008001bbe        0x2 
 .text.MX_I2C1_Init
                0x0000000008001bc0       0x68 ./Application/User/stm32f4xx_nucleo_bus.o
                0x0000000008001bc0                MX_I2C1_Init
 .text.I2C1_MspInit
                0x0000000008001c28       0x94 ./Application/User/stm32f4xx_nucleo_bus.o
 .text.I2C1_MspDeInit
                0x0000000008001cbc       0x38 ./Application/User/stm32f4xx_nucleo_bus.o
 .text._read    0x0000000008001cf4       0x3a ./Application/User/syscalls.o
                0x0000000008001cf4                _read
 .text._write   0x0000000008001d2e       0x38 ./Application/User/syscalls.o
                0x0000000008001d2e                _write
 .text._close   0x0000000008001d66       0x18 ./Application/User/syscalls.o
                0x0000000008001d66                _close
 .text._fstat   0x0000000008001d7e       0x20 ./Application/User/syscalls.o
                0x0000000008001d7e                _fstat
 .text._isatty  0x0000000008001d9e       0x16 ./Application/User/syscalls.o
                0x0000000008001d9e                _isatty
 .text._lseek   0x0000000008001db4       0x1a ./Application/User/syscalls.o
                0x0000000008001db4                _lseek
 *fill*         0x0000000008001dce        0x2 
 .text._sbrk    0x0000000008001dd0       0x6c ./Application/User/sysmem.o
                0x0000000008001dd0                _sbrk
 .text.IIS2DLPC_RegisterBusIO
                0x0000000008001e3c       0xcc ./Drivers/BSP/Components/iis2dlpc.o
                0x0000000008001e3c                IIS2DLPC_RegisterBusIO
 .text.IIS2DLPC_Init
                0x0000000008001f08       0xc4 ./Drivers/BSP/Components/iis2dlpc.o
                0x0000000008001f08                IIS2DLPC_Init
 .text.IIS2DLPC_DeInit
                0x0000000008001fcc       0x44 ./Drivers/BSP/Components/iis2dlpc.o
                0x0000000008001fcc                IIS2DLPC_DeInit
 .text.IIS2DLPC_ReadID
                0x0000000008002010       0x2c ./Drivers/BSP/Components/iis2dlpc.o
                0x0000000008002010                IIS2DLPC_ReadID
 .text.IIS2DLPC_GetCapabilities
                0x000000000800203c       0x5c ./Drivers/BSP/Components/iis2dlpc.o
                0x000000000800203c                IIS2DLPC_GetCapabilities
 .text.IIS2DLPC_ACC_Enable
                0x0000000008002098       0x52 ./Drivers/BSP/Components/iis2dlpc.o
                0x0000000008002098                IIS2DLPC_ACC_Enable
 .text.IIS2DLPC_ACC_Disable
                0x00000000080020ea       0x40 ./Drivers/BSP/Components/iis2dlpc.o
                0x00000000080020ea                IIS2DLPC_ACC_Disable
 *fill*         0x000000000800212a        0x2 
 .text.IIS2DLPC_ACC_GetSensitivity
                0x000000000800212c      0x190 ./Drivers/BSP/Components/iis2dlpc.o
                0x000000000800212c                IIS2DLPC_ACC_GetSensitivity
 .text.IIS2DLPC_ACC_GetOutputDataRate
                0x00000000080022bc      0x3c4 ./Drivers/BSP/Components/iis2dlpc.o
                0x00000000080022bc                IIS2DLPC_ACC_GetOutputDataRate
 .text.IIS2DLPC_ACC_SetOutputDataRate
                0x0000000008002680       0x24 ./Drivers/BSP/Components/iis2dlpc.o
                0x0000000008002680                IIS2DLPC_ACC_SetOutputDataRate
 .text.IIS2DLPC_ACC_SetOutputDataRate_With_Mode
                0x00000000080026a4       0x4c ./Drivers/BSP/Components/iis2dlpc.o
                0x00000000080026a4                IIS2DLPC_ACC_SetOutputDataRate_With_Mode
 .text.IIS2DLPC_ACC_GetFullScale
                0x00000000080026f0       0x84 ./Drivers/BSP/Components/iis2dlpc.o
                0x00000000080026f0                IIS2DLPC_ACC_GetFullScale
 .text.IIS2DLPC_ACC_SetFullScale
                0x0000000008002774       0x50 ./Drivers/BSP/Components/iis2dlpc.o
                0x0000000008002774                IIS2DLPC_ACC_SetFullScale
 .text.IIS2DLPC_ACC_GetAxesRaw
                0x00000000080027c4      0x148 ./Drivers/BSP/Components/iis2dlpc.o
                0x00000000080027c4                IIS2DLPC_ACC_GetAxesRaw
 .text.IIS2DLPC_ACC_GetAxes
                0x000000000800290c       0xaa ./Drivers/BSP/Components/iis2dlpc.o
                0x000000000800290c                IIS2DLPC_ACC_GetAxes
 .text.IIS2DLPC_Write_Reg
                0x00000000080029b6       0x36 ./Drivers/BSP/Components/iis2dlpc.o
                0x00000000080029b6                IIS2DLPC_Write_Reg
 .text.IIS2DLPC_ACC_SetOutputDataRate_When_Enabled
                0x00000000080029ec      0x238 ./Drivers/BSP/Components/iis2dlpc.o
 .text.IIS2DLPC_ACC_SetOutputDataRate_When_Disabled
                0x0000000008002c24      0x124 ./Drivers/BSP/Components/iis2dlpc.o
 .text.ReadRegWrap
                0x0000000008002d48       0x36 ./Drivers/BSP/Components/iis2dlpc.o
 .text.WriteRegWrap
                0x0000000008002d7e       0x36 ./Drivers/BSP/Components/iis2dlpc.o
 .text.iis2dlpc_read_reg
                0x0000000008002db4       0x30 ./Drivers/BSP/Components/iis2dlpc_reg.o
                0x0000000008002db4                iis2dlpc_read_reg
 .text.iis2dlpc_write_reg
                0x0000000008002de4       0x30 ./Drivers/BSP/Components/iis2dlpc_reg.o
                0x0000000008002de4                iis2dlpc_write_reg
 .text.iis2dlpc_power_mode_set
                0x0000000008002e14       0x9c ./Drivers/BSP/Components/iis2dlpc_reg.o
                0x0000000008002e14                iis2dlpc_power_mode_set
 .text.iis2dlpc_power_mode_get
                0x0000000008002eb0      0x174 ./Drivers/BSP/Components/iis2dlpc_reg.o
                0x0000000008002eb0                iis2dlpc_power_mode_get
 .text.iis2dlpc_data_rate_set
                0x0000000008003024       0x8a ./Drivers/BSP/Components/iis2dlpc_reg.o
                0x0000000008003024                iis2dlpc_data_rate_set
 *fill*         0x00000000080030ae        0x2 
 .text.iis2dlpc_data_rate_get
                0x00000000080030b0      0x150 ./Drivers/BSP/Components/iis2dlpc_reg.o
                0x00000000080030b0                iis2dlpc_data_rate_get
 .text.iis2dlpc_block_data_update_set
                0x0000000008003200       0x4c ./Drivers/BSP/Components/iis2dlpc_reg.o
                0x0000000008003200                iis2dlpc_block_data_update_set
 .text.iis2dlpc_full_scale_set
                0x000000000800324c       0x4c ./Drivers/BSP/Components/iis2dlpc_reg.o
                0x000000000800324c                iis2dlpc_full_scale_set
 .text.iis2dlpc_full_scale_get
                0x0000000008003298       0x70 ./Drivers/BSP/Components/iis2dlpc_reg.o
                0x0000000008003298                iis2dlpc_full_scale_get
 .text.iis2dlpc_acceleration_raw_get
                0x0000000008003308       0x96 ./Drivers/BSP/Components/iis2dlpc_reg.o
                0x0000000008003308                iis2dlpc_acceleration_raw_get
 .text.iis2dlpc_device_id_get
                0x000000000800339e       0x22 ./Drivers/BSP/Components/iis2dlpc_reg.o
                0x000000000800339e                iis2dlpc_device_id_get
 .text.iis2dlpc_auto_increment_set
                0x00000000080033c0       0x4c ./Drivers/BSP/Components/iis2dlpc_reg.o
                0x00000000080033c0                iis2dlpc_auto_increment_set
 .text.iis2dlpc_fifo_mode_set
                0x000000000800340c       0x4c ./Drivers/BSP/Components/iis2dlpc_reg.o
                0x000000000800340c                iis2dlpc_fifo_mode_set
 .text.IIS2MDC_RegisterBusIO
                0x0000000008003458       0xc8 ./Drivers/BSP/Components/iis2mdc.o
                0x0000000008003458                IIS2MDC_RegisterBusIO
 .text.IIS2MDC_Init
                0x0000000008003520       0x7a ./Drivers/BSP/Components/iis2mdc.o
                0x0000000008003520                IIS2MDC_Init
 .text.IIS2MDC_DeInit
                0x000000000800359a       0x2c ./Drivers/BSP/Components/iis2mdc.o
                0x000000000800359a                IIS2MDC_DeInit
 .text.IIS2MDC_ReadID
                0x00000000080035c6       0x2c ./Drivers/BSP/Components/iis2mdc.o
                0x00000000080035c6                IIS2MDC_ReadID
 *fill*         0x00000000080035f2        0x2 
 .text.IIS2MDC_GetCapabilities
                0x00000000080035f4       0x5c ./Drivers/BSP/Components/iis2mdc.o
                0x00000000080035f4                IIS2MDC_GetCapabilities
 .text.IIS2MDC_MAG_Enable
                0x0000000008003650       0x40 ./Drivers/BSP/Components/iis2mdc.o
                0x0000000008003650                IIS2MDC_MAG_Enable
 .text.IIS2MDC_MAG_Disable
                0x0000000008003690       0x40 ./Drivers/BSP/Components/iis2mdc.o
                0x0000000008003690                IIS2MDC_MAG_Disable
 .text.IIS2MDC_MAG_GetSensitivity
                0x00000000080036d0       0x20 ./Drivers/BSP/Components/iis2mdc.o
                0x00000000080036d0                IIS2MDC_MAG_GetSensitivity
 .text.IIS2MDC_MAG_GetOutputDataRate
                0x00000000080036f0       0x8c ./Drivers/BSP/Components/iis2mdc.o
                0x00000000080036f0                IIS2MDC_MAG_GetOutputDataRate
 .text.IIS2MDC_MAG_SetOutputDataRate
                0x000000000800377c       0x7c ./Drivers/BSP/Components/iis2mdc.o
                0x000000000800377c                IIS2MDC_MAG_SetOutputDataRate
 .text.IIS2MDC_MAG_GetFullScale
                0x00000000080037f8       0x1e ./Drivers/BSP/Components/iis2mdc.o
                0x00000000080037f8                IIS2MDC_MAG_GetFullScale
 .text.IIS2MDC_MAG_SetFullScale
                0x0000000008003816       0x18 ./Drivers/BSP/Components/iis2mdc.o
                0x0000000008003816                IIS2MDC_MAG_SetFullScale
 .text.IIS2MDC_MAG_GetAxesRaw
                0x000000000800382e       0x48 ./Drivers/BSP/Components/iis2mdc.o
                0x000000000800382e                IIS2MDC_MAG_GetAxesRaw
 .text.IIS2MDC_MAG_GetAxes
                0x0000000008003876       0x9c ./Drivers/BSP/Components/iis2mdc.o
                0x0000000008003876                IIS2MDC_MAG_GetAxes
 .text.ReadMagRegWrap
                0x0000000008003912       0x62 ./Drivers/BSP/Components/iis2mdc.o
 .text.WriteMagRegWrap
                0x0000000008003974       0x62 ./Drivers/BSP/Components/iis2mdc.o
 .text.iis2mdc_read_reg
                0x00000000080039d6       0x30 ./Drivers/BSP/Components/iis2mdc_reg.o
                0x00000000080039d6                iis2mdc_read_reg
 .text.iis2mdc_write_reg
                0x0000000008003a06       0x30 ./Drivers/BSP/Components/iis2mdc_reg.o
                0x0000000008003a06                iis2mdc_write_reg
 .text.iis2mdc_operating_mode_set
                0x0000000008003a36       0x4c ./Drivers/BSP/Components/iis2mdc_reg.o
                0x0000000008003a36                iis2mdc_operating_mode_set
 .text.iis2mdc_data_rate_set
                0x0000000008003a82       0x4c ./Drivers/BSP/Components/iis2mdc_reg.o
                0x0000000008003a82                iis2mdc_data_rate_set
 *fill*         0x0000000008003ace        0x2 
 .text.iis2mdc_data_rate_get
                0x0000000008003ad0       0x70 ./Drivers/BSP/Components/iis2mdc_reg.o
                0x0000000008003ad0                iis2mdc_data_rate_get
 .text.iis2mdc_block_data_update_set
                0x0000000008003b40       0x4c ./Drivers/BSP/Components/iis2mdc_reg.o
                0x0000000008003b40                iis2mdc_block_data_update_set
 .text.iis2mdc_magnetic_raw_get
                0x0000000008003b8c       0x96 ./Drivers/BSP/Components/iis2mdc_reg.o
                0x0000000008003b8c                iis2mdc_magnetic_raw_get
 .text.iis2mdc_device_id_get
                0x0000000008003c22       0x22 ./Drivers/BSP/Components/iis2mdc_reg.o
                0x0000000008003c22                iis2mdc_device_id_get
 .text.iis2mdc_self_test_set
                0x0000000008003c44       0x4c ./Drivers/BSP/Components/iis2mdc_reg.o
                0x0000000008003c44                iis2mdc_self_test_set
 .text.iis2mdc_i2c_interface_set
                0x0000000008003c90       0x4c ./Drivers/BSP/Components/iis2mdc_reg.o
                0x0000000008003c90                iis2mdc_i2c_interface_set
 .text.ISM330DHCX_RegisterBusIO
                0x0000000008003cdc       0xcc ./Drivers/BSP/Components/ism330dhcx.o
                0x0000000008003cdc                ISM330DHCX_RegisterBusIO
 .text.ISM330DHCX_Init
                0x0000000008003da8      0x11a ./Drivers/BSP/Components/ism330dhcx.o
                0x0000000008003da8                ISM330DHCX_Init
 .text.ISM330DHCX_DeInit
                0x0000000008003ec2       0x4e ./Drivers/BSP/Components/ism330dhcx.o
                0x0000000008003ec2                ISM330DHCX_DeInit
 .text.ISM330DHCX_ReadID
                0x0000000008003f10       0x2c ./Drivers/BSP/Components/ism330dhcx.o
                0x0000000008003f10                ISM330DHCX_ReadID
 .text.ISM330DHCX_GetCapabilities
                0x0000000008003f3c       0x5c ./Drivers/BSP/Components/ism330dhcx.o
                0x0000000008003f3c                ISM330DHCX_GetCapabilities
 .text.ISM330DHCX_ACC_Enable
                0x0000000008003f98       0x48 ./Drivers/BSP/Components/ism330dhcx.o
                0x0000000008003f98                ISM330DHCX_ACC_Enable
 .text.ISM330DHCX_ACC_Disable
                0x0000000008003fe0       0x5e ./Drivers/BSP/Components/ism330dhcx.o
                0x0000000008003fe0                ISM330DHCX_ACC_Disable
 *fill*         0x000000000800403e        0x2 
 .text.ISM330DHCX_ACC_GetSensitivity
                0x0000000008004040       0x8c ./Drivers/BSP/Components/ism330dhcx.o
                0x0000000008004040                ISM330DHCX_ACC_GetSensitivity
 .text.ISM330DHCX_ACC_GetOutputDataRate
                0x00000000080040cc       0xf8 ./Drivers/BSP/Components/ism330dhcx.o
                0x00000000080040cc                ISM330DHCX_ACC_GetOutputDataRate
 .text.ISM330DHCX_ACC_SetOutputDataRate
                0x00000000080041c4       0x38 ./Drivers/BSP/Components/ism330dhcx.o
                0x00000000080041c4                ISM330DHCX_ACC_SetOutputDataRate
 .text.ISM330DHCX_ACC_GetFullScale
                0x00000000080041fc       0x7c ./Drivers/BSP/Components/ism330dhcx.o
                0x00000000080041fc                ISM330DHCX_ACC_GetFullScale
 .text.ISM330DHCX_ACC_SetFullScale
                0x0000000008004278       0x50 ./Drivers/BSP/Components/ism330dhcx.o
                0x0000000008004278                ISM330DHCX_ACC_SetFullScale
 .text.ISM330DHCX_ACC_GetAxesRaw
                0x00000000080042c8       0x48 ./Drivers/BSP/Components/ism330dhcx.o
                0x00000000080042c8                ISM330DHCX_ACC_GetAxesRaw
 .text.ISM330DHCX_ACC_GetAxes
                0x0000000008004310       0xae ./Drivers/BSP/Components/ism330dhcx.o
                0x0000000008004310                ISM330DHCX_ACC_GetAxes
 .text.ISM330DHCX_GYRO_Enable
                0x00000000080043be       0x48 ./Drivers/BSP/Components/ism330dhcx.o
                0x00000000080043be                ISM330DHCX_GYRO_Enable
 .text.ISM330DHCX_GYRO_Disable
                0x0000000008004406       0x5e ./Drivers/BSP/Components/ism330dhcx.o
                0x0000000008004406                ISM330DHCX_GYRO_Disable
 .text.ISM330DHCX_GYRO_GetSensitivity
                0x0000000008004464       0xbc ./Drivers/BSP/Components/ism330dhcx.o
                0x0000000008004464                ISM330DHCX_GYRO_GetSensitivity
 .text.ISM330DHCX_GYRO_GetOutputDataRate
                0x0000000008004520       0xf8 ./Drivers/BSP/Components/ism330dhcx.o
                0x0000000008004520                ISM330DHCX_GYRO_GetOutputDataRate
 .text.ISM330DHCX_GYRO_SetOutputDataRate
                0x0000000008004618       0x38 ./Drivers/BSP/Components/ism330dhcx.o
                0x0000000008004618                ISM330DHCX_GYRO_SetOutputDataRate
 .text.ISM330DHCX_GYRO_GetFullScale
                0x0000000008004650       0xac ./Drivers/BSP/Components/ism330dhcx.o
                0x0000000008004650                ISM330DHCX_GYRO_GetFullScale
 .text.ISM330DHCX_GYRO_SetFullScale
                0x00000000080046fc       0x5e ./Drivers/BSP/Components/ism330dhcx.o
                0x00000000080046fc                ISM330DHCX_GYRO_SetFullScale
 .text.ISM330DHCX_GYRO_GetAxesRaw
                0x000000000800475a       0x48 ./Drivers/BSP/Components/ism330dhcx.o
                0x000000000800475a                ISM330DHCX_GYRO_GetAxesRaw
 .text.ISM330DHCX_GYRO_GetAxes
                0x00000000080047a2       0xa8 ./Drivers/BSP/Components/ism330dhcx.o
                0x00000000080047a2                ISM330DHCX_GYRO_GetAxes
 .text.ISM330DHCX_Write_Reg
                0x000000000800484a       0x36 ./Drivers/BSP/Components/ism330dhcx.o
                0x000000000800484a                ISM330DHCX_Write_Reg
 .text.ISM330DHCX_ACC_SetOutputDataRate_When_Enabled
                0x0000000008004880      0x118 ./Drivers/BSP/Components/ism330dhcx.o
 .text.ISM330DHCX_ACC_SetOutputDataRate_When_Disabled
                0x0000000008004998      0x104 ./Drivers/BSP/Components/ism330dhcx.o
 .text.ISM330DHCX_GYRO_SetOutputDataRate_When_Enabled
                0x0000000008004a9c      0x118 ./Drivers/BSP/Components/ism330dhcx.o
 .text.ISM330DHCX_GYRO_SetOutputDataRate_When_Disabled
                0x0000000008004bb4      0x104 ./Drivers/BSP/Components/ism330dhcx.o
 .text.ReadRegWrap
                0x0000000008004cb8       0x36 ./Drivers/BSP/Components/ism330dhcx.o
 .text.WriteRegWrap
                0x0000000008004cee       0x36 ./Drivers/BSP/Components/ism330dhcx.o
 .text.ism330dhcx_read_reg
                0x0000000008004d24       0x30 ./Drivers/BSP/Components/ism330dhcx_reg.o
                0x0000000008004d24                ism330dhcx_read_reg
 .text.ism330dhcx_write_reg
                0x0000000008004d54       0x30 ./Drivers/BSP/Components/ism330dhcx_reg.o
                0x0000000008004d54                ism330dhcx_write_reg
 .text.ism330dhcx_xl_full_scale_set
                0x0000000008004d84       0x4c ./Drivers/BSP/Components/ism330dhcx_reg.o
                0x0000000008004d84                ism330dhcx_xl_full_scale_set
 .text.ism330dhcx_xl_full_scale_get
                0x0000000008004dd0       0x70 ./Drivers/BSP/Components/ism330dhcx_reg.o
                0x0000000008004dd0                ism330dhcx_xl_full_scale_get
 .text.ism330dhcx_xl_data_rate_set
                0x0000000008004e40      0x2e0 ./Drivers/BSP/Components/ism330dhcx_reg.o
                0x0000000008004e40                ism330dhcx_xl_data_rate_set
 .text.ism330dhcx_xl_data_rate_get
                0x0000000008005120       0xd0 ./Drivers/BSP/Components/ism330dhcx_reg.o
                0x0000000008005120                ism330dhcx_xl_data_rate_get
 .text.ism330dhcx_gy_full_scale_set
                0x00000000080051f0       0x4c ./Drivers/BSP/Components/ism330dhcx_reg.o
                0x00000000080051f0                ism330dhcx_gy_full_scale_set
 .text.ism330dhcx_gy_full_scale_get
                0x000000000800523c       0xa4 ./Drivers/BSP/Components/ism330dhcx_reg.o
                0x000000000800523c                ism330dhcx_gy_full_scale_get
 .text.ism330dhcx_gy_data_rate_set
                0x00000000080052e0      0x2e0 ./Drivers/BSP/Components/ism330dhcx_reg.o
                0x00000000080052e0                ism330dhcx_gy_data_rate_set
 .text.ism330dhcx_gy_data_rate_get
                0x00000000080055c0       0xc4 ./Drivers/BSP/Components/ism330dhcx_reg.o
                0x00000000080055c0                ism330dhcx_gy_data_rate_get
 .text.ism330dhcx_block_data_update_set
                0x0000000008005684       0x4c ./Drivers/BSP/Components/ism330dhcx_reg.o
                0x0000000008005684                ism330dhcx_block_data_update_set
 .text.ism330dhcx_angular_rate_raw_get
                0x00000000080056d0       0x96 ./Drivers/BSP/Components/ism330dhcx_reg.o
                0x00000000080056d0                ism330dhcx_angular_rate_raw_get
 .text.ism330dhcx_acceleration_raw_get
                0x0000000008005766       0x96 ./Drivers/BSP/Components/ism330dhcx_reg.o
                0x0000000008005766                ism330dhcx_acceleration_raw_get
 .text.ism330dhcx_device_conf_set
                0x00000000080057fc       0x4c ./Drivers/BSP/Components/ism330dhcx_reg.o
                0x00000000080057fc                ism330dhcx_device_conf_set
 .text.ism330dhcx_mem_bank_set
                0x0000000008005848       0x4c ./Drivers/BSP/Components/ism330dhcx_reg.o
                0x0000000008005848                ism330dhcx_mem_bank_set
 .text.ism330dhcx_device_id_get
                0x0000000008005894       0x22 ./Drivers/BSP/Components/ism330dhcx_reg.o
                0x0000000008005894                ism330dhcx_device_id_get
 .text.ism330dhcx_reset_set
                0x00000000080058b6       0x4c ./Drivers/BSP/Components/ism330dhcx_reg.o
                0x00000000080058b6                ism330dhcx_reset_set
 .text.ism330dhcx_auto_increment_set
                0x0000000008005902       0x4c ./Drivers/BSP/Components/ism330dhcx_reg.o
                0x0000000008005902                ism330dhcx_auto_increment_set
 .text.ism330dhcx_fifo_mode_set
                0x000000000800594e       0x4c ./Drivers/BSP/Components/ism330dhcx_reg.o
                0x000000000800594e                ism330dhcx_fifo_mode_set
 .text.ism330dhcx_fsm_enable_get
                0x000000000800599a       0x58 ./Drivers/BSP/Components/ism330dhcx_reg.o
                0x000000000800599a                ism330dhcx_fsm_enable_get
 *fill*         0x00000000080059f2        0x2 
 .text.ism330dhcx_fsm_data_rate_get
                0x00000000080059f4       0x90 ./Drivers/BSP/Components/ism330dhcx_reg.o
                0x00000000080059f4                ism330dhcx_fsm_data_rate_get
 .text.ism330dhcx_mlc_get
                0x0000000008005a84       0x52 ./Drivers/BSP/Components/ism330dhcx_reg.o
                0x0000000008005a84                ism330dhcx_mlc_get
 *fill*         0x0000000008005ad6        0x2 
 .text.ism330dhcx_mlc_data_rate_get
                0x0000000008005ad8       0x90 ./Drivers/BSP/Components/ism330dhcx_reg.o
                0x0000000008005ad8                ism330dhcx_mlc_data_rate_get
 .text.IKS02A1_MOTION_SENSOR_Init
                0x0000000008005b68      0x1f8 ./Drivers/BSP/IKS02A1/iks02a1_motion_sensors.o
                0x0000000008005b68                IKS02A1_MOTION_SENSOR_Init
 .text.IKS02A1_MOTION_SENSOR_GetCapabilities
                0x0000000008005d60       0x54 ./Drivers/BSP/IKS02A1/iks02a1_motion_sensors.o
                0x0000000008005d60                IKS02A1_MOTION_SENSOR_GetCapabilities
 .text.IKS02A1_MOTION_SENSOR_ReadID
                0x0000000008005db4       0x54 ./Drivers/BSP/IKS02A1/iks02a1_motion_sensors.o
                0x0000000008005db4                IKS02A1_MOTION_SENSOR_ReadID
 .text.IKS02A1_MOTION_SENSOR_GetAxes
                0x0000000008005e08       0x88 ./Drivers/BSP/IKS02A1/iks02a1_motion_sensors.o
                0x0000000008005e08                IKS02A1_MOTION_SENSOR_GetAxes
 .text.IKS02A1_MOTION_SENSOR_GetOutputDataRate
                0x0000000008005e90       0x88 ./Drivers/BSP/IKS02A1/iks02a1_motion_sensors.o
                0x0000000008005e90                IKS02A1_MOTION_SENSOR_GetOutputDataRate
 .text.IKS02A1_MOTION_SENSOR_GetFullScale
                0x0000000008005f18       0x88 ./Drivers/BSP/IKS02A1/iks02a1_motion_sensors.o
                0x0000000008005f18                IKS02A1_MOTION_SENSOR_GetFullScale
 .text.ISM330DHCX_0_Probe
                0x0000000008005fa0      0x178 ./Drivers/BSP/IKS02A1/iks02a1_motion_sensors.o
 .text.IIS2DLPC_0_Probe
                0x0000000008006118      0x150 ./Drivers/BSP/IKS02A1/iks02a1_motion_sensors.o
 .text.IIS2MDC_0_Probe
                0x0000000008006268      0x150 ./Drivers/BSP/IKS02A1/iks02a1_motion_sensors.o
 .text.BSP_LED_Init
                0x00000000080063b8       0x24 ./Drivers/BSP/STM32F4xx_Nucleo/stm32f4xx_nucleo.o
                0x00000000080063b8                BSP_LED_Init
 .text.LED_USER_GPIO_Init
                0x00000000080063dc        0xe ./Drivers/BSP/STM32F4xx_Nucleo/stm32f4xx_nucleo.o
 *fill*         0x00000000080063ea        0x2 
 .text.BSP_PB_Init
                0x00000000080063ec       0xa8 ./Drivers/BSP/STM32F4xx_Nucleo/stm32f4xx_nucleo.o
                0x00000000080063ec                BSP_PB_Init
 .text.BSP_PB_GetState
                0x0000000008006494       0x38 ./Drivers/BSP/STM32F4xx_Nucleo/stm32f4xx_nucleo.o
                0x0000000008006494                BSP_PB_GetState
 .text.BUTTON_USER_EXTI_Callback
                0x00000000080064cc        0xe ./Drivers/BSP/STM32F4xx_Nucleo/stm32f4xx_nucleo.o
 .text.BUTTON_USER_GPIO_Init
                0x00000000080064da        0xe ./Drivers/BSP/STM32F4xx_Nucleo/stm32f4xx_nucleo.o
 .text.BSP_COM_Init
                0x00000000080064e8       0x7c ./Drivers/BSP/STM32F4xx_Nucleo/stm32f4xx_nucleo.o
                0x00000000080064e8                BSP_COM_Init
 .text.MX_USART2_UART_Init
                0x0000000008006564       0x5c ./Drivers/BSP/STM32F4xx_Nucleo/stm32f4xx_nucleo.o
                0x0000000008006564                MX_USART2_UART_Init
 .text.__io_putchar
                0x00000000080065c0       0x38 ./Drivers/BSP/STM32F4xx_Nucleo/stm32f4xx_nucleo.o
                0x00000000080065c0                __io_putchar
 .text.USART2_MspInit
                0x00000000080065f8       0x90 ./Drivers/BSP/STM32F4xx_Nucleo/stm32f4xx_nucleo.o
 .text.SystemInit
                0x0000000008006688       0x24 ./Drivers/CMSIS/system_stm32f4xx.o
                0x0000000008006688                SystemInit
 .text.HAL_Init
                0x00000000080066ac       0x44 ./Drivers/STM32F4xx_HAL_Driver/stm32f4xx_hal.o
                0x00000000080066ac                HAL_Init
 .text.HAL_InitTick
                0x00000000080066f0       0x60 ./Drivers/STM32F4xx_HAL_Driver/stm32f4xx_hal.o
                0x00000000080066f0                HAL_InitTick
 .text.HAL_IncTick
                0x0000000008006750       0x28 ./Drivers/STM32F4xx_HAL_Driver/stm32f4xx_hal.o
                0x0000000008006750                HAL_IncTick
 .text.HAL_GetTick
                0x0000000008006778       0x18 ./Drivers/STM32F4xx_HAL_Driver/stm32f4xx_hal.o
                0x0000000008006778                HAL_GetTick
 .text.HAL_Delay
                0x0000000008006790       0x48 ./Drivers/STM32F4xx_HAL_Driver/stm32f4xx_hal.o
                0x0000000008006790                HAL_Delay
 .text.__NVIC_SetPriorityGrouping
                0x00000000080067d8       0x48 ./Drivers/STM32F4xx_HAL_Driver/stm32f4xx_hal_cortex.o
 .text.__NVIC_GetPriorityGrouping
                0x0000000008006820       0x1c ./Drivers/STM32F4xx_HAL_Driver/stm32f4xx_hal_cortex.o
 .text.__NVIC_EnableIRQ
                0x000000000800683c       0x3c ./Drivers/STM32F4xx_HAL_Driver/stm32f4xx_hal_cortex.o
 .text.__NVIC_SetPriority
                0x0000000008006878       0x54 ./Drivers/STM32F4xx_HAL_Driver/stm32f4xx_hal_cortex.o
 .text.NVIC_EncodePriority
                0x00000000080068cc       0x66 ./Drivers/STM32F4xx_HAL_Driver/stm32f4xx_hal_cortex.o
 *fill*         0x0000000008006932        0x2 
 .text.SysTick_Config
                0x0000000008006934       0x44 ./Drivers/STM32F4xx_HAL_Driver/stm32f4xx_hal_cortex.o
 .text.HAL_NVIC_SetPriorityGrouping
                0x0000000008006978       0x16 ./Drivers/STM32F4xx_HAL_Driver/stm32f4xx_hal_cortex.o
                0x0000000008006978                HAL_NVIC_SetPriorityGrouping
 .text.HAL_NVIC_SetPriority
                0x000000000800698e       0x38 ./Drivers/STM32F4xx_HAL_Driver/stm32f4xx_hal_cortex.o
                0x000000000800698e                HAL_NVIC_SetPriority
 .text.HAL_NVIC_EnableIRQ
                0x00000000080069c6       0x1c ./Drivers/STM32F4xx_HAL_Driver/stm32f4xx_hal_cortex.o
                0x00000000080069c6                HAL_NVIC_EnableIRQ
 .text.HAL_SYSTICK_Config
                0x00000000080069e2       0x18 ./Drivers/STM32F4xx_HAL_Driver/stm32f4xx_hal_cortex.o
                0x00000000080069e2                HAL_SYSTICK_Config
 .text.HAL_EXTI_RegisterCallback
                0x00000000080069fa       0x34 ./Drivers/STM32F4xx_HAL_Driver/stm32f4xx_hal_exti.o
                0x00000000080069fa                HAL_EXTI_RegisterCallback
 .text.HAL_EXTI_GetHandle
                0x0000000008006a2e       0x28 ./Drivers/STM32F4xx_HAL_Driver/stm32f4xx_hal_exti.o
                0x0000000008006a2e                HAL_EXTI_GetHandle
 *fill*         0x0000000008006a56        0x2 
 .text.HAL_EXTI_IRQHandler
                0x0000000008006a58       0x48 ./Drivers/STM32F4xx_HAL_Driver/stm32f4xx_hal_exti.o
                0x0000000008006a58                HAL_EXTI_IRQHandler
 .text.HAL_GPIO_Init
                0x0000000008006aa0      0x308 ./Drivers/STM32F4xx_HAL_Driver/stm32f4xx_hal_gpio.o
                0x0000000008006aa0                HAL_GPIO_Init
 .text.HAL_GPIO_DeInit
                0x0000000008006da8      0x1c8 ./Drivers/STM32F4xx_HAL_Driver/stm32f4xx_hal_gpio.o
                0x0000000008006da8                HAL_GPIO_DeInit
 .text.HAL_GPIO_ReadPin
                0x0000000008006f70       0x30 ./Drivers/STM32F4xx_HAL_Driver/stm32f4xx_hal_gpio.o
                0x0000000008006f70                HAL_GPIO_ReadPin
 .text.HAL_I2C_Init
                0x0000000008006fa0      0x288 ./Drivers/STM32F4xx_HAL_Driver/stm32f4xx_hal_i2c.o
                0x0000000008006fa0                HAL_I2C_Init
 .text.HAL_I2C_DeInit
                0x0000000008007228       0x5e ./Drivers/STM32F4xx_HAL_Driver/stm32f4xx_hal_i2c.o
                0x0000000008007228                HAL_I2C_DeInit
 .text.HAL_I2C_MspInit
                0x0000000008007286       0x14 ./Drivers/STM32F4xx_HAL_Driver/stm32f4xx_hal_i2c.o
                0x0000000008007286                HAL_I2C_MspInit
 .text.HAL_I2C_MspDeInit
                0x000000000800729a       0x14 ./Drivers/STM32F4xx_HAL_Driver/stm32f4xx_hal_i2c.o
                0x000000000800729a                HAL_I2C_MspDeInit
 *fill*         0x00000000080072ae        0x2 
 .text.HAL_I2C_Mem_Write
                0x00000000080072b0      0x1f4 ./Drivers/STM32F4xx_HAL_Driver/stm32f4xx_hal_i2c.o
                0x00000000080072b0                HAL_I2C_Mem_Write
 .text.HAL_I2C_Mem_Read
                0x00000000080074a4      0x44c ./Drivers/STM32F4xx_HAL_Driver/stm32f4xx_hal_i2c.o
                0x00000000080074a4                HAL_I2C_Mem_Read
 .text.HAL_I2C_GetState
                0x00000000080078f0       0x1c ./Drivers/STM32F4xx_HAL_Driver/stm32f4xx_hal_i2c.o
                0x00000000080078f0                HAL_I2C_GetState
 .text.HAL_I2C_GetError
                0x000000000800790c       0x18 ./Drivers/STM32F4xx_HAL_Driver/stm32f4xx_hal_i2c.o
                0x000000000800790c                HAL_I2C_GetError
 .text.I2C_RequestMemoryWrite
                0x0000000008007924      0x12c ./Drivers/STM32F4xx_HAL_Driver/stm32f4xx_hal_i2c.o
 .text.I2C_RequestMemoryRead
                0x0000000008007a50      0x1d0 ./Drivers/STM32F4xx_HAL_Driver/stm32f4xx_hal_i2c.o
 .text.I2C_WaitOnFlagUntilTimeout
                0x0000000008007c20       0xae ./Drivers/STM32F4xx_HAL_Driver/stm32f4xx_hal_i2c.o
 .text.I2C_WaitOnMasterAddressFlagUntilTimeout
                0x0000000008007cce       0xfe ./Drivers/STM32F4xx_HAL_Driver/stm32f4xx_hal_i2c.o
 .text.I2C_WaitOnTXEFlagUntilTimeout
                0x0000000008007dcc       0x82 ./Drivers/STM32F4xx_HAL_Driver/stm32f4xx_hal_i2c.o
 .text.I2C_WaitOnBTFFlagUntilTimeout
                0x0000000008007e4e       0x82 ./Drivers/STM32F4xx_HAL_Driver/stm32f4xx_hal_i2c.o
 .text.I2C_WaitOnRXNEFlagUntilTimeout
                0x0000000008007ed0       0xac ./Drivers/STM32F4xx_HAL_Driver/stm32f4xx_hal_i2c.o
 .text.I2C_IsAcknowledgeFailed
                0x0000000008007f7c       0x5e ./Drivers/STM32F4xx_HAL_Driver/stm32f4xx_hal_i2c.o
 *fill*         0x0000000008007fda        0x2 
 .text.HAL_RCC_OscConfig
                0x0000000008007fdc      0x4f0 ./Drivers/STM32F4xx_HAL_Driver/stm32f4xx_hal_rcc.o
                0x0000000008007fdc                HAL_RCC_OscConfig
 .text.HAL_RCC_ClockConfig
                0x00000000080084cc      0x1cc ./Drivers/STM32F4xx_HAL_Driver/stm32f4xx_hal_rcc.o
                0x00000000080084cc                HAL_RCC_ClockConfig
 .text.HAL_RCC_GetSysClockFreq
                0x0000000008008698      0x20c ./Drivers/STM32F4xx_HAL_Driver/stm32f4xx_hal_rcc.o
                0x0000000008008698                HAL_RCC_GetSysClockFreq
 .text.HAL_RCC_GetHCLKFreq
                0x00000000080088a4       0x18 ./Drivers/STM32F4xx_HAL_Driver/stm32f4xx_hal_rcc.o
                0x00000000080088a4                HAL_RCC_GetHCLKFreq
 .text.HAL_RCC_GetPCLK1Freq
                0x00000000080088bc       0x28 ./Drivers/STM32F4xx_HAL_Driver/stm32f4xx_hal_rcc.o
                0x00000000080088bc                HAL_RCC_GetPCLK1Freq
 .text.HAL_RCC_GetPCLK2Freq
                0x00000000080088e4       0x28 ./Drivers/STM32F4xx_HAL_Driver/stm32f4xx_hal_rcc.o
                0x00000000080088e4                HAL_RCC_GetPCLK2Freq
 .text.HAL_UART_Init
                0x000000000800890c       0x9a ./Drivers/STM32F4xx_HAL_Driver/stm32f4xx_hal_uart.o
                0x000000000800890c                HAL_UART_Init
 .text.HAL_UART_MspInit
                0x00000000080089a6       0x14 ./Drivers/STM32F4xx_HAL_Driver/stm32f4xx_hal_uart.o
                0x00000000080089a6                HAL_UART_MspInit
 .text.HAL_UART_Transmit
                0x00000000080089ba      0x124 ./Drivers/STM32F4xx_HAL_Driver/stm32f4xx_hal_uart.o
                0x00000000080089ba                HAL_UART_Transmit
 .text.UART_WaitOnFlagUntilTimeout
                0x0000000008008ade       0xdc ./Drivers/STM32F4xx_HAL_Driver/stm32f4xx_hal_uart.o
 *fill*         0x0000000008008bba        0x2 
 .text.UART_SetConfig
                0x0000000008008bbc      0x4e8 ./Drivers/STM32F4xx_HAL_Driver/stm32f4xx_hal_uart.o
 .text.__errno  0x00000000080090a4        0xc c:/st/stm32cubeide_1.9.0/stm32cubeide/plugins/com.st.stm32cube.ide.mcu.externaltools.gnu-tools-for-stm32.10.3-2021.10.win32_1.0.0.202111181127/tools/bin/../lib/gcc/arm-none-eabi/10.3.1/../../../../arm-none-eabi/lib/thumb/v7e-m+fp/hard\libc_nano.a(lib_a-errno.o)
                0x00000000080090a4                __errno
 .text.__libc_init_array
                0x00000000080090b0       0x48 c:/st/stm32cubeide_1.9.0/stm32cubeide/plugins/com.st.stm32cube.ide.mcu.externaltools.gnu-tools-for-stm32.10.3-2021.10.win32_1.0.0.202111181127/tools/bin/../lib/gcc/arm-none-eabi/10.3.1/../../../../arm-none-eabi/lib/thumb/v7e-m+fp/hard\libc_nano.a(lib_a-init.o)
                0x00000000080090b0                __libc_init_array
 .text.memset   0x00000000080090f8       0x10 c:/st/stm32cubeide_1.9.0/stm32cubeide/plugins/com.st.stm32cube.ide.mcu.externaltools.gnu-tools-for-stm32.10.3-2021.10.win32_1.0.0.202111181127/tools/bin/../lib/gcc/arm-none-eabi/10.3.1/../../../../arm-none-eabi/lib/thumb/v7e-m+fp/hard\libc_nano.a(lib_a-memset.o)
                0x00000000080090f8                memset
 .text.printf   0x0000000008009108       0x30 c:/st/stm32cubeide_1.9.0/stm32cubeide/plugins/com.st.stm32cube.ide.mcu.externaltools.gnu-tools-for-stm32.10.3-2021.10.win32_1.0.0.202111181127/tools/bin/../lib/gcc/arm-none-eabi/10.3.1/../../../../arm-none-eabi/lib/thumb/v7e-m+fp/hard\libc_nano.a(lib_a-printf.o)
                0x0000000008009108                iprintf
                0x0000000008009108                printf
 .text.snprintf
                0x0000000008009138       0x68 c:/st/stm32cubeide_1.9.0/stm32cubeide/plugins/com.st.stm32cube.ide.mcu.externaltools.gnu-tools-for-stm32.10.3-2021.10.win32_1.0.0.202111181127/tools/bin/../lib/gcc/arm-none-eabi/10.3.1/../../../../arm-none-eabi/lib/thumb/v7e-m+fp/hard\libc_nano.a(lib_a-snprintf.o)
                0x0000000008009138                sniprintf
                0x0000000008009138                snprintf
 .text.std      0x00000000080091a0       0x48 c:/st/stm32cubeide_1.9.0/stm32cubeide/plugins/com.st.stm32cube.ide.mcu.externaltools.gnu-tools-for-stm32.10.3-2021.10.win32_1.0.0.202111181127/tools/bin/../lib/gcc/arm-none-eabi/10.3.1/../../../../arm-none-eabi/lib/thumb/v7e-m+fp/hard\libc_nano.a(lib_a-findfp.o)
 .text._cleanup_r
                0x00000000080091e8        0xc c:/st/stm32cubeide_1.9.0/stm32cubeide/plugins/com.st.stm32cube.ide.mcu.externaltools.gnu-tools-for-stm32.10.3-2021.10.win32_1.0.0.202111181127/tools/bin/../lib/gcc/arm-none-eabi/10.3.1/../../../../arm-none-eabi/lib/thumb/v7e-m+fp/hard\libc_nano.a(lib_a-findfp.o)
                0x00000000080091e8                _cleanup_r
 .text.__sfmoreglue
                0x00000000080091f4       0x2c c:/st/stm32cubeide_1.9.0/stm32cubeide/plugins/com.st.stm32cube.ide.mcu.externaltools.gnu-tools-for-stm32.10.3-2021.10.win32_1.0.0.202111181127/tools/bin/../lib/gcc/arm-none-eabi/10.3.1/../../../../arm-none-eabi/lib/thumb/v7e-m+fp/hard\libc_nano.a(lib_a-findfp.o)
                0x00000000080091f4                __sfmoreglue
 .text.__sfp_lock_acquire
                0x0000000008009220        0xc c:/st/stm32cubeide_1.9.0/stm32cubeide/plugins/com.st.stm32cube.ide.mcu.externaltools.gnu-tools-for-stm32.10.3-2021.10.win32_1.0.0.202111181127/tools/bin/../lib/gcc/arm-none-eabi/10.3.1/../../../../arm-none-eabi/lib/thumb/v7e-m+fp/hard\libc_nano.a(lib_a-findfp.o)
                0x0000000008009220                __sfp_lock_acquire
 .text.__sfp_lock_release
                0x000000000800922c        0xc c:/st/stm32cubeide_1.9.0/stm32cubeide/plugins/com.st.stm32cube.ide.mcu.externaltools.gnu-tools-for-stm32.10.3-2021.10.win32_1.0.0.202111181127/tools/bin/../lib/gcc/arm-none-eabi/10.3.1/../../../../arm-none-eabi/lib/thumb/v7e-m+fp/hard\libc_nano.a(lib_a-findfp.o)
                0x000000000800922c                __sfp_lock_release
 .text.__sinit_lock_acquire
                0x0000000008009238        0xc c:/st/stm32cubeide_1.9.0/stm32cubeide/plugins/com.st.stm32cube.ide.mcu.externaltools.gnu-tools-for-stm32.10.3-2021.10.win32_1.0.0.202111181127/tools/bin/../lib/gcc/arm-none-eabi/10.3.1/../../../../arm-none-eabi/lib/thumb/v7e-m+fp/hard\libc_nano.a(lib_a-findfp.o)
                0x0000000008009238                __sinit_lock_acquire
 .text.__sinit_lock_release
                0x0000000008009244        0xc c:/st/stm32cubeide_1.9.0/stm32cubeide/plugins/com.st.stm32cube.ide.mcu.externaltools.gnu-tools-for-stm32.10.3-2021.10.win32_1.0.0.202111181127/tools/bin/../lib/gcc/arm-none-eabi/10.3.1/../../../../arm-none-eabi/lib/thumb/v7e-m+fp/hard\libc_nano.a(lib_a-findfp.o)
                0x0000000008009244                __sinit_lock_release
 .text.__sinit  0x0000000008009250       0x70 c:/st/stm32cubeide_1.9.0/stm32cubeide/plugins/com.st.stm32cube.ide.mcu.externaltools.gnu-tools-for-stm32.10.3-2021.10.win32_1.0.0.202111181127/tools/bin/../lib/gcc/arm-none-eabi/10.3.1/../../../../arm-none-eabi/lib/thumb/v7e-m+fp/hard\libc_nano.a(lib_a-findfp.o)
                0x0000000008009250                __sinit
 .text.__sfp    0x00000000080092c0       0x8c c:/st/stm32cubeide_1.9.0/stm32cubeide/plugins/com.st.stm32cube.ide.mcu.externaltools.gnu-tools-for-stm32.10.3-2021.10.win32_1.0.0.202111181127/tools/bin/../lib/gcc/arm-none-eabi/10.3.1/../../../../arm-none-eabi/lib/thumb/v7e-m+fp/hard\libc_nano.a(lib_a-findfp.o)
                0x00000000080092c0                __sfp
 .text._fwalk_reent
                0x000000000800934c       0x3e c:/st/stm32cubeide_1.9.0/stm32cubeide/plugins/com.st.stm32cube.ide.mcu.externaltools.gnu-tools-for-stm32.10.3-2021.10.win32_1.0.0.202111181127/tools/bin/../lib/gcc/arm-none-eabi/10.3.1/../../../../arm-none-eabi/lib/thumb/v7e-m+fp/hard\libc_nano.a(lib_a-fwalk.o)
                0x000000000800934c                _fwalk_reent
 .text.__retarget_lock_init_recursive
                0x000000000800938a        0x2 c:/st/stm32cubeide_1.9.0/stm32cubeide/plugins/com.st.stm32cube.ide.mcu.externaltools.gnu-tools-for-stm32.10.3-2021.10.win32_1.0.0.202111181127/tools/bin/../lib/gcc/arm-none-eabi/10.3.1/../../../../arm-none-eabi/lib/thumb/v7e-m+fp/hard\libc_nano.a(lib_a-lock.o)
                0x000000000800938a                __retarget_lock_init_recursive
 .text.__retarget_lock_acquire_recursive
                0x000000000800938c        0x2 c:/st/stm32cubeide_1.9.0/stm32cubeide/plugins/com.st.stm32cube.ide.mcu.externaltools.gnu-tools-for-stm32.10.3-2021.10.win32_1.0.0.202111181127/tools/bin/../lib/gcc/arm-none-eabi/10.3.1/../../../../arm-none-eabi/lib/thumb/v7e-m+fp/hard\libc_nano.a(lib_a-lock.o)
                0x000000000800938c                __retarget_lock_acquire_recursive
 .text.__retarget_lock_release_recursive
                0x000000000800938e        0x2 c:/st/stm32cubeide_1.9.0/stm32cubeide/plugins/com.st.stm32cube.ide.mcu.externaltools.gnu-tools-for-stm32.10.3-2021.10.win32_1.0.0.202111181127/tools/bin/../lib/gcc/arm-none-eabi/10.3.1/../../../../arm-none-eabi/lib/thumb/v7e-m+fp/hard\libc_nano.a(lib_a-lock.o)
                0x000000000800938e                __retarget_lock_release_recursive
 .text.sbrk_aligned
                0x0000000008009390       0x40 c:/st/stm32cubeide_1.9.0/stm32cubeide/plugins/com.st.stm32cube.ide.mcu.externaltools.gnu-tools-for-stm32.10.3-2021.10.win32_1.0.0.202111181127/tools/bin/../lib/gcc/arm-none-eabi/10.3.1/../../../../arm-none-eabi/lib/thumb/v7e-m+fp/hard\libc_nano.a(lib_a-nano-mallocr.o)
 .text._malloc_r
                0x00000000080093d0       0xe8 c:/st/stm32cubeide_1.9.0/stm32cubeide/plugins/com.st.stm32cube.ide.mcu.externaltools.gnu-tools-for-stm32.10.3-2021.10.win32_1.0.0.202111181127/tools/bin/../lib/gcc/arm-none-eabi/10.3.1/../../../../arm-none-eabi/lib/thumb/v7e-m+fp/hard\libc_nano.a(lib_a-nano-mallocr.o)
                0x00000000080093d0                _malloc_r
 .text.__ssputs_r
                0x00000000080094b8       0xb6 c:/st/stm32cubeide_1.9.0/stm32cubeide/plugins/com.st.stm32cube.ide.mcu.externaltools.gnu-tools-for-stm32.10.3-2021.10.win32_1.0.0.202111181127/tools/bin/../lib/gcc/arm-none-eabi/10.3.1/../../../../arm-none-eabi/lib/thumb/v7e-m+fp/hard\libc_nano.a(lib_a-nano-svfprintf.o)
                0x00000000080094b8                __ssputs_r
 *fill*         0x000000000800956e        0x2 
 .text._svfprintf_r
                0x0000000008009570      0x200 c:/st/stm32cubeide_1.9.0/stm32cubeide/plugins/com.st.stm32cube.ide.mcu.externaltools.gnu-tools-for-stm32.10.3-2021.10.win32_1.0.0.202111181127/tools/bin/../lib/gcc/arm-none-eabi/10.3.1/../../../../arm-none-eabi/lib/thumb/v7e-m+fp/hard\libc_nano.a(lib_a-nano-svfprintf.o)
                0x0000000008009570                _svfiprintf_r
                0x0000000008009570                _svfprintf_r
 .text.__sfputc_r
                0x0000000008009770       0x2e c:/st/stm32cubeide_1.9.0/stm32cubeide/plugins/com.st.stm32cube.ide.mcu.externaltools.gnu-tools-for-stm32.10.3-2021.10.win32_1.0.0.202111181127/tools/bin/../lib/gcc/arm-none-eabi/10.3.1/../../../../arm-none-eabi/lib/thumb/v7e-m+fp/hard\libc_nano.a(lib_a-nano-vfprintf.o)
 .text.__sfputs_r
                0x000000000800979e       0x24 c:/st/stm32cubeide_1.9.0/stm32cubeide/plugins/com.st.stm32cube.ide.mcu.externaltools.gnu-tools-for-stm32.10.3-2021.10.win32_1.0.0.202111181127/tools/bin/../lib/gcc/arm-none-eabi/10.3.1/../../../../arm-none-eabi/lib/thumb/v7e-m+fp/hard\libc_nano.a(lib_a-nano-vfprintf.o)
                0x000000000800979e                __sfputs_r
 *fill*         0x00000000080097c2        0x2 
 .text._vfprintf_r
                0x00000000080097c4      0x260 c:/st/stm32cubeide_1.9.0/stm32cubeide/plugins/com.st.stm32cube.ide.mcu.externaltools.gnu-tools-for-stm32.10.3-2021.10.win32_1.0.0.202111181127/tools/bin/../lib/gcc/arm-none-eabi/10.3.1/../../../../arm-none-eabi/lib/thumb/v7e-m+fp/hard\libc_nano.a(lib_a-nano-vfprintf.o)
                0x00000000080097c4                _vfprintf_r
                0x00000000080097c4                _vfiprintf_r
 .text._printf_common
                0x0000000008009a24       0xda c:/st/stm32cubeide_1.9.0/stm32cubeide/plugins/com.st.stm32cube.ide.mcu.externaltools.gnu-tools-for-stm32.10.3-2021.10.win32_1.0.0.202111181127/tools/bin/../lib/gcc/arm-none-eabi/10.3.1/../../../../arm-none-eabi/lib/thumb/v7e-m+fp/hard\libc_nano.a(lib_a-nano-vfprintf_i.o)
                0x0000000008009a24                _printf_common
 *fill*         0x0000000008009afe        0x2 
 .text._printf_i
                0x0000000008009b00      0x24c c:/st/stm32cubeide_1.9.0/stm32cubeide/plugins/com.st.stm32cube.ide.mcu.externaltools.gnu-tools-for-stm32.10.3-2021.10.win32_1.0.0.202111181127/tools/bin/../lib/gcc/arm-none-eabi/10.3.1/../../../../arm-none-eabi/lib/thumb/v7e-m+fp/hard\libc_nano.a(lib_a-nano-vfprintf_i.o)
                0x0000000008009b00                _printf_i
 .text._sbrk_r  0x0000000008009d4c       0x20 c:/st/stm32cubeide_1.9.0/stm32cubeide/plugins/com.st.stm32cube.ide.mcu.externaltools.gnu-tools-for-stm32.10.3-2021.10.win32_1.0.0.202111181127/tools/bin/../lib/gcc/arm-none-eabi/10.3.1/../../../../arm-none-eabi/lib/thumb/v7e-m+fp/hard\libc_nano.a(lib_a-sbrkr.o)
                0x0000000008009d4c                _sbrk_r
 .text.__sread  0x0000000008009d6c       0x22 c:/st/stm32cubeide_1.9.0/stm32cubeide/plugins/com.st.stm32cube.ide.mcu.externaltools.gnu-tools-for-stm32.10.3-2021.10.win32_1.0.0.202111181127/tools/bin/../lib/gcc/arm-none-eabi/10.3.1/../../../../arm-none-eabi/lib/thumb/v7e-m+fp/hard\libc_nano.a(lib_a-stdio.o)
                0x0000000008009d6c                __sread
 .text.__swrite
                0x0000000008009d8e       0x38 c:/st/stm32cubeide_1.9.0/stm32cubeide/plugins/com.st.stm32cube.ide.mcu.externaltools.gnu-tools-for-stm32.10.3-2021.10.win32_1.0.0.202111181127/tools/bin/../lib/gcc/arm-none-eabi/10.3.1/../../../../arm-none-eabi/lib/thumb/v7e-m+fp/hard\libc_nano.a(lib_a-stdio.o)
                0x0000000008009d8e                __swrite
 .text.__sseek  0x0000000008009dc6       0x24 c:/st/stm32cubeide_1.9.0/stm32cubeide/plugins/com.st.stm32cube.ide.mcu.externaltools.gnu-tools-for-stm32.10.3-2021.10.win32_1.0.0.202111181127/tools/bin/../lib/gcc/arm-none-eabi/10.3.1/../../../../arm-none-eabi/lib/thumb/v7e-m+fp/hard\libc_nano.a(lib_a-stdio.o)
                0x0000000008009dc6                __sseek
 .text.__sclose
                0x0000000008009dea        0x8 c:/st/stm32cubeide_1.9.0/stm32cubeide/plugins/com.st.stm32cube.ide.mcu.externaltools.gnu-tools-for-stm32.10.3-2021.10.win32_1.0.0.202111181127/tools/bin/../lib/gcc/arm-none-eabi/10.3.1/../../../../arm-none-eabi/lib/thumb/v7e-m+fp/hard\libc_nano.a(lib_a-stdio.o)
                0x0000000008009dea                __sclose
 *fill*         0x0000000008009df2        0x2 
 .text.__swbuf_r
                0x0000000008009df4       0xa4 c:/st/stm32cubeide_1.9.0/stm32cubeide/plugins/com.st.stm32cube.ide.mcu.externaltools.gnu-tools-for-stm32.10.3-2021.10.win32_1.0.0.202111181127/tools/bin/../lib/gcc/arm-none-eabi/10.3.1/../../../../arm-none-eabi/lib/thumb/v7e-m+fp/hard\libc_nano.a(lib_a-wbuf.o)
                0x0000000008009df4                __swbuf_r
 .text._write_r
                0x0000000008009e98       0x24 c:/st/stm32cubeide_1.9.0/stm32cubeide/plugins/com.st.stm32cube.ide.mcu.externaltools.gnu-tools-for-stm32.10.3-2021.10.win32_1.0.0.202111181127/tools/bin/../lib/gcc/arm-none-eabi/10.3.1/../../../../arm-none-eabi/lib/thumb/v7e-m+fp/hard\libc_nano.a(lib_a-writer.o)
                0x0000000008009e98                _write_r
 .text.__swsetup_r
                0x0000000008009ebc       0xdc c:/st/stm32cubeide_1.9.0/stm32cubeide/plugins/com.st.stm32cube.ide.mcu.externaltools.gnu-tools-for-stm32.10.3-2021.10.win32_1.0.0.202111181127/tools/bin/../lib/gcc/arm-none-eabi/10.3.1/../../../../arm-none-eabi/lib/thumb/v7e-m+fp/hard\libc_nano.a(lib_a-wsetup.o)
                0x0000000008009ebc                __swsetup_r
 .text._close_r
                0x0000000008009f98       0x20 c:/st/stm32cubeide_1.9.0/stm32cubeide/plugins/com.st.stm32cube.ide.mcu.externaltools.gnu-tools-for-stm32.10.3-2021.10.win32_1.0.0.202111181127/tools/bin/../lib/gcc/arm-none-eabi/10.3.1/../../../../arm-none-eabi/lib/thumb/v7e-m+fp/hard\libc_nano.a(lib_a-closer.o)
                0x0000000008009f98                _close_r
 .text.__sflush_r
                0x0000000008009fb8      0x10c c:/st/stm32cubeide_1.9.0/stm32cubeide/plugins/com.st.stm32cube.ide.mcu.externaltools.gnu-tools-for-stm32.10.3-2021.10.win32_1.0.0.202111181127/tools/bin/../lib/gcc/arm-none-eabi/10.3.1/../../../../arm-none-eabi/lib/thumb/v7e-m+fp/hard\libc_nano.a(lib_a-fflush.o)
                0x0000000008009fb8                __sflush_r
 .text._fflush_r
                0x000000000800a0c4       0x78 c:/st/stm32cubeide_1.9.0/stm32cubeide/plugins/com.st.stm32cube.ide.mcu.externaltools.gnu-tools-for-stm32.10.3-2021.10.win32_1.0.0.202111181127/tools/bin/../lib/gcc/arm-none-eabi/10.3.1/../../../../arm-none-eabi/lib/thumb/v7e-m+fp/hard\libc_nano.a(lib_a-fflush.o)
                0x000000000800a0c4                _fflush_r
 .text._lseek_r
                0x000000000800a13c       0x24 c:/st/stm32cubeide_1.9.0/stm32cubeide/plugins/com.st.stm32cube.ide.mcu.externaltools.gnu-tools-for-stm32.10.3-2021.10.win32_1.0.0.202111181127/tools/bin/../lib/gcc/arm-none-eabi/10.3.1/../../../../arm-none-eabi/lib/thumb/v7e-m+fp/hard\libc_nano.a(lib_a-lseekr.o)
                0x000000000800a13c                _lseek_r
 .text.__swhatbuf_r
                0x000000000800a160       0x4a c:/st/stm32cubeide_1.9.0/stm32cubeide/plugins/com.st.stm32cube.ide.mcu.externaltools.gnu-tools-for-stm32.10.3-2021.10.win32_1.0.0.202111181127/tools/bin/../lib/gcc/arm-none-eabi/10.3.1/../../../../arm-none-eabi/lib/thumb/v7e-m+fp/hard\libc_nano.a(lib_a-makebuf.o)
                0x000000000800a160                __swhatbuf_r
 *fill*         0x000000000800a1aa        0x2 
 .text.__smakebuf_r
                0x000000000800a1ac       0x80 c:/st/stm32cubeide_1.9.0/stm32cubeide/plugins/com.st.stm32cube.ide.mcu.externaltools.gnu-tools-for-stm32.10.3-2021.10.win32_1.0.0.202111181127/tools/bin/../lib/gcc/arm-none-eabi/10.3.1/../../../../arm-none-eabi/lib/thumb/v7e-m+fp/hard\libc_nano.a(lib_a-makebuf.o)
                0x000000000800a1ac                __smakebuf_r
 .text.memcpy   0x000000000800a22c       0x1c c:/st/stm32cubeide_1.9.0/stm32cubeide/plugins/com.st.stm32cube.ide.mcu.externaltools.gnu-tools-for-stm32.10.3-2021.10.win32_1.0.0.202111181127/tools/bin/../lib/gcc/arm-none-eabi/10.3.1/../../../../arm-none-eabi/lib/thumb/v7e-m+fp/hard\libc_nano.a(lib_a-memcpy-stub.o)
                0x000000000800a22c                memcpy
 .text.memmove  0x000000000800a248       0x34 c:/st/stm32cubeide_1.9.0/stm32cubeide/plugins/com.st.stm32cube.ide.mcu.externaltools.gnu-tools-for-stm32.10.3-2021.10.win32_1.0.0.202111181127/tools/bin/../lib/gcc/arm-none-eabi/10.3.1/../../../../arm-none-eabi/lib/thumb/v7e-m+fp/hard\libc_nano.a(lib_a-memmove.o)
                0x000000000800a248                memmove
 .text.__malloc_lock
                0x000000000800a27c        0xc c:/st/stm32cubeide_1.9.0/stm32cubeide/plugins/com.st.stm32cube.ide.mcu.externaltools.gnu-tools-for-stm32.10.3-2021.10.win32_1.0.0.202111181127/tools/bin/../lib/gcc/arm-none-eabi/10.3.1/../../../../arm-none-eabi/lib/thumb/v7e-m+fp/hard\libc_nano.a(lib_a-mlock.o)
                0x000000000800a27c                __malloc_lock
 .text.__malloc_unlock
                0x000000000800a288        0xc c:/st/stm32cubeide_1.9.0/stm32cubeide/plugins/com.st.stm32cube.ide.mcu.externaltools.gnu-tools-for-stm32.10.3-2021.10.win32_1.0.0.202111181127/tools/bin/../lib/gcc/arm-none-eabi/10.3.1/../../../../arm-none-eabi/lib/thumb/v7e-m+fp/hard\libc_nano.a(lib_a-mlock.o)
                0x000000000800a288                __malloc_unlock
 .text._free_r  0x000000000800a294       0x98 c:/st/stm32cubeide_1.9.0/stm32cubeide/plugins/com.st.stm32cube.ide.mcu.externaltools.gnu-tools-for-stm32.10.3-2021.10.win32_1.0.0.202111181127/tools/bin/../lib/gcc/arm-none-eabi/10.3.1/../../../../arm-none-eabi/lib/thumb/v7e-m+fp/hard\libc_nano.a(lib_a-nano-freer.o)
                0x000000000800a294                _free_r
 .text._realloc_r
                0x000000000800a32c       0x5e c:/st/stm32cubeide_1.9.0/stm32cubeide/plugins/com.st.stm32cube.ide.mcu.externaltools.gnu-tools-for-stm32.10.3-2021.10.win32_1.0.0.202111181127/tools/bin/../lib/gcc/arm-none-eabi/10.3.1/../../../../arm-none-eabi/lib/thumb/v7e-m+fp/hard\libc_nano.a(lib_a-nano-reallocr.o)
                0x000000000800a32c                _realloc_r
 *fill*         0x000000000800a38a        0x2 
 .text._read_r  0x000000000800a38c       0x24 c:/st/stm32cubeide_1.9.0/stm32cubeide/plugins/com.st.stm32cube.ide.mcu.externaltools.gnu-tools-for-stm32.10.3-2021.10.win32_1.0.0.202111181127/tools/bin/../lib/gcc/arm-none-eabi/10.3.1/../../../../arm-none-eabi/lib/thumb/v7e-m+fp/hard\libc_nano.a(lib_a-readr.o)
                0x000000000800a38c                _read_r
 .text._fstat_r
                0x000000000800a3b0       0x24 c:/st/stm32cubeide_1.9.0/stm32cubeide/plugins/com.st.stm32cube.ide.mcu.externaltools.gnu-tools-for-stm32.10.3-2021.10.win32_1.0.0.202111181127/tools/bin/../lib/gcc/arm-none-eabi/10.3.1/../../../../arm-none-eabi/lib/thumb/v7e-m+fp/hard\libc_nano.a(lib_a-fstatr.o)
                0x000000000800a3b0                _fstat_r
 .text._isatty_r
                0x000000000800a3d4       0x20 c:/st/stm32cubeide_1.9.0/stm32cubeide/plugins/com.st.stm32cube.ide.mcu.externaltools.gnu-tools-for-stm32.10.3-2021.10.win32_1.0.0.202111181127/tools/bin/../lib/gcc/arm-none-eabi/10.3.1/../../../../arm-none-eabi/lib/thumb/v7e-m+fp/hard\libc_nano.a(lib_a-isattyr.o)
                0x000000000800a3d4                _isatty_r
 .text._malloc_usable_size_r
                0x000000000800a3f4       0x10 c:/st/stm32cubeide_1.9.0/stm32cubeide/plugins/com.st.stm32cube.ide.mcu.externaltools.gnu-tools-for-stm32.10.3-2021.10.win32_1.0.0.202111181127/tools/bin/../lib/gcc/arm-none-eabi/10.3.1/../../../../arm-none-eabi/lib/thumb/v7e-m+fp/hard\libc_nano.a(lib_a-nano-msizer.o)
                0x000000000800a3f4                _malloc_usable_size_r
 .text.trunc    0x000000000800a404       0x64 c:/st/stm32cubeide_1.9.0/stm32cubeide/plugins/com.st.stm32cube.ide.mcu.externaltools.gnu-tools-for-stm32.10.3-2021.10.win32_1.0.0.202111181127/tools/bin/../lib/gcc/arm-none-eabi/10.3.1/../../../../arm-none-eabi/lib/thumb/v7e-m+fp/hard\libm.a(lib_a-s_trunc.o)
                0x000000000800a404                trunc
 .text.pow      0x000000000800a468       0xe0 c:/st/stm32cubeide_1.9.0/stm32cubeide/plugins/com.st.stm32cube.ide.mcu.externaltools.gnu-tools-for-stm32.10.3-2021.10.win32_1.0.0.202111181127/tools/bin/../lib/gcc/arm-none-eabi/10.3.1/../../../../arm-none-eabi/lib/thumb/v7e-m+fp/hard\libm.a(lib_a-w_pow.o)
                0x000000000800a468                pow
 .text.__ieee754_pow
                0x000000000800a548      0xa5c c:/st/stm32cubeide_1.9.0/stm32cubeide/plugins/com.st.stm32cube.ide.mcu.externaltools.gnu-tools-for-stm32.10.3-2021.10.win32_1.0.0.202111181127/tools/bin/../lib/gcc/arm-none-eabi/10.3.1/../../../../arm-none-eabi/lib/thumb/v7e-m+fp/hard\libm.a(lib_a-e_pow.o)
                0x000000000800a548                __ieee754_pow
 .text.__ieee754_sqrt
                0x000000000800afa4      0x164 c:/st/stm32cubeide_1.9.0/stm32cubeide/plugins/com.st.stm32cube.ide.mcu.externaltools.gnu-tools-for-stm32.10.3-2021.10.win32_1.0.0.202111181127/tools/bin/../lib/gcc/arm-none-eabi/10.3.1/../../../../arm-none-eabi/lib/thumb/v7e-m+fp/hard\libm.a(lib_a-e_sqrt.o)
                0x000000000800afa4                __ieee754_sqrt
 .text.with_errno
                0x000000000800b108       0x14 c:/st/stm32cubeide_1.9.0/stm32cubeide/plugins/com.st.stm32cube.ide.mcu.externaltools.gnu-tools-for-stm32.10.3-2021.10.win32_1.0.0.202111181127/tools/bin/../lib/gcc/arm-none-eabi/10.3.1/../../../../arm-none-eabi/lib/thumb/v7e-m+fp/hard\libm.a(lib_a-math_err.o)
 .text.xflow    0x000000000800b11c       0x28 c:/st/stm32cubeide_1.9.0/stm32cubeide/plugins/com.st.stm32cube.ide.mcu.externaltools.gnu-tools-for-stm32.10.3-2021.10.win32_1.0.0.202111181127/tools/bin/../lib/gcc/arm-none-eabi/10.3.1/../../../../arm-none-eabi/lib/thumb/v7e-m+fp/hard\libm.a(lib_a-math_err.o)
 .text.__math_uflow
                0x000000000800b144       0x12 c:/st/stm32cubeide_1.9.0/stm32cubeide/plugins/com.st.stm32cube.ide.mcu.externaltools.gnu-tools-for-stm32.10.3-2021.10.win32_1.0.0.202111181127/tools/bin/../lib/gcc/arm-none-eabi/10.3.1/../../../../arm-none-eabi/lib/thumb/v7e-m+fp/hard\libm.a(lib_a-math_err.o)
                0x000000000800b144                __math_uflow
 .text.__math_oflow
                0x000000000800b156       0x12 c:/st/stm32cubeide_1.9.0/stm32cubeide/plugins/com.st.stm32cube.ide.mcu.externaltools.gnu-tools-for-stm32.10.3-2021.10.win32_1.0.0.202111181127/tools/bin/../lib/gcc/arm-none-eabi/10.3.1/../../../../arm-none-eabi/lib/thumb/v7e-m+fp/hard\libm.a(lib_a-math_err.o)
                0x000000000800b156                __math_oflow
 .text.fabs     0x000000000800b168       0x12 c:/st/stm32cubeide_1.9.0/stm32cubeide/plugins/com.st.stm32cube.ide.mcu.externaltools.gnu-tools-for-stm32.10.3-2021.10.win32_1.0.0.202111181127/tools/bin/../lib/gcc/arm-none-eabi/10.3.1/../../../../arm-none-eabi/lib/thumb/v7e-m+fp/hard\libm.a(lib_a-s_fabs.o)
                0x000000000800b168                fabs
 .text.finite   0x000000000800b17a       0x16 c:/st/stm32cubeide_1.9.0/stm32cubeide/plugins/com.st.stm32cube.ide.mcu.externaltools.gnu-tools-for-stm32.10.3-2021.10.win32_1.0.0.202111181127/tools/bin/../lib/gcc/arm-none-eabi/10.3.1/../../../../arm-none-eabi/lib/thumb/v7e-m+fp/hard\libm.a(lib_a-s_finite.o)
                0x000000000800b17a                finite
 .text.scalbn   0x000000000800b190      0x10c c:/st/stm32cubeide_1.9.0/stm32cubeide/plugins/com.st.stm32cube.ide.mcu.externaltools.gnu-tools-for-stm32.10.3-2021.10.win32_1.0.0.202111181127/tools/bin/../lib/gcc/arm-none-eabi/10.3.1/../../../../arm-none-eabi/lib/thumb/v7e-m+fp/hard\libm.a(lib_a-s_scalbn.o)
                0x000000000800b190                scalbn
 *(.glue_7)
 .glue_7        0x000000000800b29c        0x0 linker stubs
 *(.glue_7t)
 .glue_7t       0x000000000800b29c        0x0 linker stubs
 *(.eh_frame)
 .eh_frame      0x000000000800b29c        0x0 c:/st/stm32cubeide_1.9.0/stm32cubeide/plugins/com.st.stm32cube.ide.mcu.externaltools.gnu-tools-for-stm32.10.3-2021.10.win32_1.0.0.202111181127/tools/bin/../lib/gcc/arm-none-eabi/10.3.1/thumb/v7e-m+fp/hard/crtbegin.o
 *(.init)
 .init          0x000000000800b29c        0x4 c:/st/stm32cubeide_1.9.0/stm32cubeide/plugins/com.st.stm32cube.ide.mcu.externaltools.gnu-tools-for-stm32.10.3-2021.10.win32_1.0.0.202111181127/tools/bin/../lib/gcc/arm-none-eabi/10.3.1/thumb/v7e-m+fp/hard/crti.o
                0x000000000800b29c                _init
 .init          0x000000000800b2a0        0x8 c:/st/stm32cubeide_1.9.0/stm32cubeide/plugins/com.st.stm32cube.ide.mcu.externaltools.gnu-tools-for-stm32.10.3-2021.10.win32_1.0.0.202111181127/tools/bin/../lib/gcc/arm-none-eabi/10.3.1/thumb/v7e-m+fp/hard/crtn.o
 *(.fini)
 .fini          0x000000000800b2a8        0x4 c:/st/stm32cubeide_1.9.0/stm32cubeide/plugins/com.st.stm32cube.ide.mcu.externaltools.gnu-tools-for-stm32.10.3-2021.10.win32_1.0.0.202111181127/tools/bin/../lib/gcc/arm-none-eabi/10.3.1/thumb/v7e-m+fp/hard/crti.o
                0x000000000800b2a8                _fini
 .fini          0x000000000800b2ac        0x8 c:/st/stm32cubeide_1.9.0/stm32cubeide/plugins/com.st.stm32cube.ide.mcu.externaltools.gnu-tools-for-stm32.10.3-2021.10.win32_1.0.0.202111181127/tools/bin/../lib/gcc/arm-none-eabi/10.3.1/thumb/v7e-m+fp/hard/crtn.o
                0x000000000800b2b4                . = ALIGN (0x4)
                0x000000000800b2b4                _etext = .

.vfp11_veneer   0x000000000800b2b4        0x0
 .vfp11_veneer  0x000000000800b2b4        0x0 linker stubs

.v4_bx          0x000000000800b2b4        0x0
 .v4_bx         0x000000000800b2b4        0x0 linker stubs

.iplt           0x000000000800b2b4        0x0
 .iplt          0x000000000800b2b4        0x0 c:/st/stm32cubeide_1.9.0/stm32cubeide/plugins/com.st.stm32cube.ide.mcu.externaltools.gnu-tools-for-stm32.10.3-2021.10.win32_1.0.0.202111181127/tools/bin/../lib/gcc/arm-none-eabi/10.3.1/thumb/v7e-m+fp/hard/crtbegin.o

.rodata         0x000000000800b2b8      0x360
                0x000000000800b2b8                . = ALIGN (0x4)
 *(.rodata)
 .rodata        0x000000000800b2b8      0x267 ./Application/User/app_mems.o
 *(.rodata*)
 *fill*         0x000000000800b51f        0x1 
 .rodata.LedGpioInit.4
                0x000000000800b520        0x4 ./Drivers/BSP/STM32F4xx_Nucleo/stm32f4xx_nucleo.o
 .rodata.ButtonGpioInit.3
                0x000000000800b524        0x4 ./Drivers/BSP/STM32F4xx_Nucleo/stm32f4xx_nucleo.o
 .rodata.BUTTON_EXTI_LINE.2
                0x000000000800b528        0x4 ./Drivers/BSP/STM32F4xx_Nucleo/stm32f4xx_nucleo.o
 .rodata.ButtonCallback.1
                0x000000000800b52c        0x4 ./Drivers/BSP/STM32F4xx_Nucleo/stm32f4xx_nucleo.o
 .rodata.BSP_BUTTON_PRIO.0
                0x000000000800b530        0x4 ./Drivers/BSP/STM32F4xx_Nucleo/stm32f4xx_nucleo.o
 .rodata.AHBPrescTable
                0x000000000800b534       0x10 ./Drivers/CMSIS/system_stm32f4xx.o
                0x000000000800b534                AHBPrescTable
 .rodata.APBPrescTable
                0x000000000800b544        0x8 ./Drivers/CMSIS/system_stm32f4xx.o
                0x000000000800b544                APBPrescTable
 .rodata._global_impure_ptr
                0x000000000800b54c        0x4 c:/st/stm32cubeide_1.9.0/stm32cubeide/plugins/com.st.stm32cube.ide.mcu.externaltools.gnu-tools-for-stm32.10.3-2021.10.win32_1.0.0.202111181127/tools/bin/../lib/gcc/arm-none-eabi/10.3.1/../../../../arm-none-eabi/lib/thumb/v7e-m+fp/hard\libc_nano.a(lib_a-impure.o)
                0x000000000800b54c                _global_impure_ptr
 .rodata.__sf_fake_stderr
                0x000000000800b550       0x20 c:/st/stm32cubeide_1.9.0/stm32cubeide/plugins/com.st.stm32cube.ide.mcu.externaltools.gnu-tools-for-stm32.10.3-2021.10.win32_1.0.0.202111181127/tools/bin/../lib/gcc/arm-none-eabi/10.3.1/../../../../arm-none-eabi/lib/thumb/v7e-m+fp/hard\libc_nano.a(lib_a-findfp.o)
                0x000000000800b550                __sf_fake_stderr
 .rodata.__sf_fake_stdin
                0x000000000800b570       0x20 c:/st/stm32cubeide_1.9.0/stm32cubeide/plugins/com.st.stm32cube.ide.mcu.externaltools.gnu-tools-for-stm32.10.3-2021.10.win32_1.0.0.202111181127/tools/bin/../lib/gcc/arm-none-eabi/10.3.1/../../../../arm-none-eabi/lib/thumb/v7e-m+fp/hard\libc_nano.a(lib_a-findfp.o)
                0x000000000800b570                __sf_fake_stdin
 .rodata.__sf_fake_stdout
                0x000000000800b590       0x20 c:/st/stm32cubeide_1.9.0/stm32cubeide/plugins/com.st.stm32cube.ide.mcu.externaltools.gnu-tools-for-stm32.10.3-2021.10.win32_1.0.0.202111181127/tools/bin/../lib/gcc/arm-none-eabi/10.3.1/../../../../arm-none-eabi/lib/thumb/v7e-m+fp/hard\libc_nano.a(lib_a-findfp.o)
                0x000000000800b590                __sf_fake_stdout
 .rodata._svfprintf_r.str1.1
                0x000000000800b5b0       0x11 c:/st/stm32cubeide_1.9.0/stm32cubeide/plugins/com.st.stm32cube.ide.mcu.externaltools.gnu-tools-for-stm32.10.3-2021.10.win32_1.0.0.202111181127/tools/bin/../lib/gcc/arm-none-eabi/10.3.1/../../../../arm-none-eabi/lib/thumb/v7e-m+fp/hard\libc_nano.a(lib_a-nano-svfprintf.o)
 .rodata._vfprintf_r.str1.1
                0x000000000800b5c1       0x11 c:/st/stm32cubeide_1.9.0/stm32cubeide/plugins/com.st.stm32cube.ide.mcu.externaltools.gnu-tools-for-stm32.10.3-2021.10.win32_1.0.0.202111181127/tools/bin/../lib/gcc/arm-none-eabi/10.3.1/../../../../arm-none-eabi/lib/thumb/v7e-m+fp/hard\libc_nano.a(lib_a-nano-vfprintf.o)
 .rodata._printf_i.str1.1
                0x000000000800b5c1       0x22 c:/st/stm32cubeide_1.9.0/stm32cubeide/plugins/com.st.stm32cube.ide.mcu.externaltools.gnu-tools-for-stm32.10.3-2021.10.win32_1.0.0.202111181127/tools/bin/../lib/gcc/arm-none-eabi/10.3.1/../../../../arm-none-eabi/lib/thumb/v7e-m+fp/hard\libc_nano.a(lib_a-nano-vfprintf_i.o)
 *fill*         0x000000000800b5e3        0x5 
 .rodata.bp     0x000000000800b5e8       0x10 c:/st/stm32cubeide_1.9.0/stm32cubeide/plugins/com.st.stm32cube.ide.mcu.externaltools.gnu-tools-for-stm32.10.3-2021.10.win32_1.0.0.202111181127/tools/bin/../lib/gcc/arm-none-eabi/10.3.1/../../../../arm-none-eabi/lib/thumb/v7e-m+fp/hard\libm.a(lib_a-e_pow.o)
 .rodata.dp_h   0x000000000800b5f8       0x10 c:/st/stm32cubeide_1.9.0/stm32cubeide/plugins/com.st.stm32cube.ide.mcu.externaltools.gnu-tools-for-stm32.10.3-2021.10.win32_1.0.0.202111181127/tools/bin/../lib/gcc/arm-none-eabi/10.3.1/../../../../arm-none-eabi/lib/thumb/v7e-m+fp/hard\libm.a(lib_a-e_pow.o)
 .rodata.dp_l   0x000000000800b608       0x10 c:/st/stm32cubeide_1.9.0/stm32cubeide/plugins/com.st.stm32cube.ide.mcu.externaltools.gnu-tools-for-stm32.10.3-2021.10.win32_1.0.0.202111181127/tools/bin/../lib/gcc/arm-none-eabi/10.3.1/../../../../arm-none-eabi/lib/thumb/v7e-m+fp/hard\libm.a(lib_a-e_pow.o)
                0x000000000800b618                . = ALIGN (0x4)

.ARM.extab      0x000000000800b618        0x0
                0x000000000800b618                . = ALIGN (0x4)
 *(.ARM.extab* .gnu.linkonce.armextab.*)
                0x000000000800b618                . = ALIGN (0x4)

.ARM            0x000000000800b618        0x8
                0x000000000800b618                . = ALIGN (0x4)
                0x000000000800b618                __exidx_start = .
 *(.ARM.exidx*)
 .ARM.exidx     0x000000000800b618        0x8 c:/st/stm32cubeide_1.9.0/stm32cubeide/plugins/com.st.stm32cube.ide.mcu.externaltools.gnu-tools-for-stm32.10.3-2021.10.win32_1.0.0.202111181127/tools/bin/../lib/gcc/arm-none-eabi/10.3.1/thumb/v7e-m+fp/hard\libgcc.a(_udivmoddi4.o)
                0x000000000800b620                __exidx_end = .
                0x000000000800b620                . = ALIGN (0x4)

.rel.dyn        0x000000000800b620        0x0
 .rel.iplt      0x000000000800b620        0x0 c:/st/stm32cubeide_1.9.0/stm32cubeide/plugins/com.st.stm32cube.ide.mcu.externaltools.gnu-tools-for-stm32.10.3-2021.10.win32_1.0.0.202111181127/tools/bin/../lib/gcc/arm-none-eabi/10.3.1/thumb/v7e-m+fp/hard/crtbegin.o

.preinit_array  0x000000000800b620        0x0
                0x000000000800b620                . = ALIGN (0x4)
                0x000000000800b620                PROVIDE (__preinit_array_start = .)
 *(.preinit_array*)
                0x000000000800b620                PROVIDE (__preinit_array_end = .)
                0x000000000800b620                . = ALIGN (0x4)

.init_array     0x000000000800b620        0x4
                0x000000000800b620                . = ALIGN (0x4)
                0x000000000800b620                PROVIDE (__init_array_start = .)
 *(SORT_BY_NAME(.init_array.*))
 *(.init_array*)
 .init_array    0x000000000800b620        0x4 c:/st/stm32cubeide_1.9.0/stm32cubeide/plugins/com.st.stm32cube.ide.mcu.externaltools.gnu-tools-for-stm32.10.3-2021.10.win32_1.0.0.202111181127/tools/bin/../lib/gcc/arm-none-eabi/10.3.1/thumb/v7e-m+fp/hard/crtbegin.o
                0x000000000800b624                PROVIDE (__init_array_end = .)
                0x000000000800b624                . = ALIGN (0x4)

.fini_array     0x000000000800b624        0x4
                0x000000000800b624                . = ALIGN (0x4)
                [!provide]                        PROVIDE (__fini_array_start = .)
 *(SORT_BY_NAME(.fini_array.*))
 *(.fini_array*)
 .fini_array    0x000000000800b624        0x4 c:/st/stm32cubeide_1.9.0/stm32cubeide/plugins/com.st.stm32cube.ide.mcu.externaltools.gnu-tools-for-stm32.10.3-2021.10.win32_1.0.0.202111181127/tools/bin/../lib/gcc/arm-none-eabi/10.3.1/thumb/v7e-m+fp/hard/crtbegin.o
                [!provide]                        PROVIDE (__fini_array_end = .)
                0x000000000800b628                . = ALIGN (0x4)
                0x000000000800b628                _sidata = LOADADDR (.data)

.data           0x0000000020000000      0x158 load address 0x000000000800b628
                0x0000000020000000                . = ALIGN (0x4)
                0x0000000020000000                _sdata = .
 *(.data)
 *(.data*)
 .data.verbose  0x0000000020000000        0x1 ./Application/User/app_mems.o
 *fill*         0x0000000020000001        0x3 
 .data.IIS2DLPC_COMMON_Driver
                0x0000000020000004       0x10 ./Drivers/BSP/Components/iis2dlpc.o
                0x0000000020000004                IIS2DLPC_COMMON_Driver
 .data.IIS2DLPC_ACC_Driver
                0x0000000020000014       0x24 ./Drivers/BSP/Components/iis2dlpc.o
                0x0000000020000014                IIS2DLPC_ACC_Driver
 .data.IIS2MDC_COMMON_Driver
                0x0000000020000038       0x10 ./Drivers/BSP/Components/iis2mdc.o
                0x0000000020000038                IIS2MDC_COMMON_Driver
 .data.IIS2MDC_MAG_Driver
                0x0000000020000048       0x24 ./Drivers/BSP/Components/iis2mdc.o
                0x0000000020000048                IIS2MDC_MAG_Driver
 .data.ISM330DHCX_COMMON_Driver
                0x000000002000006c       0x10 ./Drivers/BSP/Components/ism330dhcx.o
                0x000000002000006c                ISM330DHCX_COMMON_Driver
 .data.ISM330DHCX_ACC_Driver
                0x000000002000007c       0x24 ./Drivers/BSP/Components/ism330dhcx.o
                0x000000002000007c                ISM330DHCX_ACC_Driver
 .data.ISM330DHCX_GYRO_Driver
                0x00000000200000a0       0x24 ./Drivers/BSP/Components/ism330dhcx.o
                0x00000000200000a0                ISM330DHCX_GYRO_Driver
 .data.FunctionIndex
                0x00000000200000c4       0x14 ./Drivers/BSP/IKS02A1/iks02a1_motion_sensors.o
 .data.BUTTON_PORT
                0x00000000200000d8        0x4 ./Drivers/BSP/STM32F4xx_Nucleo/stm32f4xx_nucleo.o
 .data.hpb_exti
                0x00000000200000dc        0x8 ./Drivers/BSP/STM32F4xx_Nucleo/stm32f4xx_nucleo.o
                0x00000000200000dc                hpb_exti
 .data.COM_USART
                0x00000000200000e4        0x4 ./Drivers/BSP/STM32F4xx_Nucleo/stm32f4xx_nucleo.o
                0x00000000200000e4                COM_USART
 .data.SystemCoreClock
                0x00000000200000e8        0x4 ./Drivers/CMSIS/system_stm32f4xx.o
                0x00000000200000e8                SystemCoreClock
 .data.uwTickPrio
                0x00000000200000ec        0x4 ./Drivers/STM32F4xx_HAL_Driver/stm32f4xx_hal.o
                0x00000000200000ec                uwTickPrio
 .data.uwTickFreq
                0x00000000200000f0        0x1 ./Drivers/STM32F4xx_HAL_Driver/stm32f4xx_hal.o
                0x00000000200000f0                uwTickFreq
 *fill*         0x00000000200000f1        0x3 
 .data._impure_ptr
                0x00000000200000f4        0x4 c:/st/stm32cubeide_1.9.0/stm32cubeide/plugins/com.st.stm32cube.ide.mcu.externaltools.gnu-tools-for-stm32.10.3-2021.10.win32_1.0.0.202111181127/tools/bin/../lib/gcc/arm-none-eabi/10.3.1/../../../../arm-none-eabi/lib/thumb/v7e-m+fp/hard\libc_nano.a(lib_a-impure.o)
                0x00000000200000f4                _impure_ptr
 .data.impure_data
                0x00000000200000f8       0x60 c:/st/stm32cubeide_1.9.0/stm32cubeide/plugins/com.st.stm32cube.ide.mcu.externaltools.gnu-tools-for-stm32.10.3-2021.10.win32_1.0.0.202111181127/tools/bin/../lib/gcc/arm-none-eabi/10.3.1/../../../../arm-none-eabi/lib/thumb/v7e-m+fp/hard\libc_nano.a(lib_a-impure.o)
 *(.RamFunc)
 *(.RamFunc*)
                0x0000000020000158                . = ALIGN (0x4)
                0x0000000020000158                _edata = .

.igot.plt       0x0000000020000158        0x0 load address 0x000000000800b780
 .igot.plt      0x0000000020000158        0x0 c:/st/stm32cubeide_1.9.0/stm32cubeide/plugins/com.st.stm32cube.ide.mcu.externaltools.gnu-tools-for-stm32.10.3-2021.10.win32_1.0.0.202111181127/tools/bin/../lib/gcc/arm-none-eabi/10.3.1/thumb/v7e-m+fp/hard/crtbegin.o
                0x0000000020000158                . = ALIGN (0x4)

.bss            0x0000000020000158      0x308 load address 0x000000000800b780
                0x0000000020000158                _sbss = .
                0x0000000020000158                __bss_start__ = _sbss
 *(.bss)
 .bss           0x0000000020000158       0x1c c:/st/stm32cubeide_1.9.0/stm32cubeide/plugins/com.st.stm32cube.ide.mcu.externaltools.gnu-tools-for-stm32.10.3-2021.10.win32_1.0.0.202111181127/tools/bin/../lib/gcc/arm-none-eabi/10.3.1/thumb/v7e-m+fp/hard/crtbegin.o
 *(.bss*)
 .bss.PushButtonDetected
                0x0000000020000174        0x1 ./Application/User/app_mems.o
 *fill*         0x0000000020000175        0x3 
 .bss.MotionCapabilities
                0x0000000020000178       0x54 ./Application/User/app_mems.o
 .bss.dataOut   0x00000000200001cc      0x100 ./Application/User/app_mems.o
 .bss.PushButtonState
                0x00000000200002cc        0x4 ./Application/User/app_mems.o
 .bss.hi2c1     0x00000000200002d0       0x54 ./Application/User/stm32f4xx_nucleo_bus.o
                0x00000000200002d0                hi2c1
 .bss.I2C1InitCounter
                0x0000000020000324        0x4 ./Application/User/stm32f4xx_nucleo_bus.o
 .bss.__sbrk_heap_end
                0x0000000020000328        0x4 ./Application/User/sysmem.o
 .bss.MotionCompObj
                0x000000002000032c        0xc ./Drivers/BSP/IKS02A1/iks02a1_motion_sensors.o