Archive member included to satisfy reference by file (symbol)

c:/st/stm32cubeide_1.9.0/stm32cubeide/plugins/com.st.stm32cube.ide.mcu.externaltools.gnu-tools-for-stm32.10.3-2021.10.win32_1.0.0.202111181127/tools/bin/../lib/gcc/arm-none-eabi/10.3.1/../../../../arm-none-eabi/lib/thumb/v7e-m+fp/hard\libc_nano.a(lib_a-errno.o)
                              ./Application/User/syscalls.o (__errno)
c:/st/stm32cubeide_1.9.0/stm32cubeide/plugins/com.st.stm32cube.ide.mcu.externaltools.gnu-tools-for-stm32.10.3-2021.10.win32_1.0.0.202111181127/tools/bin/../lib/gcc/arm-none-eabi/10.3.1/../../../../arm-none-eabi/lib/thumb/v7e-m+fp/hard\libc_nano.a(lib_a-exit.o)
                              c:/st/stm32cubeide_1.9.0/stm32cubeide/plugins/com.st.stm32cube.ide.mcu.externaltools.gnu-tools-for-stm32.10.3-2021.10.win32_1.0.0.202111181127/tools/bin/../lib/gcc/arm-none-eabi/10.3.1/../../../../arm-none-eabi/lib/thumb/v7e-m+fp/hard/crt0.o (exit)
c:/st/stm32cubeide_1.9.0/stm32cubeide/plugins/com.st.stm32cube.ide.mcu.externaltools.gnu-tools-for-stm32.10.3-2021.10.win32_1.0.0.202111181127/tools/bin/../lib/gcc/arm-none-eabi/10.3.1/../../../../arm-none-eabi/lib/thumb/v7e-m+fp/hard\libc_nano.a(lib_a-impure.o)
                              c:/st/stm32cubeide_1.9.0/stm32cubeide/plugins/com.st.stm32cube.ide.mcu.externaltools.gnu-tools-for-stm32.10.3-2021.10.win32_1.0.0.202111181127/tools/bin/../lib/gcc/arm-none-eabi/10.3.1/../../../../arm-none-eabi/lib/thumb/v7e-m+fp/hard\libc_nano.a(lib_a-exit.o) (_global_impure_ptr)
c:/st/stm32cubeide_1.9.0/stm32cubeide/plugins/com.st.stm32cube.ide.mcu.externaltools.gnu-tools-for-stm32.10.3-2021.10.win32_1.0.0.202111181127/tools/bin/../lib/gcc/arm-none-eabi/10.3.1/../../../../arm-none-eabi/lib/thumb/v7e-m+fp/hard\libc_nano.a(lib_a-init.o)
                              c:/st/stm32cubeide_1.9.0/stm32cubeide/plugins/com.st.stm32cube.ide.mcu.externaltools.gnu-tools-for-stm32.10.3-2021.10.win32_1.0.0.202111181127/tools/bin/../lib/gcc/arm-none-eabi/10.3.1/../../../../arm-none-eabi/lib/thumb/v7e-m+fp/hard/crt0.o (__libc_init_array)
c:/st/stm32cubeide_1.9.0/stm32cubeide/plugins/com.st.stm32cube.ide.mcu.externaltools.gnu-tools-for-stm32.10.3-2021.10.win32_1.0.0.202111181127/tools/bin/../lib/gcc/arm-none-eabi/10.3.1/../../../../arm-none-eabi/lib/thumb/v7e-m+fp/hard\libc_nano.a(lib_a-memset.o)
                              c:/st/stm32cubeide_1.9.0/stm32cubeide/plugins/com.st.stm32cube.ide.mcu.externaltools.gnu-tools-for-stm32.10.3-2021.10.win32_1.0.0.202111181127/tools/bin/../lib/gcc/arm-none-eabi/10.3.1/../../../../arm-none-eabi/lib/thumb/v7e-m+fp/hard/crt0.o (memset)
c:/st/stm32cubeide_1.9.0/stm32cubeide/plugins/com.st.stm32cube.ide.mcu.externaltools.gnu-tools-for-stm32.10.3-2021.10.win32_1.0.0.202111181127/tools/bin/../lib/gcc/arm-none-eabi/10.3.1/../../../../arm-none-eabi/lib/thumb/v7e-m+fp/hard\libc_nano.a(lib_a-nano-vfprintf_float.o)
                              (_printf_float)
c:/st/stm32cubeide_1.9.0/stm32cubeide/plugins/com.st.stm32cube.ide.mcu.externaltools.gnu-tools-for-stm32.10.3-2021.10.win32_1.0.0.202111181127/tools/bin/../lib/gcc/arm-none-eabi/10.3.1/../../../../arm-none-eabi/lib/thumb/v7e-m+fp/hard\libc_nano.a(lib_a-nano-vfprintf_i.o)
                              c:/st/stm32cubeide_1.9.0/stm32cubeide/plugins/com.st.stm32cube.ide.mcu.externaltools.gnu-tools-for-stm32.10.3-2021.10.win32_1.0.0.202111181127/tools/bin/../lib/gcc/arm-none-eabi/10.3.1/../../../../arm-none-eabi/lib/thumb/v7e-m+fp/hard\libc_nano.a(lib_a-nano-vfprintf_float.o) (_printf_common)
c:/st/stm32cubeide_1.9.0/stm32cubeide/plugins/com.st.stm32cube.ide.mcu.externaltools.gnu-tools-for-stm32.10.3-2021.10.win32_1.0.0.202111181127/tools/bin/../lib/gcc/arm-none-eabi/10.3.1/../../../../arm-none-eabi/lib/thumb/v7e-m+fp/hard\libc_nano.a(lib_a-printf.o)
                              ./Application/User/app_mems.o (printf)
c:/st/stm32cubeide_1.9.0/stm32cubeide/plugins/com.st.stm32cube.ide.mcu.externaltools.gnu-tools-for-stm32.10.3-2021.10.win32_1.0.0.202111181127/tools/bin/../lib/gcc/arm-none-eabi/10.3.1/../../../../arm-none-eabi/lib/thumb/v7e-m+fp/hard\libc_nano.a(lib_a-snprintf.o)
                              ./Application/User/app_mems.o (snprintf)
c:/st/stm32cubeide_1.9.0/stm32cubeide/plugins/com.st.stm32cube.ide.mcu.externaltools.gnu-tools-for-stm32.10.3-2021.10.win32_1.0.0.202111181127/tools/bin/../lib/gcc/arm-none-eabi/10.3.1/../../../../arm-none-eabi/lib/thumb/v7e-m+fp/hard\libc_nano.a(lib_a-strlen.o)
                              c:/st/stm32cubeide_1.9.0/stm32cubeide/plugins/com.st.stm32cube.ide.mcu.externaltools.gnu-tools-for-stm32.10.3-2021.10.win32_1.0.0.202111181127/tools/bin/../lib/gcc/arm-none-eabi/10.3.1/../../../../arm-none-eabi/lib/thumb/v7e-m+fp/hard\libc_nano.a(lib_a-nano-vfprintf_float.o) (strlen)
[...]
Memory Configuration

Name             Origin             Length             Attributes
RAM              0x0000000020000000 0x0000000000020000 xrw
FLASH            0x0000000008000000 0x0000000000080000 xr
*default*        0x0000000000000000 0xffffffffffffffff

Linker script and memory map

LOAD c:/st/stm32cubeide_1.9.0/stm32cubeide/plugins/com.st.stm32cube.ide.mcu.externaltools.gnu-tools-for-stm32.10.3-2021.10.win32_1.0.0.202111181127/tools/bin/../lib/gcc/arm-none-eabi/10.3.1/thumb/v7e-m+fp/hard/crti.o
LOAD c:/st/stm32cubeide_1.9.0/stm32cubeide/plugins/com.st.stm32cube.ide.mcu.externaltools.gnu-tools-for-stm32.10.3-2021.10.win32_1.0.0.202111181127/tools/bin/../lib/gcc/arm-none-eabi/10.3.1/thumb/v7e-m+fp/hard/crtbegin.o
LOAD c:/st/stm32cubeide_1.9.0/stm32cubeide/plugins/com.st.stm32cube.ide.mcu.externaltools.gnu-tools-for-stm32.10.3-2021.10.win32_1.0.0.202111181127/tools/bin/../lib/gcc/arm-none-eabi/10.3.1/../../../../arm-none-eabi/lib/thumb/v7e-m+fp/hard/crt0.o
LOAD ./Application/Startup/startup_stm32f411retx.o
LOAD ./Application/User/app_mems.o
LOAD ./Application/User/bsp.o
LOAD ./Application/User/gpio.o
LOAD ./Application/User/main.o
LOAD ./Application/User/stm32f4xx_hal_msp.o
LOAD ./Application/User/stm32f4xx_it.o
LOAD ./Application/User/stm32f4xx_nucleo_bus.o
LOAD ./Application/User/syscalls.o
LOAD ./Application/User/sysmem.o
LOAD ./Drivers/BSP/Components/iis2dlpc.o
LOAD ./Drivers/BSP/Components/iis2dlpc_reg.o
LOAD ./Drivers/BSP/Components/iis2mdc.o
LOAD ./Drivers/BSP/Components/iis2mdc_reg.o
LOAD ./Drivers/BSP/Components/ism330dhcx.o
LOAD ./Drivers/BSP/Components/ism330dhcx_reg.o
LOAD ./Drivers/BSP/IKS02A1/iks02a1_motion_sensors.o
LOAD ./Drivers/BSP/IKS02A1/iks02a1_motion_sensors_ex.o
LOAD ./Drivers/BSP/STM32F4xx_Nucleo/stm32f4xx_nucleo.o
LOAD ./Drivers/CMSIS/system_stm32f4xx.o
LOAD ./Drivers/STM32F4xx_HAL_Driver/stm32f4xx_hal.o
LOAD ./Drivers/STM32F4xx_HAL_Driver/stm32f4xx_hal_cortex.o
LOAD ./Drivers/STM32F4xx_HAL_Driver/stm32f4xx_hal_dma.o
LOAD ./Drivers/STM32F4xx_HAL_Driver/stm32f4xx_hal_dma_ex.o
LOAD ./Drivers/STM32F4xx_HAL_Driver/stm32f4xx_hal_exti.o
LOAD ./Drivers/STM32F4xx_HAL_Driver/stm32f4xx_hal_flash.o
LOAD ./Drivers/STM32F4xx_HAL_Driver/stm32f4xx_hal_flash_ex.o
LOAD ./Drivers/STM32F4xx_HAL_Driver/stm32f4xx_hal_flash_ramfunc.o
LOAD ./Drivers/STM32F4xx_HAL_Driver/stm32f4xx_hal_gpio.o
LOAD ./Drivers/STM32F4xx_HAL_Driver/stm32f4xx_hal_i2c.o
LOAD ./Drivers/STM32F4xx_HAL_Driver/stm32f4xx_hal_i2c_ex.o
LOAD ./Drivers/STM32F4xx_HAL_Driver/stm32f4xx_hal_pwr.o
LOAD ./Drivers/STM32F4xx_HAL_Driver/stm32f4xx_hal_pwr_ex.o
LOAD ./Drivers/STM32F4xx_HAL_Driver/stm32f4xx_hal_rcc.o
LOAD ./Drivers/STM32F4xx_HAL_Driver/stm32f4xx_hal_rcc_ex.o
LOAD ./Drivers/STM32F4xx_HAL_Driver/stm32f4xx_hal_tim.o
LOAD ./Drivers/STM32F4xx_HAL_Driver/stm32f4xx_hal_tim_ex.o
LOAD ./Drivers/STM32F4xx_HAL_Driver/stm32f4xx_hal_uart.o
START GROUP
LOAD c:/st/stm32cubeide_1.9.0/stm32cubeide/plugins/com.st.stm32cube.ide.mcu.externaltools.gnu-tools-for-stm32.10.3-2021.10.win32_1.0.0.202111181127/tools/bin/../lib/gcc/arm-none-eabi/10.3.1/../../../../arm-none-eabi/lib/thumb/v7e-m+fp/hard\libc_nano.a
LOAD c:/st/stm32cubeide_1.9.0/stm32cubeide/plugins/com.st.stm32cube.ide.mcu.externaltools.gnu-tools-for-stm32.10.3-2021.10.win32_1.0.0.202111181127/tools/bin/../lib/gcc/arm-none-eabi/10.3.1/../../../../arm-none-eabi/lib/thumb/v7e-m+fp/hard\libm.a
END GROUP
START GROUP
LOAD c:/st/stm32cubeide_1.9.0/stm32cubeide/plugins/com.st.stm32cube.ide.mcu.externaltools.gnu-tools-for-stm32.10.3-2021.10.win32_1.0.0.202111181127/tools/bin/../lib/gcc/arm-none-eabi/10.3.1/thumb/v7e-m+fp/hard\libgcc.a
LOAD c:/st/stm32cubeide_1.9.0/stm32cubeide/plugins/com.st.stm32cube.ide.mcu.externaltools.gnu-tools-for-stm32.10.3-2021.10.win32_1.0.0.202111181127/tools/bin/../lib/gcc/arm-none-eabi/10.3.1/../../../../arm-none-eabi/lib/thumb/v7e-m+fp/hard\libc_nano.a
END GROUP
START GROUP
LOAD c:/st/stm32cubeide_1.9.0/stm32cubeide/plugins/com.st.stm32cube.ide.mcu.externaltools.gnu-tools-for-stm32.10.3-2021.10.win32_1.0.0.202111181127/tools/bin/../lib/gcc/arm-none-eabi/10.3.1/thumb/v7e-m+fp/hard\libgcc.a
LOAD c:/st/stm32cubeide_1.9.0/stm32cubeide/plugins/com.st.stm32cube.ide.mcu.externaltools.gnu-tools-for-stm32.10.3-2021.10.win32_1.0.0.202111181127/tools/bin/../lib/gcc/arm-none-eabi/10.3.1/../../../../arm-none-eabi/lib/thumb/v7e-m+fp/hard\libc_nano.a
LOAD c:/st/stm32cubeide_1.9.0/stm32cubeide/plugins/com.st.stm32cube.ide.mcu.externaltools.gnu-tools-for-stm32.10.3-2021.10.win32_1.0.0.202111181127/tools/bin/../lib/gcc/arm-none-eabi/10.3.1/../../../../arm-none-eabi/lib/thumb/v7e-m+fp/hard\libnosys.a
END GROUP
START GROUP
LOAD c:/st/stm32cubeide_1.9.0/stm32cubeide/plugins/com.st.stm32cube.ide.mcu.externaltools.gnu-tools-for-stm32.10.3-2021.10.win32_1.0.0.202111181127/tools/bin/../lib/gcc/arm-none-eabi/10.3.1/thumb/v7e-m+fp/hard\libgcc.a
LOAD c:/st/stm32cubeide_1.9.0/stm32cubeide/plugins/com.st.stm32cube.ide.mcu.externaltools.gnu-tools-for-stm32.10.3-2021.10.win32_1.0.0.202111181127/tools/bin/../lib/gcc/arm-none-eabi/10.3.1/../../../../arm-none-eabi/lib/thumb/v7e-m+fp/hard\libc_nano.a
LOAD c:/st/stm32cubeide_1.9.0/stm32cubeide/plugins/com.st.stm32cube.ide.mcu.externaltools.gnu-tools-for-stm32.10.3-2021.10.win32_1.0.0.202111181127/tools/bin/../lib/gcc/arm-none-eabi/10.3.1/../../../../arm-none-eabi/lib/thumb/v7e-m+fp/hard\libnosys.a
END GROUP
LOAD c:/st/stm32cubeide_1.9.0/stm32cubeide/plugins/com.st.stm32cube.ide.mcu.externaltools.gnu-tools-for-stm32.10.3-2021.10.win32_1.0.0.202111181127/tools/bin/../lib/gcc/arm-none-eabi/10.3.1/thumb/v7e-m+fp/hard/crtend.o
LOAD c:/st/stm32cubeide_1.9.0/stm32cubeide/plugins/com.st.stm32cube.ide.mcu.externaltools.gnu-tools-for-stm32.10.3-2021.10.win32_1.0.0.202111181127/tools/bin/../lib/gcc/arm-none-eabi/10.3.1/thumb/v7e-m+fp/hard/crtn.o
                0x0000000020020000                _estack = (ORIGIN (RAM) + LENGTH (RAM))
                0x0000000000000200                _Min_Heap_Size = 0x200
                0x0000000000000400                _Min_Stack_Size = 0x400

.isr_vector     0x0000000008000000      0x198
                0x0000000008000000                . = ALIGN (0x4)
 *(.isr_vector)
 .isr_vector    0x0000000008000000      0x198 ./Application/Startup/startup_stm32f411retx.o
                0x0000000008000000                g_pfnVectors
                0x0000000008000198                . = ALIGN (0x4)

.text           0x00000000080001a0     0xc9e4
                0x00000000080001a0                . = ALIGN (0x4)
 *(.text)
 .text          0x00000000080001a0       0x40 c:/st/stm32cubeide_1.9.0/stm32cubeide/plugins/com.st.stm32cube.ide.mcu.externaltools.gnu-tools-for-stm32.10.3-2021.10.win32_1.0.0.202111181127/tools/bin/../lib/gcc/arm-none-eabi/10.3.1/thumb/v7e-m+fp/hard/crtbegin.o
 .text          0x00000000080001e0       0x10 c:/st/stm32cubeide_1.9.0/stm32cubeide/plugins/com.st.stm32cube.ide.mcu.externaltools.gnu-tools-for-stm32.10.3-2021.10.win32_1.0.0.202111181127/tools/bin/../lib/gcc/arm-none-eabi/10.3.1/../../../../arm-none-eabi/lib/thumb/v7e-m+fp/hard\libc_nano.a(lib_a-strlen.o)
                0x00000000080001e0                strlen
 .text          0x00000000080001f0       0xa0 c:/st/stm32cubeide_1.9.0/stm32cubeide/plugins/com.st.stm32cube.ide.mcu.externaltools.gnu-tools-for-stm32.10.3-2021.10.win32_1.0.0.202111181127/tools/bin/../lib/gcc/arm-none-eabi/10.3.1/../../../../arm-none-eabi/lib/thumb/v7e-m+fp/hard\libc_nano.a(lib_a-memchr.o)
                0x00000000080001f0                memchr
 .text          0x0000000008000290      0x378 c:/st/stm32cubeide_1.9.0/stm32cubeide/plugins/com.st.stm32cube.ide.mcu.externaltools.gnu-tools-for-stm32.10.3-2021.10.win32_1.0.0.202111181127/tools/bin/../lib/gcc/arm-none-eabi/10.3.1/thumb/v7e-m+fp/hard\libgcc.a(_arm_addsubdf3.o)
                0x0000000008000290                __aeabi_drsub
                0x0000000008000298                __aeabi_dsub
                0x0000000008000298                __subdf3
                0x000000000800029c                __aeabi_dadd
                0x000000000800029c                __adddf3
                0x0000000008000514                __floatunsidf
                0x0000000008000514                __aeabi_ui2d
                0x0000000008000534                __floatsidf
                0x0000000008000534                __aeabi_i2d
                0x0000000008000558                __aeabi_f2d
                0x0000000008000558                __extendsfdf2
                0x000000000800059c                __floatundidf
                0x000000000800059c                __aeabi_ul2d
                0x00000000080005ac                __floatdidf
                0x00000000080005ac                __aeabi_l2d
 .text          0x0000000008000608      0x424 c:/st/stm32cubeide_1.9.0/stm32cubeide/plugins/com.st.stm32cube.ide.mcu.externaltools.gnu-tools-for-stm32.10.3-2021.10.win32_1.0.0.202111181127/tools/bin/../lib/gcc/arm-none-eabi/10.3.1/thumb/v7e-m+fp/hard\libgcc.a(_arm_muldivdf3.o)
                0x0000000008000608                __aeabi_dmul
                0x0000000008000608                __muldf3
                0x000000000800085c                __divdf3
                0x000000000800085c                __aeabi_ddiv
 .text          0x0000000008000a2c      0x110 c:/st/stm32cubeide_1.9.0/stm32cubeide/plugins/com.st.stm32cube.ide.mcu.externaltools.gnu-tools-for-stm32.10.3-2021.10.win32_1.0.0.202111181127/tools/bin/../lib/gcc/arm-none-eabi/10.3.1/thumb/v7e-m+fp/hard\libgcc.a(_arm_cmpdf2.o)
                0x0000000008000a2c                __gtdf2
                0x0000000008000a2c                __gedf2
                0x0000000008000a34                __ltdf2
                0x0000000008000a34                __ledf2
                0x0000000008000a3c                __nedf2
                0x0000000008000a3c                __eqdf2
                0x0000000008000a3c                __cmpdf2
                0x0000000008000ab8                __aeabi_cdrcmple
                0x0000000008000ac8                __aeabi_cdcmpeq
                0x0000000008000ac8                __aeabi_cdcmple
                0x0000000008000ad8                __aeabi_dcmpeq
                0x0000000008000aec                __aeabi_dcmplt
                0x0000000008000b00                __aeabi_dcmple
                0x0000000008000b14                __aeabi_dcmpge
                0x0000000008000b28                __aeabi_dcmpgt
 .text          0x0000000008000b3c       0x2c c:/st/stm32cubeide_1.9.0/stm32cubeide/plugins/com.st.stm32cube.ide.mcu.externaltools.gnu-tools-for-stm32.10.3-2021.10.win32_1.0.0.202111181127/tools/bin/../lib/gcc/arm-none-eabi/10.3.1/thumb/v7e-m+fp/hard\libgcc.a(_arm_unorddf2.o)
                0x0000000008000b3c                __unorddf2
                0x0000000008000b3c                __aeabi_dcmpun
 .text          0x0000000008000b68       0x50 c:/st/stm32cubeide_1.9.0/stm32cubeide/plugins/com.st.stm32cube.ide.mcu.externaltools.gnu-tools-for-stm32.10.3-2021.10.win32_1.0.0.202111181127/tools/bin/../lib/gcc/arm-none-eabi/10.3.1/thumb/v7e-m+fp/hard\libgcc.a(_arm_fixdfsi.o)
                0x0000000008000b68                __aeabi_d2iz
                0x0000000008000b68                __fixdfsi
 .text          0x0000000008000bb8       0xa0 c:/st/stm32cubeide_1.9.0/stm32cubeide/plugins/com.st.stm32cube.ide.mcu.externaltools.gnu-tools-for-stm32.10.3-2021.10.win32_1.0.0.202111181127/tools/bin/../lib/gcc/arm-none-eabi/10.3.1/thumb/v7e-m+fp/hard\libgcc.a(_arm_truncdfsf2.o)
                0x0000000008000bb8                __truncdfsf2
                0x0000000008000bb8                __aeabi_d2f
 .text          0x0000000008000c58       0x30 c:/st/stm32cubeide_1.9.0/stm32cubeide/plugins/com.st.stm32cube.ide.mcu.externaltools.gnu-tools-for-stm32.10.3-2021.10.win32_1.0.0.202111181127/tools/bin/../lib/gcc/arm-none-eabi/10.3.1/thumb/v7e-m+fp/hard\libgcc.a(_aeabi_uldivmod.o)
                0x0000000008000c58                __aeabi_uldivmod
 .text          0x0000000008000c88      0x2d0 c:/st/stm32cubeide_1.9.0/stm32cubeide/plugins/com.st.stm32cube.ide.mcu.externaltools.gnu-tools-for-stm32.10.3-2021.10.win32_1.0.0.202111181127/tools/bin/../lib/gcc/arm-none-eabi/10.3.1/thumb/v7e-m+fp/hard\libgcc.a(_udivmoddi4.o)
                0x0000000008000c88                __udivmoddi4
 .text          0x0000000008000f58        0x4 c:/st/stm32cubeide_1.9.0/stm32cubeide/plugins/com.st.stm32cube.ide.mcu.externaltools.gnu-tools-for-stm32.10.3-2021.10.win32_1.0.0.202111181127/tools/bin/../lib/gcc/arm-none-eabi/10.3.1/thumb/v7e-m+fp/hard\libgcc.a(_dvmd_tls.o)
                0x0000000008000f58                __aeabi_idiv0
                0x0000000008000f58                __aeabi_ldiv0
 *(.text*)
 .text.Reset_Handler
                0x0000000008000f5c       0x50 ./Application/Startup/startup_stm32f411retx.o
                0x0000000008000f5c                Reset_Handler
 .text.Default_Handler
                0x0000000008000fac        0x2 ./Application/Startup/startup_stm32f411retx.o
                0x0000000008000fac                RTC_Alarm_IRQHandler
                0x0000000008000fac                EXTI2_IRQHandler
                0x0000000008000fac                SPI4_IRQHandler
                0x0000000008000fac                TIM1_CC_IRQHandler
                0x0000000008000fac                DMA2_Stream5_IRQHandler
                0x0000000008000fac                DMA1_Stream5_IRQHandler
                0x0000000008000fac                PVD_IRQHandler
                0x0000000008000fac                SDIO_IRQHandler
                0x0000000008000fac                TAMP_STAMP_IRQHandler
                0x0000000008000fac                EXTI3_IRQHandler
                0x0000000008000fac                TIM1_UP_TIM10_IRQHandler
                0x0000000008000fac                I2C3_ER_IRQHandler
                0x0000000008000fac                EXTI0_IRQHandler
                0x0000000008000fac                I2C2_EV_IRQHandler
                0x0000000008000fac                DMA1_Stream2_IRQHandler
                0x0000000008000fac                FPU_IRQHandler
                0x0000000008000fac                DMA2_Stream2_IRQHandler
                0x0000000008000fac                SPI1_IRQHandler
                0x0000000008000fac                TIM1_BRK_TIM9_IRQHandler
                0x0000000008000fac                DMA2_Stream3_IRQHandler
                0x0000000008000fac                USART6_IRQHandler
                0x0000000008000fac                DMA2_Stream0_IRQHandler
                0x0000000008000fac                TIM4_IRQHandler
                0x0000000008000fac                I2C1_EV_IRQHandler
                0x0000000008000fac                DMA1_Stream6_IRQHandler
                0x0000000008000fac                DMA1_Stream1_IRQHandler
                0x0000000008000fac                TIM3_IRQHandler
                0x0000000008000fac                RCC_IRQHandler
                0x0000000008000fac                Default_Handler
                0x0000000008000fac                ADC_IRQHandler
                0x0000000008000fac                DMA1_Stream7_IRQHandler
                0x0000000008000fac                SPI5_IRQHandler
                0x0000000008000fac                TIM5_IRQHandler
                0x0000000008000fac                DMA2_Stream7_IRQHandler
                0x0000000008000fac                I2C3_EV_IRQHandler
                0x0000000008000fac                EXTI9_5_IRQHandler
                0x0000000008000fac                RTC_WKUP_IRQHandler
                0x0000000008000fac                SPI2_IRQHandler
                0x0000000008000fac                DMA1_Stream0_IRQHandler
                0x0000000008000fac                EXTI4_IRQHandler
                0x0000000008000fac                WWDG_IRQHandler
                0x0000000008000fac                TIM2_IRQHandler
                0x0000000008000fac                OTG_FS_WKUP_IRQHandler
                0x0000000008000fac                TIM1_TRG_COM_TIM11_IRQHandler
                0x0000000008000fac                EXTI1_IRQHandler
                0x0000000008000fac                USART2_IRQHandler
                0x0000000008000fac                I2C2_ER_IRQHandler
                0x0000000008000fac                DMA2_Stream1_IRQHandler
                0x0000000008000fac                FLASH_IRQHandler
                0x0000000008000fac                DMA2_Stream4_IRQHandler
                0x0000000008000fac                USART1_IRQHandler
                0x0000000008000fac                OTG_FS_IRQHandler
                0x0000000008000fac                SPI3_IRQHandler
                0x0000000008000fac                DMA1_Stream4_IRQHandler
                0x0000000008000fac                I2C1_ER_IRQHandler
                0x0000000008000fac                DMA2_Stream6_IRQHandler
                0x0000000008000fac                DMA1_Stream3_IRQHandler
 .text.MX_MEMS_Init
                0x0000000008000fae        0xc ./Application/User/app_mems.o
                0x0000000008000fae                MX_MEMS_Init
 .text.MX_MEMS_Process
                0x0000000008000fba        0xc ./Application/User/app_mems.o
                0x0000000008000fba                MX_MEMS_Process
 *fill*         0x0000000008000fc6        0x2 
 .text.MX_IKS02A1_DataLogTerminal_Init
                0x0000000008000fc8      0x20c ./Application/User/app_mems.o
 .text.BSP_PB_Callback
                0x00000000080011d4       0x20 ./Application/User/app_mems.o
                0x00000000080011d4                BSP_PB_Callback
 .text.MX_IKS02A1_DataLogTerminal_Process
                0x00000000080011f4       0xb8 ./Application/User/app_mems.o
 *fill*         0x00000000080012ac        0x4 
 .text.floatToInt
                0x00000000080012b0      0x114 ./Application/User/app_mems.o
 .text.Accelero_Sensor_Handler
                0x00000000080013c4       0xb4 ./Application/User/app_mems.o
 .text.Gyro_Sensor_Handler
                0x0000000008001478       0x6c ./Application/User/app_mems.o
 .text.Magneto_Sensor_Handler
                0x00000000080014e4       0x6c ./Application/User/app_mems.o
 .text.MX_GPIO_Init
                0x0000000008001550       0x94 ./Application/User/gpio.o
                0x0000000008001550                MX_GPIO_Init
 .text.main     0x00000000080015e4       0x1a ./Application/User/main.o
                0x00000000080015e4                main
 *fill*         0x00000000080015fe        0x2 
 .text.SystemClock_Config
                0x0000000008001600       0xd4 ./Application/User/main.o
                0x0000000008001600                SystemClock_Config
 .text.Error_Handler
                0x00000000080016d4        0xa ./Application/User/main.o
                0x00000000080016d4                Error_Handler
 *fill*         0x00000000080016de        0x2 
 .text.HAL_MspInit
                0x00000000080016e0       0x50 ./Application/User/stm32f4xx_hal_msp.o
                0x00000000080016e0                HAL_MspInit
 .text.NMI_Handler
                0x0000000008001730        0x6 ./Application/User/stm32f4xx_it.o
                0x0000000008001730                NMI_Handler
 .text.HardFault_Handler
                0x0000000008001736        0x6 ./Application/User/stm32f4xx_it.o
                0x0000000008001736                HardFault_Handler
 .text.MemManage_Handler
                0x000000000800173c        0x6 ./Application/User/stm32f4xx_it.o
                0x000000000800173c                MemManage_Handler
 .text.BusFault_Handler
                0x0000000008001742        0x6 ./Application/User/stm32f4xx_it.o
                0x0000000008001742                BusFault_Handler
 .text.UsageFault_Handler
                0x0000000008001748        0x6 ./Application/User/stm32f4xx_it.o
                0x0000000008001748                UsageFault_Handler
 .text.SVC_Handler
                0x000000000800174e        0xe ./Application/User/stm32f4xx_it.o
                0x000000000800174e                SVC_Handler
 .text.DebugMon_Handler
                0x000000000800175c        0xe ./Application/User/stm32f4xx_it.o
                0x000000000800175c                DebugMon_Handler
 .text.PendSV_Handler
                0x000000000800176a        0xe ./Application/User/stm32f4xx_it.o
                0x000000000800176a                PendSV_Handler
 .text.SysTick_Handler
                0x0000000008001778        0xc ./Application/User/stm32f4xx_it.o
                0x0000000008001778                SysTick_Handler
 .text.EXTI15_10_IRQHandler
                0x0000000008001784       0x14 ./Application/User/stm32f4xx_it.o
                0x0000000008001784                EXTI15_10_IRQHandler
 .text.BSP_I2C1_Init
                0x0000000008001798       0x64 ./Application/User/stm32f4xx_nucleo_bus.o
                0x0000000008001798                BSP_I2C1_Init
 .text.BSP_I2C1_DeInit
                0x00000000080017fc       0x50 ./Application/User/stm32f4xx_nucleo_bus.o
                0x00000000080017fc                BSP_I2C1_DeInit
 .text.BSP_I2C1_WriteReg
                0x000000000800184c       0x64 ./Application/User/stm32f4xx_nucleo_bus.o
                0x000000000800184c                BSP_I2C1_WriteReg
 .text.BSP_I2C1_ReadReg
                0x00000000080018b0       0x64 ./Application/User/stm32f4xx_nucleo_bus.o
                0x00000000080018b0                BSP_I2C1_ReadReg
 .text.BSP_GetTick
                0x0000000008001914        0xe ./Application/User/stm32f4xx_nucleo_bus.o
                0x0000000008001914                BSP_GetTick
 *fill*         0x0000000008001922        0x2 
 .text.MX_I2C1_Init
                0x0000000008001924       0x68 ./Application/User/stm32f4xx_nucleo_bus.o
                0x0000000008001924                MX_I2C1_Init
 .text.I2C1_MspInit
                0x000000000800198c       0x94 ./Application/User/stm32f4xx_nucleo_bus.o
 .text.I2C1_MspDeInit
                0x0000000008001a20       0x38 ./Application/User/stm32f4xx_nucleo_bus.o
 .text._getpid  0x0000000008001a58       0x10 ./Application/User/syscalls.o
                0x0000000008001a58                _getpid
 .text._kill    0x0000000008001a68       0x20 ./Application/User/syscalls.o
                0x0000000008001a68                _kill
 .text._exit    0x0000000008001a88       0x14 ./Application/User/syscalls.o
                0x0000000008001a88                _exit
 .text._read    0x0000000008001a9c       0x3a ./Application/User/syscalls.o
                0x0000000008001a9c                _read
 .text._write   0x0000000008001ad6       0x38 ./Application/User/syscalls.o
                0x0000000008001ad6                _write
 .text._close   0x0000000008001b0e       0x18 ./Application/User/syscalls.o
                0x0000000008001b0e                _close
 .text._fstat   0x0000000008001b26       0x20 ./Application/User/syscalls.o
                0x0000000008001b26                _fstat
 .text._isatty  0x0000000008001b46       0x16 ./Application/User/syscalls.o
                0x0000000008001b46                _isatty
 .text._lseek   0x0000000008001b5c       0x1a ./Application/User/syscalls.o
                0x0000000008001b5c                _lseek
 *fill*         0x0000000008001b76        0x2 
 .text._sbrk    0x0000000008001b78       0x6c ./Application/User/sysmem.o
                0x0000000008001b78                _sbrk
 .text.IIS2DLPC_RegisterBusIO
                0x0000000008001be4       0xcc ./Drivers/BSP/Components/iis2dlpc.o
                0x0000000008001be4                IIS2DLPC_RegisterBusIO
 .text.IIS2DLPC_Init
                0x0000000008001cb0       0xc4 ./Drivers/BSP/Components/iis2dlpc.o
                0x0000000008001cb0                IIS2DLPC_Init
 .text.IIS2DLPC_DeInit
                0x0000000008001d74       0x44 ./Drivers/BSP/Components/iis2dlpc.o
                0x0000000008001d74                IIS2DLPC_DeInit
 .text.IIS2DLPC_ReadID
                0x0000000008001db8       0x2c ./Drivers/BSP/Components/iis2dlpc.o
                0x0000000008001db8                IIS2DLPC_ReadID
 .text.IIS2DLPC_GetCapabilities
                0x0000000008001de4       0x5c ./Drivers/BSP/Components/iis2dlpc.o
                0x0000000008001de4                IIS2DLPC_GetCapabilities
 .text.IIS2DLPC_ACC_Enable
                0x0000000008001e40       0x52 ./Drivers/BSP/Components/iis2dlpc.o
                0x0000000008001e40                IIS2DLPC_ACC_Enable
 .text.IIS2DLPC_ACC_Disable
                0x0000000008001e92       0x40 ./Drivers/BSP/Components/iis2dlpc.o
                0x0000000008001e92                IIS2DLPC_ACC_Disable
 *fill*         0x0000000008001ed2        0x2 
 .text.IIS2DLPC_ACC_GetSensitivity
                0x0000000008001ed4      0x190 ./Drivers/BSP/Components/iis2dlpc.o
                0x0000000008001ed4                IIS2DLPC_ACC_GetSensitivity
 .text.IIS2DLPC_ACC_GetOutputDataRate
                0x0000000008002064      0x3c4 ./Drivers/BSP/Components/iis2dlpc.o
                0x0000000008002064                IIS2DLPC_ACC_GetOutputDataRate
 .text.IIS2DLPC_ACC_SetOutputDataRate
                0x0000000008002428       0x24 ./Drivers/BSP/Components/iis2dlpc.o
                0x0000000008002428                IIS2DLPC_ACC_SetOutputDataRate
 .text.IIS2DLPC_ACC_SetOutputDataRate_With_Mode
                0x000000000800244c       0x4c ./Drivers/BSP/Components/iis2dlpc.o
                0x000000000800244c                IIS2DLPC_ACC_SetOutputDataRate_With_Mode
 .text.IIS2DLPC_ACC_GetFullScale
                0x0000000008002498       0x84 ./Drivers/BSP/Components/iis2dlpc.o
                0x0000000008002498                IIS2DLPC_ACC_GetFullScale
 .text.IIS2DLPC_ACC_SetFullScale
                0x000000000800251c       0x50 ./Drivers/BSP/Components/iis2dlpc.o
                0x000000000800251c                IIS2DLPC_ACC_SetFullScale
 .text.IIS2DLPC_ACC_GetAxesRaw
                0x000000000800256c      0x148 ./Drivers/BSP/Components/iis2dlpc.o
                0x000000000800256c                IIS2DLPC_ACC_GetAxesRaw
 .text.IIS2DLPC_ACC_GetAxes
                0x00000000080026b4       0xaa ./Drivers/BSP/Components/iis2dlpc.o
                0x00000000080026b4                IIS2DLPC_ACC_GetAxes
 .text.IIS2DLPC_Write_Reg
                0x000000000800275e       0x36 ./Drivers/BSP/Components/iis2dlpc.o
                0x000000000800275e                IIS2DLPC_Write_Reg
 .text.IIS2DLPC_ACC_SetOutputDataRate_When_Enabled
                0x0000000008002794      0x238 ./Drivers/BSP/Components/iis2dlpc.o
 .text.IIS2DLPC_ACC_SetOutputDataRate_When_Disabled
                0x00000000080029cc      0x124 ./Drivers/BSP/Components/iis2dlpc.o
 .text.ReadRegWrap
                0x0000000008002af0       0x36 ./Drivers/BSP/Components/iis2dlpc.o
 .text.WriteRegWrap
                0x0000000008002b26       0x36 ./Drivers/BSP/Components/iis2dlpc.o
 .text.iis2dlpc_read_reg
                0x0000000008002b5c       0x30 ./Drivers/BSP/Components/iis2dlpc_reg.o
                0x0000000008002b5c                iis2dlpc_read_reg
 .text.iis2dlpc_write_reg
                0x0000000008002b8c       0x30 ./Drivers/BSP/Components/iis2dlpc_reg.o
                0x0000000008002b8c                iis2dlpc_write_reg
 .text.iis2dlpc_power_mode_set
                0x0000000008002bbc       0x9c ./Drivers/BSP/Components/iis2dlpc_reg.o
                0x0000000008002bbc                iis2dlpc_power_mode_set
 .text.iis2dlpc_power_mode_get
                0x0000000008002c58      0x174 ./Drivers/BSP/Components/iis2dlpc_reg.o
                0x0000000008002c58                iis2dlpc_power_mode_get
 .text.iis2dlpc_data_rate_set
                0x0000000008002dcc       0x8a ./Drivers/BSP/Components/iis2dlpc_reg.o
                0x0000000008002dcc                iis2dlpc_data_rate_set
 *fill*         0x0000000008002e56        0x2 
 .text.iis2dlpc_data_rate_get
                0x0000000008002e58      0x150 ./Drivers/BSP/Components/iis2dlpc_reg.o
                0x0000000008002e58                iis2dlpc_data_rate_get
 .text.iis2dlpc_block_data_update_set
                0x0000000008002fa8       0x4c ./Drivers/BSP/Components/iis2dlpc_reg.o
                0x0000000008002fa8                iis2dlpc_block_data_update_set
 .text.iis2dlpc_full_scale_set
                0x0000000008002ff4       0x4c ./Drivers/BSP/Components/iis2dlpc_reg.o
                0x0000000008002ff4                iis2dlpc_full_scale_set
 .text.iis2dlpc_full_scale_get
                0x0000000008003040       0x70 ./Drivers/BSP/Components/iis2dlpc_reg.o
                0x0000000008003040                iis2dlpc_full_scale_get
 .text.iis2dlpc_acceleration_raw_get
                0x00000000080030b0       0x96 ./Drivers/BSP/Components/iis2dlpc_reg.o
                0x00000000080030b0                iis2dlpc_acceleration_raw_get
 .text.iis2dlpc_device_id_get
                0x0000000008003146       0x22 ./Drivers/BSP/Components/iis2dlpc_reg.o
                0x0000000008003146                iis2dlpc_device_id_get
 .text.iis2dlpc_auto_increment_set
                0x0000000008003168       0x4c ./Drivers/BSP/Components/iis2dlpc_reg.o
                0x0000000008003168                iis2dlpc_auto_increment_set
 .text.iis2dlpc_fifo_mode_set
                0x00000000080031b4       0x4c ./Drivers/BSP/Components/iis2dlpc_reg.o
                0x00000000080031b4                iis2dlpc_fifo_mode_set
 .text.IIS2MDC_RegisterBusIO
                0x0000000008003200       0xc8 ./Drivers/BSP/Components/iis2mdc.o
                0x0000000008003200                IIS2MDC_RegisterBusIO
 .text.IIS2MDC_Init
                0x00000000080032c8       0x7a ./Drivers/BSP/Components/iis2mdc.o
                0x00000000080032c8                IIS2MDC_Init
 .text.IIS2MDC_DeInit
                0x0000000008003342       0x2c ./Drivers/BSP/Components/iis2mdc.o
                0x0000000008003342                IIS2MDC_DeInit
 .text.IIS2MDC_ReadID
                0x000000000800336e       0x2c ./Drivers/BSP/Components/iis2mdc.o
                0x000000000800336e                IIS2MDC_ReadID
 *fill*         0x000000000800339a        0x2 
 .text.IIS2MDC_GetCapabilities
                0x000000000800339c       0x5c ./Drivers/BSP/Components/iis2mdc.o
                0x000000000800339c                IIS2MDC_GetCapabilities
 .text.IIS2MDC_MAG_Enable
                0x00000000080033f8       0x40 ./Drivers/BSP/Components/iis2mdc.o
                0x00000000080033f8                IIS2MDC_MAG_Enable
 .text.IIS2MDC_MAG_Disable
                0x0000000008003438       0x40 ./Drivers/BSP/Components/iis2mdc.o
                0x0000000008003438                IIS2MDC_MAG_Disable
 .text.IIS2MDC_MAG_GetSensitivity
                0x0000000008003478       0x20 ./Drivers/BSP/Components/iis2mdc.o
                0x0000000008003478                IIS2MDC_MAG_GetSensitivity
 .text.IIS2MDC_MAG_GetOutputDataRate
                0x0000000008003498       0x8c ./Drivers/BSP/Components/iis2mdc.o
                0x0000000008003498                IIS2MDC_MAG_GetOutputDataRate
 .text.IIS2MDC_MAG_SetOutputDataRate
                0x0000000008003524       0x7c ./Drivers/BSP/Components/iis2mdc.o
                0x0000000008003524                IIS2MDC_MAG_SetOutputDataRate
 .text.IIS2MDC_MAG_GetFullScale
                0x00000000080035a0       0x1e ./Drivers/BSP/Components/iis2mdc.o
                0x00000000080035a0                IIS2MDC_MAG_GetFullScale
 .text.IIS2MDC_MAG_SetFullScale
                0x00000000080035be       0x18 ./Drivers/BSP/Components/iis2mdc.o
                0x00000000080035be                IIS2MDC_MAG_SetFullScale
 .text.IIS2MDC_MAG_GetAxesRaw
                0x00000000080035d6       0x48 ./Drivers/BSP/Components/iis2mdc.o
                0x00000000080035d6                IIS2MDC_MAG_GetAxesRaw
 .text.IIS2MDC_MAG_GetAxes
                0x000000000800361e       0x9c ./Drivers/BSP/Components/iis2mdc.o
                0x000000000800361e                IIS2MDC_MAG_GetAxes
 .text.ReadMagRegWrap
                0x00000000080036ba       0x62 ./Drivers/BSP/Components/iis2mdc.o
 .text.WriteMagRegWrap
                0x000000000800371c       0x62 ./Drivers/BSP/Components/iis2mdc.o
 .text.iis2mdc_read_reg
                0x000000000800377e       0x30 ./Drivers/BSP/Components/iis2mdc_reg.o
                0x000000000800377e                iis2mdc_read_reg
 .text.iis2mdc_write_reg
                0x00000000080037ae       0x30 ./Drivers/BSP/Components/iis2mdc_reg.o
                0x00000000080037ae                iis2mdc_write_reg
 .text.iis2mdc_operating_mode_set
                0x00000000080037de       0x4c ./Drivers/BSP/Components/iis2mdc_reg.o
                0x00000000080037de                iis2mdc_operating_mode_set
 .text.iis2mdc_data_rate_set
                0x000000000800382a       0x4c ./Drivers/BSP/Components/iis2mdc_reg.o
                0x000000000800382a                iis2mdc_data_rate_set
 *fill*         0x0000000008003876        0x2 
 .text.iis2mdc_data_rate_get
                0x0000000008003878       0x70 ./Drivers/BSP/Components/iis2mdc_reg.o
                0x0000000008003878                iis2mdc_data_rate_get
 .text.iis2mdc_block_data_update_set
                0x00000000080038e8       0x4c ./Drivers/BSP/Components/iis2mdc_reg.o
                0x00000000080038e8                iis2mdc_block_data_update_set
 .text.iis2mdc_magnetic_raw_get
                0x0000000008003934       0x96 ./Drivers/BSP/Components/iis2mdc_reg.o
                0x0000000008003934                iis2mdc_magnetic_raw_get
 .text.iis2mdc_device_id_get
                0x00000000080039ca       0x22 ./Drivers/BSP/Components/iis2mdc_reg.o
                0x00000000080039ca                iis2mdc_device_id_get
 .text.iis2mdc_self_test_set
                0x00000000080039ec       0x4c ./Drivers/BSP/Components/iis2mdc_reg.o
                0x00000000080039ec                iis2mdc_self_test_set
 .text.iis2mdc_i2c_interface_set
                0x0000000008003a38       0x4c ./Drivers/BSP/Components/iis2mdc_reg.o
                0x0000000008003a38                iis2mdc_i2c_interface_set
 .text.ISM330DHCX_RegisterBusIO
                0x0000000008003a84       0xcc ./Drivers/BSP/Components/ism330dhcx.o
                0x0000000008003a84                ISM330DHCX_RegisterBusIO
 .text.ISM330DHCX_Init
                0x0000000008003b50      0x11a ./Drivers/BSP/Components/ism330dhcx.o
                0x0000000008003b50                ISM330DHCX_Init
 .text.ISM330DHCX_DeInit
                0x0000000008003c6a       0x4e ./Drivers/BSP/Components/ism330dhcx.o
                0x0000000008003c6a                ISM330DHCX_DeInit
 .text.ISM330DHCX_ReadID
                0x0000000008003cb8       0x2c ./Drivers/BSP/Components/ism330dhcx.o
                0x0000000008003cb8                ISM330DHCX_ReadID
 .text.ISM330DHCX_GetCapabilities
                0x0000000008003ce4       0x5c ./Drivers/BSP/Components/ism330dhcx.o
                0x0000000008003ce4                ISM330DHCX_GetCapabilities
 .text.ISM330DHCX_ACC_Enable
                0x0000000008003d40       0x48 ./Drivers/BSP/Components/ism330dhcx.o
                0x0000000008003d40                ISM330DHCX_ACC_Enable
 .text.ISM330DHCX_ACC_Disable
                0x0000000008003d88       0x5e ./Drivers/BSP/Components/ism330dhcx.o
                0x0000000008003d88                ISM330DHCX_ACC_Disable
 *fill*         0x0000000008003de6        0x2 
 .text.ISM330DHCX_ACC_GetSensitivity
                0x0000000008003de8       0x8c ./Drivers/BSP/Components/ism330dhcx.o
                0x0000000008003de8                ISM330DHCX_ACC_GetSensitivity
 .text.ISM330DHCX_ACC_GetOutputDataRate
                0x0000000008003e74       0xf8 ./Drivers/BSP/Components/ism330dhcx.o
                0x0000000008003e74                ISM330DHCX_ACC_GetOutputDataRate
 .text.ISM330DHCX_ACC_SetOutputDataRate
                0x0000000008003f6c       0x38 ./Drivers/BSP/Components/ism330dhcx.o
                0x0000000008003f6c                ISM330DHCX_ACC_SetOutputDataRate
 .text.ISM330DHCX_ACC_GetFullScale
                0x0000000008003fa4       0x7c ./Drivers/BSP/Components/ism330dhcx.o
                0x0000000008003fa4                ISM330DHCX_ACC_GetFullScale
 .text.ISM330DHCX_ACC_SetFullScale
                0x0000000008004020       0x50 ./Drivers/BSP/Components/ism330dhcx.o
                0x0000000008004020                ISM330DHCX_ACC_SetFullScale
 .text.ISM330DHCX_ACC_GetAxesRaw
                0x0000000008004070       0x48 ./Drivers/BSP/Components/ism330dhcx.o
                0x0000000008004070                ISM330DHCX_ACC_GetAxesRaw
 .text.ISM330DHCX_ACC_GetAxes
                0x00000000080040b8       0xae ./Drivers/BSP/Components/ism330dhcx.o
                0x00000000080040b8                ISM330DHCX_ACC_GetAxes
 .text.ISM330DHCX_GYRO_Enable
                0x0000000008004166       0x48 ./Drivers/BSP/Components/ism330dhcx.o
                0x0000000008004166                ISM330DHCX_GYRO_Enable
 .text.ISM330DHCX_GYRO_Disable
                0x00000000080041ae       0x5e ./Drivers/BSP/Components/ism330dhcx.o
                0x00000000080041ae                ISM330DHCX_GYRO_Disable
 .text.ISM330DHCX_GYRO_GetSensitivity
                0x000000000800420c       0xbc ./Drivers/BSP/Components/ism330dhcx.o
                0x000000000800420c                ISM330DHCX_GYRO_GetSensitivity
 .text.ISM330DHCX_GYRO_GetOutputDataRate
                0x00000000080042c8       0xf8 ./Drivers/BSP/Components/ism330dhcx.o
                0x00000000080042c8                ISM330DHCX_GYRO_GetOutputDataRate
 .text.ISM330DHCX_GYRO_SetOutputDataRate
                0x00000000080043c0       0x38 ./Drivers/BSP/Components/ism330dhcx.o
                0x00000000080043c0                ISM330DHCX_GYRO_SetOutputDataRate
 .text.ISM330DHCX_GYRO_GetFullScale
                0x00000000080043f8       0xac ./Drivers/BSP/Components/ism330dhcx.o
                0x00000000080043f8                ISM330DHCX_GYRO_GetFullScale
 .text.ISM330DHCX_GYRO_SetFullScale
                0x00000000080044a4       0x5e ./Drivers/BSP/Components/ism330dhcx.o
                0x00000000080044a4                ISM330DHCX_GYRO_SetFullScale
 .text.ISM330DHCX_GYRO_GetAxesRaw
                0x0000000008004502       0x48 ./Drivers/BSP/Components/ism330dhcx.o
                0x0000000008004502                ISM330DHCX_GYRO_GetAxesRaw
 .text.ISM330DHCX_GYRO_GetAxes
                0x000000000800454a       0xa8 ./Drivers/BSP/Components/ism330dhcx.o
                0x000000000800454a                ISM330DHCX_GYRO_GetAxes
 .text.ISM330DHCX_Write_Reg
                0x00000000080045f2       0x36 ./Drivers/BSP/Components/ism330dhcx.o
                0x00000000080045f2                ISM330DHCX_Write_Reg
 .text.ISM330DHCX_ACC_SetOutputDataRate_When_Enabled
                0x0000000008004628      0x118 ./Drivers/BSP/Components/ism330dhcx.o
 .text.ISM330DHCX_ACC_SetOutputDataRate_When_Disabled
                0x0000000008004740      0x104 ./Drivers/BSP/Components/ism330dhcx.o
 .text.ISM330DHCX_GYRO_SetOutputDataRate_When_Enabled
                0x0000000008004844      0x118 ./Drivers/BSP/Components/ism330dhcx.o
 .text.ISM330DHCX_GYRO_SetOutputDataRate_When_Disabled
                0x000000000800495c      0x104 ./Drivers/BSP/Components/ism330dhcx.o
 .text.ReadRegWrap
                0x0000000008004a60       0x36 ./Drivers/BSP/Components/ism330dhcx.o
 .text.WriteRegWrap
                0x0000000008004a96       0x36 ./Drivers/BSP/Components/ism330dhcx.o
 .text.ism330dhcx_read_reg
                0x0000000008004acc       0x30 ./Drivers/BSP/Components/ism330dhcx_reg.o
                0x0000000008004acc                ism330dhcx_read_reg
 .text.ism330dhcx_write_reg
                0x0000000008004afc       0x30 ./Drivers/BSP/Components/ism330dhcx_reg.o
                0x0000000008004afc                ism330dhcx_write_reg
 .text.ism330dhcx_xl_full_scale_set
                0x0000000008004b2c       0x4c ./Drivers/BSP/Components/ism330dhcx_reg.o
                0x0000000008004b2c                ism330dhcx_xl_full_scale_set
 .text.ism330dhcx_xl_full_scale_get
                0x0000000008004b78       0x70 ./Drivers/BSP/Components/ism330dhcx_reg.o
                0x0000000008004b78                ism330dhcx_xl_full_scale_get
 .text.ism330dhcx_xl_data_rate_set
                0x0000000008004be8      0x2e0 ./Drivers/BSP/Components/ism330dhcx_reg.o
                0x0000000008004be8                ism330dhcx_xl_data_rate_set
 .text.ism330dhcx_xl_data_rate_get
                0x0000000008004ec8       0xd0 ./Drivers/BSP/Components/ism330dhcx_reg.o
                0x0000000008004ec8                ism330dhcx_xl_data_rate_get
 .text.ism330dhcx_gy_full_scale_set
                0x0000000008004f98       0x4c ./Drivers/BSP/Components/ism330dhcx_reg.o
                0x0000000008004f98                ism330dhcx_gy_full_scale_set
 .text.ism330dhcx_gy_full_scale_get
                0x0000000008004fe4       0xa4 ./Drivers/BSP/Components/ism330dhcx_reg.o
                0x0000000008004fe4                ism330dhcx_gy_full_scale_get
 .text.ism330dhcx_gy_data_rate_set
                0x0000000008005088      0x2e0 ./Drivers/BSP/Components/ism330dhcx_reg.o
                0x0000000008005088                ism330dhcx_gy_data_rate_set
 .text.ism330dhcx_gy_data_rate_get
                0x0000000008005368       0xc4 ./Drivers/BSP/Components/ism330dhcx_reg.o
                0x0000000008005368                ism330dhcx_gy_data_rate_get
 .text.ism330dhcx_block_data_update_set
                0x000000000800542c       0x4c ./Drivers/BSP/Components/ism330dhcx_reg.o
                0x000000000800542c                ism330dhcx_block_data_update_set
 .text.ism330dhcx_angular_rate_raw_get
                0x0000000008005478       0x96 ./Drivers/BSP/Components/ism330dhcx_reg.o
                0x0000000008005478                ism330dhcx_angular_rate_raw_get
 .text.ism330dhcx_acceleration_raw_get
                0x000000000800550e       0x96 ./Drivers/BSP/Components/ism330dhcx_reg.o
                0x000000000800550e                ism330dhcx_acceleration_raw_get
 .text.ism330dhcx_device_conf_set
                0x00000000080055a4       0x4c ./Drivers/BSP/Components/ism330dhcx_reg.o
                0x00000000080055a4                ism330dhcx_device_conf_set
 .text.ism330dhcx_mem_bank_set
                0x00000000080055f0       0x4c ./Drivers/BSP/Components/ism330dhcx_reg.o
                0x00000000080055f0                ism330dhcx_mem_bank_set
 .text.ism330dhcx_device_id_get
                0x000000000800563c       0x22 ./Drivers/BSP/Components/ism330dhcx_reg.o
                0x000000000800563c                ism330dhcx_device_id_get
 .text.ism330dhcx_reset_set
                0x000000000800565e       0x4c ./Drivers/BSP/Components/ism330dhcx_reg.o
                0x000000000800565e                ism330dhcx_reset_set
 .text.ism330dhcx_auto_increment_set
                0x00000000080056aa       0x4c ./Drivers/BSP/Components/ism330dhcx_reg.o
                0x00000000080056aa                ism330dhcx_auto_increment_set
 .text.ism330dhcx_fifo_mode_set
                0x00000000080056f6       0x4c ./Drivers/BSP/Components/ism330dhcx_reg.o
                0x00000000080056f6                ism330dhcx_fifo_mode_set
 .text.ism330dhcx_fsm_enable_get
                0x0000000008005742       0x58 ./Drivers/BSP/Components/ism330dhcx_reg.o
                0x0000000008005742                ism330dhcx_fsm_enable_get
 *fill*         0x000000000800579a        0x2 
 .text.ism330dhcx_fsm_data_rate_get
                0x000000000800579c       0x90 ./Drivers/BSP/Components/ism330dhcx_reg.o
                0x000000000800579c                ism330dhcx_fsm_data_rate_get
 .text.ism330dhcx_mlc_get
                0x000000000800582c       0x52 ./Drivers/BSP/Components/ism330dhcx_reg.o
                0x000000000800582c                ism330dhcx_mlc_get
 *fill*         0x000000000800587e        0x2 
 .text.ism330dhcx_mlc_data_rate_get
                0x0000000008005880       0x90 ./Drivers/BSP/Components/ism330dhcx_reg.o
                0x0000000008005880                ism330dhcx_mlc_data_rate_get
 .text.IKS02A1_MOTION_SENSOR_Init
                0x0000000008005910      0x1f8 ./Drivers/BSP/IKS02A1/iks02a1_motion_sensors.o
                0x0000000008005910                IKS02A1_MOTION_SENSOR_Init
 .text.IKS02A1_MOTION_SENSOR_GetCapabilities
                0x0000000008005b08       0x54 ./Drivers/BSP/IKS02A1/iks02a1_motion_sensors.o
                0x0000000008005b08                IKS02A1_MOTION_SENSOR_GetCapabilities
 .text.IKS02A1_MOTION_SENSOR_ReadID
                0x0000000008005b5c       0x54 ./Drivers/BSP/IKS02A1/iks02a1_motion_sensors.o
                0x0000000008005b5c                IKS02A1_MOTION_SENSOR_ReadID
 .text.IKS02A1_MOTION_SENSOR_GetAxes
                0x0000000008005bb0       0x88 ./Drivers/BSP/IKS02A1/iks02a1_motion_sensors.o
                0x0000000008005bb0                IKS02A1_MOTION_SENSOR_GetAxes
 .text.IKS02A1_MOTION_SENSOR_GetOutputDataRate
                0x0000000008005c38       0x88 ./Drivers/BSP/IKS02A1/iks02a1_motion_sensors.o
                0x0000000008005c38                IKS02A1_MOTION_SENSOR_GetOutputDataRate
 .text.IKS02A1_MOTION_SENSOR_GetFullScale
                0x0000000008005cc0       0x88 ./Drivers/BSP/IKS02A1/iks02a1_motion_sensors.o
                0x0000000008005cc0                IKS02A1_MOTION_SENSOR_GetFullScale
 .text.ISM330DHCX_0_Probe
                0x0000000008005d48      0x178 ./Drivers/BSP/IKS02A1/iks02a1_motion_sensors.o
 .text.IIS2DLPC_0_Probe
                0x0000000008005ec0      0x150 ./Drivers/BSP/IKS02A1/iks02a1_motion_sensors.o
 .text.IIS2MDC_0_Probe
                0x0000000008006010      0x150 ./Drivers/BSP/IKS02A1/iks02a1_motion_sensors.o
 .text.BSP_LED_Init
                0x0000000008006160       0x24 ./Drivers/BSP/STM32F4xx_Nucleo/stm32f4xx_nucleo.o
                0x0000000008006160                BSP_LED_Init
 .text.LED_USER_GPIO_Init
                0x0000000008006184        0xe ./Drivers/BSP/STM32F4xx_Nucleo/stm32f4xx_nucleo.o
 *fill*         0x0000000008006192        0x2 
 .text.BSP_PB_Init
                0x0000000008006194       0xa8 ./Drivers/BSP/STM32F4xx_Nucleo/stm32f4xx_nucleo.o
                0x0000000008006194                BSP_PB_Init
 .text.BSP_PB_GetState
                0x000000000800623c       0x38 ./Drivers/BSP/STM32F4xx_Nucleo/stm32f4xx_nucleo.o
                0x000000000800623c                BSP_PB_GetState
 .text.BUTTON_USER_EXTI_Callback
                0x0000000008006274        0xe ./Drivers/BSP/STM32F4xx_Nucleo/stm32f4xx_nucleo.o
 .text.BUTTON_USER_GPIO_Init
                0x0000000008006282        0xe ./Drivers/BSP/STM32F4xx_Nucleo/stm32f4xx_nucleo.o
 .text.BSP_COM_Init
                0x0000000008006290       0x7c ./Drivers/BSP/STM32F4xx_Nucleo/stm32f4xx_nucleo.o
                0x0000000008006290                BSP_COM_Init
 .text.MX_USART2_UART_Init
                0x000000000800630c       0x5c ./Drivers/BSP/STM32F4xx_Nucleo/stm32f4xx_nucleo.o
                0x000000000800630c                MX_USART2_UART_Init
 .text.__io_putchar
                0x0000000008006368       0x38 ./Drivers/BSP/STM32F4xx_Nucleo/stm32f4xx_nucleo.o
                0x0000000008006368                __io_putchar
 .text.USART2_MspInit
                0x00000000080063a0       0x90 ./Drivers/BSP/STM32F4xx_Nucleo/stm32f4xx_nucleo.o
 .text.SystemInit
                0x0000000008006430       0x24 ./Drivers/CMSIS/system_stm32f4xx.o
                0x0000000008006430                SystemInit
 .text.HAL_Init
                0x0000000008006454       0x44 ./Drivers/STM32F4xx_HAL_Driver/stm32f4xx_hal.o
                0x0000000008006454                HAL_Init
 .text.HAL_InitTick
                0x0000000008006498       0x60 ./Drivers/STM32F4xx_HAL_Driver/stm32f4xx_hal.o
                0x0000000008006498                HAL_InitTick
 .text.HAL_IncTick
                0x00000000080064f8       0x28 ./Drivers/STM32F4xx_HAL_Driver/stm32f4xx_hal.o
                0x00000000080064f8                HAL_IncTick
 .text.HAL_GetTick
                0x0000000008006520       0x18 ./Drivers/STM32F4xx_HAL_Driver/stm32f4xx_hal.o
                0x0000000008006520                HAL_GetTick
 .text.HAL_Delay
                0x0000000008006538       0x48 ./Drivers/STM32F4xx_HAL_Driver/stm32f4xx_hal.o
                0x0000000008006538                HAL_Delay
 .text.__NVIC_SetPriorityGrouping
                0x0000000008006580       0x48 ./Drivers/STM32F4xx_HAL_Driver/stm32f4xx_hal_cortex.o
 .text.__NVIC_GetPriorityGrouping
                0x00000000080065c8       0x1c ./Drivers/STM32F4xx_HAL_Driver/stm32f4xx_hal_cortex.o
 .text.__NVIC_EnableIRQ
                0x00000000080065e4       0x3c ./Drivers/STM32F4xx_HAL_Driver/stm32f4xx_hal_cortex.o
 .text.__NVIC_SetPriority
                0x0000000008006620       0x54 ./Drivers/STM32F4xx_HAL_Driver/stm32f4xx_hal_cortex.o
 .text.NVIC_EncodePriority
                0x0000000008006674       0x66 ./Drivers/STM32F4xx_HAL_Driver/stm32f4xx_hal_cortex.o
 *fill*         0x00000000080066da        0x2 
 .text.SysTick_Config
                0x00000000080066dc       0x44 ./Drivers/STM32F4xx_HAL_Driver/stm32f4xx_hal_cortex.o
 .text.HAL_NVIC_SetPriorityGrouping
                0x0000000008006720       0x16 ./Drivers/STM32F4xx_HAL_Driver/stm32f4xx_hal_cortex.o
                0x0000000008006720                HAL_NVIC_SetPriorityGrouping
 .text.HAL_NVIC_SetPriority
                0x0000000008006736       0x38 ./Drivers/STM32F4xx_HAL_Driver/stm32f4xx_hal_cortex.o
                0x0000000008006736                HAL_NVIC_SetPriority
 .text.HAL_NVIC_EnableIRQ
                0x000000000800676e       0x1c ./Drivers/STM32F4xx_HAL_Driver/stm32f4xx_hal_cortex.o
                0x000000000800676e                HAL_NVIC_EnableIRQ
 .text.HAL_SYSTICK_Config
                0x000000000800678a       0x18 ./Drivers/STM32F4xx_HAL_Driver/stm32f4xx_hal_cortex.o
                0x000000000800678a                HAL_SYSTICK_Config
 .text.HAL_EXTI_RegisterCallback
                0x00000000080067a2       0x34 ./Drivers/STM32F4xx_HAL_Driver/stm32f4xx_hal_exti.o
                0x00000000080067a2                HAL_EXTI_RegisterCallback
 .text.HAL_EXTI_GetHandle
                0x00000000080067d6       0x28 ./Drivers/STM32F4xx_HAL_Driver/stm32f4xx_hal_exti.o
                0x00000000080067d6                HAL_EXTI_GetHandle
 *fill*         0x00000000080067fe        0x2 
 .text.HAL_EXTI_IRQHandler
                0x0000000008006800       0x48 ./Drivers/STM32F4xx_HAL_Driver/stm32f4xx_hal_exti.o
                0x0000000008006800                HAL_EXTI_IRQHandler
 .text.HAL_GPIO_Init
                0x0000000008006848      0x308 ./Drivers/STM32F4xx_HAL_Driver/stm32f4xx_hal_gpio.o
                0x0000000008006848                HAL_GPIO_Init
 .text.HAL_GPIO_DeInit
                0x0000000008006b50      0x1c8 ./Drivers/STM32F4xx_HAL_Driver/stm32f4xx_hal_gpio.o
                0x0000000008006b50                HAL_GPIO_DeInit
 .text.HAL_GPIO_ReadPin
                0x0000000008006d18       0x30 ./Drivers/STM32F4xx_HAL_Driver/stm32f4xx_hal_gpio.o
                0x0000000008006d18                HAL_GPIO_ReadPin
 .text.HAL_I2C_Init
                0x0000000008006d48      0x288 ./Drivers/STM32F4xx_HAL_Driver/stm32f4xx_hal_i2c.o
                0x0000000008006d48                HAL_I2C_Init
 .text.HAL_I2C_DeInit
                0x0000000008006fd0       0x5e ./Drivers/STM32F4xx_HAL_Driver/stm32f4xx_hal_i2c.o
                0x0000000008006fd0                HAL_I2C_DeInit
 .text.HAL_I2C_MspInit
                0x000000000800702e       0x14 ./Drivers/STM32F4xx_HAL_Driver/stm32f4xx_hal_i2c.o
                0x000000000800702e                HAL_I2C_MspInit
 .text.HAL_I2C_MspDeInit
                0x0000000008007042       0x14 ./Drivers/STM32F4xx_HAL_Driver/stm32f4xx_hal_i2c.o
                0x0000000008007042                HAL_I2C_MspDeInit
 *fill*         0x0000000008007056        0x2 
 .text.HAL_I2C_Mem_Write
                0x0000000008007058      0x1f4 ./Drivers/STM32F4xx_HAL_Driver/stm32f4xx_hal_i2c.o
                0x0000000008007058                HAL_I2C_Mem_Write
 .text.HAL_I2C_Mem_Read
                0x000000000800724c      0x44c ./Drivers/STM32F4xx_HAL_Driver/stm32f4xx_hal_i2c.o
                0x000000000800724c                HAL_I2C_Mem_Read
 .text.HAL_I2C_GetState
                0x0000000008007698       0x1c ./Drivers/STM32F4xx_HAL_Driver/stm32f4xx_hal_i2c.o
                0x0000000008007698                HAL_I2C_GetState
 .text.HAL_I2C_GetError
                0x00000000080076b4       0x18 ./Drivers/STM32F4xx_HAL_Driver/stm32f4xx_hal_i2c.o
                0x00000000080076b4                HAL_I2C_GetError
 .text.I2C_RequestMemoryWrite
                0x00000000080076cc      0x12c ./Drivers/STM32F4xx_HAL_Driver/stm32f4xx_hal_i2c.o
 .text.I2C_RequestMemoryRead
                0x00000000080077f8      0x1d0 ./Drivers/STM32F4xx_HAL_Driver/stm32f4xx_hal_i2c.o
 .text.I2C_WaitOnFlagUntilTimeout
                0x00000000080079c8       0xae ./Drivers/STM32F4xx_HAL_Driver/stm32f4xx_hal_i2c.o
 .text.I2C_WaitOnMasterAddressFlagUntilTimeout
                0x0000000008007a76       0xfe ./Drivers/STM32F4xx_HAL_Driver/stm32f4xx_hal_i2c.o
 .text.I2C_WaitOnTXEFlagUntilTimeout
                0x0000000008007b74       0x82 ./Drivers/STM32F4xx_HAL_Driver/stm32f4xx_hal_i2c.o
 .text.I2C_WaitOnBTFFlagUntilTimeout
                0x0000000008007bf6       0x82 ./Drivers/STM32F4xx_HAL_Driver/stm32f4xx_hal_i2c.o
 .text.I2C_WaitOnRXNEFlagUntilTimeout
                0x0000000008007c78       0xac ./Drivers/STM32F4xx_HAL_Driver/stm32f4xx_hal_i2c.o
 .text.I2C_IsAcknowledgeFailed
                0x0000000008007d24       0x5e ./Drivers/STM32F4xx_HAL_Driver/stm32f4xx_hal_i2c.o
 *fill*         0x0000000008007d82        0x2 
 .text.HAL_RCC_OscConfig
                0x0000000008007d84      0x4f0 ./Drivers/STM32F4xx_HAL_Driver/stm32f4xx_hal_rcc.o
                0x0000000008007d84                HAL_RCC_OscConfig
 .text.HAL_RCC_ClockConfig
                0x0000000008008274      0x1cc ./Drivers/STM32F4xx_HAL_Driver/stm32f4xx_hal_rcc.o
                0x0000000008008274                HAL_RCC_ClockConfig
 .text.HAL_RCC_GetSysClockFreq
                0x0000000008008440      0x20c ./Drivers/STM32F4xx_HAL_Driver/stm32f4xx_hal_rcc.o
                0x0000000008008440                HAL_RCC_GetSysClockFreq
 .text.HAL_RCC_GetHCLKFreq
                0x000000000800864c       0x18 ./Drivers/STM32F4xx_HAL_Driver/stm32f4xx_hal_rcc.o
                0x000000000800864c                HAL_RCC_GetHCLKFreq
 .text.HAL_RCC_GetPCLK1Freq
                0x0000000008008664       0x28 ./Drivers/STM32F4xx_HAL_Driver/stm32f4xx_hal_rcc.o
                0x0000000008008664                HAL_RCC_GetPCLK1Freq
 .text.HAL_RCC_GetPCLK2Freq
                0x000000000800868c       0x28 ./Drivers/STM32F4xx_HAL_Driver/stm32f4xx_hal_rcc.o
                0x000000000800868c                HAL_RCC_GetPCLK2Freq
 .text.HAL_UART_Init
                0x00000000080086b4       0x9a ./Drivers/STM32F4xx_HAL_Driver/stm32f4xx_hal_uart.o
                0x00000000080086b4                HAL_UART_Init
 .text.HAL_UART_MspInit
                0x000000000800874e       0x14 ./Drivers/STM32F4xx_HAL_Driver/stm32f4xx_hal_uart.o
                0x000000000800874e                HAL_UART_MspInit
 .text.HAL_UART_Transmit
                0x0000000008008762      0x124 ./Drivers/STM32F4xx_HAL_Driver/stm32f4xx_hal_uart.o
                0x0000000008008762                HAL_UART_Transmit
 .text.UART_WaitOnFlagUntilTimeout
                0x0000000008008886       0xdc ./Drivers/STM32F4xx_HAL_Driver/stm32f4xx_hal_uart.o
 *fill*         0x0000000008008962        0x2 
 .text.UART_SetConfig
                0x0000000008008964      0x4e8 ./Drivers/STM32F4xx_HAL_Driver/stm32f4xx_hal_uart.o
 .text.__errno  0x0000000008008e4c        0xc c:/st/stm32cubeide_1.9.0/stm32cubeide/plugins/com.st.stm32cube.ide.mcu.externaltools.gnu-tools-for-stm32.10.3-2021.10.win32_1.0.0.202111181127/tools/bin/../lib/gcc/arm-none-eabi/10.3.1/../../../../arm-none-eabi/lib/thumb/v7e-m+fp/hard\libc_nano.a(lib_a-errno.o)
                0x0000000008008e4c                __errno
 .text.__libc_init_array
                0x0000000008008e58       0x48 c:/st/stm32cubeide_1.9.0/stm32cubeide/plugins/com.st.stm32cube.ide.mcu.externaltools.gnu-tools-for-stm32.10.3-2021.10.win32_1.0.0.202111181127/tools/bin/../lib/gcc/arm-none-eabi/10.3.1/../../../../arm-none-eabi/lib/thumb/v7e-m+fp/hard\libc_nano.a(lib_a-init.o)
                0x0000000008008e58                __libc_init_array
 .text.memset   0x0000000008008ea0       0x10 c:/st/stm32cubeide_1.9.0/stm32cubeide/plugins/com.st.stm32cube.ide.mcu.externaltools.gnu-tools-for-stm32.10.3-2021.10.win32_1.0.0.202111181127/tools/bin/../lib/gcc/arm-none-eabi/10.3.1/../../../../arm-none-eabi/lib/thumb/v7e-m+fp/hard\libc_nano.a(lib_a-memset.o)
                0x0000000008008ea0                memset
 .text.__cvt    0x0000000008008eb0       0xc4 c:/st/stm32cubeide_1.9.0/stm32cubeide/plugins/com.st.stm32cube.ide.mcu.externaltools.gnu-tools-for-stm32.10.3-2021.10.win32_1.0.0.202111181127/tools/bin/../lib/gcc/arm-none-eabi/10.3.1/../../../../arm-none-eabi/lib/thumb/v7e-m+fp/hard\libc_nano.a(lib_a-nano-vfprintf_float.o)
                0x0000000008008eb0                __cvt
 .text.__exponent
                0x0000000008008f74       0x7c c:/st/stm32cubeide_1.9.0/stm32cubeide/plugins/com.st.stm32cube.ide.mcu.externaltools.gnu-tools-for-stm32.10.3-2021.10.win32_1.0.0.202111181127/tools/bin/../lib/gcc/arm-none-eabi/10.3.1/../../../../arm-none-eabi/lib/thumb/v7e-m+fp/hard\libc_nano.a(lib_a-nano-vfprintf_float.o)
                0x0000000008008f74                __exponent
 .text._printf_float
                0x0000000008008ff0      0x46c c:/st/stm32cubeide_1.9.0/stm32cubeide/plugins/com.st.stm32cube.ide.mcu.externaltools.gnu-tools-for-stm32.10.3-2021.10.win32_1.0.0.202111181127/tools/bin/../lib/gcc/arm-none-eabi/10.3.1/../../../../arm-none-eabi/lib/thumb/v7e-m+fp/hard\libc_nano.a(lib_a-nano-vfprintf_float.o)
                0x0000000008008ff0                _printf_float
 .text._printf_common
                0x000000000800945c       0xda c:/st/stm32cubeide_1.9.0/stm32cubeide/plugins/com.st.stm32cube.ide.mcu.externaltools.gnu-tools-for-stm32.10.3-2021.10.win32_1.0.0.202111181127/tools/bin/../lib/gcc/arm-none-eabi/10.3.1/../../../../arm-none-eabi/lib/thumb/v7e-m+fp/hard\libc_nano.a(lib_a-nano-vfprintf_i.o)
                0x000000000800945c                _printf_common
 *fill*         0x0000000008009536        0x2 
 .text._printf_i
                0x0000000008009538      0x24c c:/st/stm32cubeide_1.9.0/stm32cubeide/plugins/com.st.stm32cube.ide.mcu.externaltools.gnu-tools-for-stm32.10.3-2021.10.win32_1.0.0.202111181127/tools/bin/../lib/gcc/arm-none-eabi/10.3.1/../../../../arm-none-eabi/lib/thumb/v7e-m+fp/hard\libc_nano.a(lib_a-nano-vfprintf_i.o)
                0x0000000008009538                _printf_i
 .text.printf   0x0000000008009784       0x30 c:/st/stm32cubeide_1.9.0/stm32cubeide/plugins/com.st.stm32cube.ide.mcu.externaltools.gnu-tools-for-stm32.10.3-2021.10.win32_1.0.0.202111181127/tools/bin/../lib/gcc/arm-none-eabi/10.3.1/../../../../arm-none-eabi/lib/thumb/v7e-m+fp/hard\libc_nano.a(lib_a-printf.o)
                0x0000000008009784                iprintf
                0x0000000008009784                printf
 .text.snprintf
                0x00000000080097b4       0x68 c:/st/stm32cubeide_1.9.0/stm32cubeide/plugins/com.st.stm32cube.ide.mcu.externaltools.gnu-tools-for-stm32.10.3-2021.10.win32_1.0.0.202111181127/tools/bin/../lib/gcc/arm-none-eabi/10.3.1/../../../../arm-none-eabi/lib/thumb/v7e-m+fp/hard\libc_nano.a(lib_a-snprintf.o)
                0x00000000080097b4                sniprintf
                0x00000000080097b4                snprintf
 .text.quorem   0x000000000800981c      0x116 c:/st/stm32cubeide_1.9.0/stm32cubeide/plugins/com.st.stm32cube.ide.mcu.externaltools.gnu-tools-for-stm32.10.3-2021.10.win32_1.0.0.202111181127/tools/bin/../lib/gcc/arm-none-eabi/10.3.1/../../../../arm-none-eabi/lib/thumb/v7e-m+fp/hard\libc_nano.a(lib_a-dtoa.o)
 *fill*         0x0000000008009932        0x6 
 .text._dtoa_r  0x0000000008009938      0xbdc c:/st/stm32cubeide_1.9.0/stm32cubeide/plugins/com.st.stm32cube.ide.mcu.externaltools.gnu-tools-for-stm32.10.3-2021.10.win32_1.0.0.202111181127/tools/bin/../lib/gcc/arm-none-eabi/10.3.1/../../../../arm-none-eabi/lib/thumb/v7e-m+fp/hard\libc_nano.a(lib_a-dtoa.o)
                0x0000000008009938                _dtoa_r
 .text.std      0x000000000800a514       0x48 c:/st/stm32cubeide_1.9.0/stm32cubeide/plugins/com.st.stm32cube.ide.mcu.externaltools.gnu-tools-for-stm32.10.3-2021.10.win32_1.0.0.202111181127/tools/bin/../lib/gcc/arm-none-eabi/10.3.1/../../../../arm-none-eabi/lib/thumb/v7e-m+fp/hard\libc_nano.a(lib_a-findfp.o)
 .text._cleanup_r
                0x000000000800a55c        0xc c:/st/stm32cubeide_1.9.0/stm32cubeide/plugins/com.st.stm32cube.ide.mcu.externaltools.gnu-tools-for-stm32.10.3-2021.10.win32_1.0.0.202111181127/tools/bin/../lib/gcc/arm-none-eabi/10.3.1/../../../../arm-none-eabi/lib/thumb/v7e-m+fp/hard\libc_nano.a(lib_a-findfp.o)
                0x000000000800a55c                _cleanup_r
 .text.__sfmoreglue
                0x000000000800a568       0x2c c:/st/stm32cubeide_1.9.0/stm32cubeide/plugins/com.st.stm32cube.ide.mcu.externaltools.gnu-tools-for-stm32.10.3-2021.10.win32_1.0.0.202111181127/tools/bin/../lib/gcc/arm-none-eabi/10.3.1/../../../../arm-none-eabi/lib/thumb/v7e-m+fp/hard\libc_nano.a(lib_a-findfp.o)
                0x000000000800a568                __sfmoreglue
 .text.__sfp_lock_acquire
                0x000000000800a594        0xc c:/st/stm32cubeide_1.9.0/stm32cubeide/plugins/com.st.stm32cube.ide.mcu.externaltools.gnu-tools-for-stm32.10.3-2021.10.win32_1.0.0.202111181127/tools/bin/../lib/gcc/arm-none-eabi/10.3.1/../../../../arm-none-eabi/lib/thumb/v7e-m+fp/hard\libc_nano.a(lib_a-findfp.o)
                0x000000000800a594                __sfp_lock_acquire
 .text.__sfp_lock_release
                0x000000000800a5a0        0xc c:/st/stm32cubeide_1.9.0/stm32cubeide/plugins/com.st.stm32cube.ide.mcu.externaltools.gnu-tools-for-stm32.10.3-2021.10.win32_1.0.0.202111181127/tools/bin/../lib/gcc/arm-none-eabi/10.3.1/../../../../arm-none-eabi/lib/thumb/v7e-m+fp/hard\libc_nano.a(lib_a-findfp.o)
                0x000000000800a5a0                __sfp_lock_release
 .text.__sinit_lock_acquire
                0x000000000800a5ac        0xc c:/st/stm32cubeide_1.9.0/stm32cubeide/plugins/com.st.stm32cube.ide.mcu.externaltools.gnu-tools-for-stm32.10.3-2021.10.win32_1.0.0.202111181127/tools/bin/../lib/gcc/arm-none-eabi/10.3.1/../../../../arm-none-eabi/lib/thumb/v7e-m+fp/hard\libc_nano.a(lib_a-findfp.o)
                0x000000000800a5ac                __sinit_lock_acquire
 .text.__sinit_lock_release
                0x000000000800a5b8        0xc c:/st/stm32cubeide_1.9.0/stm32cubeide/plugins/com.st.stm32cube.ide.mcu.externaltools.gnu-tools-for-stm32.10.3-2021.10.win32_1.0.0.202111181127/tools/bin/../lib/gcc/arm-none-eabi/10.3.1/../../../../arm-none-eabi/lib/thumb/v7e-m+fp/hard\libc_nano.a(lib_a-findfp.o)
                0x000000000800a5b8                __sinit_lock_release
 .text.__sinit  0x000000000800a5c4       0x70 c:/st/stm32cubeide_1.9.0/stm32cubeide/plugins/com.st.stm32cube.ide.mcu.externaltools.gnu-tools-for-stm32.10.3-2021.10.win32_1.0.0.202111181127/tools/bin/../lib/gcc/arm-none-eabi/10.3.1/../../../../arm-none-eabi/lib/thumb/v7e-m+fp/hard\libc_nano.a(lib_a-findfp.o)
                0x000000000800a5c4                __sinit
 .text.__sfp    0x000000000800a634       0x8c c:/st/stm32cubeide_1.9.0/stm32cubeide/plugins/com.st.stm32cube.ide.mcu.externaltools.gnu-tools-for-stm32.10.3-2021.10.win32_1.0.0.202111181127/tools/bin/../lib/gcc/arm-none-eabi/10.3.1/../../../../arm-none-eabi/lib/thumb/v7e-m+fp/hard\libc_nano.a(lib_a-findfp.o)
                0x000000000800a634                __sfp
 .text._fwalk_reent
                0x000000000800a6c0       0x3e c:/st/stm32cubeide_1.9.0/stm32cubeide/plugins/com.st.stm32cube.ide.mcu.externaltools.gnu-tools-for-stm32.10.3-2021.10.win32_1.0.0.202111181127/tools/bin/../lib/gcc/arm-none-eabi/10.3.1/../../../../arm-none-eabi/lib/thumb/v7e-m+fp/hard\libc_nano.a(lib_a-fwalk.o)
                0x000000000800a6c0                _fwalk_reent
 *fill*         0x000000000800a6fe        0x2 
 .text._localeconv_r
                0x000000000800a700        0x8 c:/st/stm32cubeide_1.9.0/stm32cubeide/plugins/com.st.stm32cube.ide.mcu.externaltools.gnu-tools-for-stm32.10.3-2021.10.win32_1.0.0.202111181127/tools/bin/../lib/gcc/arm-none-eabi/10.3.1/../../../../arm-none-eabi/lib/thumb/v7e-m+fp/hard\libc_nano.a(lib_a-localeconv.o)
                0x000000000800a700                _localeconv_r
 .text.__retarget_lock_init_recursive
                0x000000000800a708        0x2 c:/st/stm32cubeide_1.9.0/stm32cubeide/plugins/com.st.stm32cube.ide.mcu.externaltools.gnu-tools-for-stm32.10.3-2021.10.win32_1.0.0.202111181127/tools/bin/../lib/gcc/arm-none-eabi/10.3.1/../../../../arm-none-eabi/lib/thumb/v7e-m+fp/hard\libc_nano.a(lib_a-lock.o)
                0x000000000800a708                __retarget_lock_init_recursive
 .text.__retarget_lock_acquire_recursive
                0x000000000800a70a        0x2 c:/st/stm32cubeide_1.9.0/stm32cubeide/plugins/com.st.stm32cube.ide.mcu.externaltools.gnu-tools-for-stm32.10.3-2021.10.win32_1.0.0.202111181127/tools/bin/../lib/gcc/arm-none-eabi/10.3.1/../../../../arm-none-eabi/lib/thumb/v7e-m+fp/hard\libc_nano.a(lib_a-lock.o)
                0x000000000800a70a                __retarget_lock_acquire_recursive
 .text.__retarget_lock_release_recursive
                0x000000000800a70c        0x2 c:/st/stm32cubeide_1.9.0/stm32cubeide/plugins/com.st.stm32cube.ide.mcu.externaltools.gnu-tools-for-stm32.10.3-2021.10.win32_1.0.0.202111181127/tools/bin/../lib/gcc/arm-none-eabi/10.3.1/../../../../arm-none-eabi/lib/thumb/v7e-m+fp/hard\libc_nano.a(lib_a-lock.o)
                0x000000000800a70c                __retarget_lock_release_recursive
 *fill*         0x000000000800a70e        0x2 
 .text.malloc   0x000000000800a710       0x10 c:/st/stm32cubeide_1.9.0/stm32cubeide/plugins/com.st.stm32cube.ide.mcu.externaltools.gnu-tools-for-stm32.10.3-2021.10.win32_1.0.0.202111181127/tools/bin/../lib/gcc/arm-none-eabi/10.3.1/../../../../arm-none-eabi/lib/thumb/v7e-m+fp/hard\libc_nano.a(lib_a-malloc.o)
                0x000000000800a710                malloc
 .text.memcpy   0x000000000800a720       0x1c c:/st/stm32cubeide_1.9.0/stm32cubeide/plugins/com.st.stm32cube.ide.mcu.externaltools.gnu-tools-for-stm32.10.3-2021.10.win32_1.0.0.202111181127/tools/bin/../lib/gcc/arm-none-eabi/10.3.1/../../../../arm-none-eabi/lib/thumb/v7e-m+fp/hard\libc_nano.a(lib_a-memcpy-stub.o)
                0x000000000800a720                memcpy
 .text._Balloc  0x000000000800a73c       0x80 c:/st/stm32cubeide_1.9.0/stm32cubeide/plugins/com.st.stm32cube.ide.mcu.externaltools.gnu-tools-for-stm32.10.3-2021.10.win32_1.0.0.202111181127/tools/bin/../lib/gcc/arm-none-eabi/10.3.1/../../../../arm-none-eabi/lib/thumb/v7e-m+fp/hard\libc_nano.a(lib_a-mprec.o)
                0x000000000800a73c                _Balloc
 .text._Bfree   0x000000000800a7bc       0x44 c:/st/stm32cubeide_1.9.0/stm32cubeide/plugins/com.st.stm32cube.ide.mcu.externaltools.gnu-tools-for-stm32.10.3-2021.10.win32_1.0.0.202111181127/tools/bin/../lib/gcc/arm-none-eabi/10.3.1/../../../../arm-none-eabi/lib/thumb/v7e-m+fp/hard\libc_nano.a(lib_a-mprec.o)
                0x000000000800a7bc                _Bfree
 .text.__multadd
                0x000000000800a800       0x8c c:/st/stm32cubeide_1.9.0/stm32cubeide/plugins/com.st.stm32cube.ide.mcu.externaltools.gnu-tools-for-stm32.10.3-2021.10.win32_1.0.0.202111181127/tools/bin/../lib/gcc/arm-none-eabi/10.3.1/../../../../arm-none-eabi/lib/thumb/v7e-m+fp/hard\libc_nano.a(lib_a-mprec.o)
                0x000000000800a800                __multadd
 .text.__hi0bits
                0x000000000800a88c       0x40 c:/st/stm32cubeide_1.9.0/stm32cubeide/plugins/com.st.stm32cube.ide.mcu.externaltools.gnu-tools-for-stm32.10.3-2021.10.win32_1.0.0.202111181127/tools/bin/../lib/gcc/arm-none-eabi/10.3.1/../../../../arm-none-eabi/lib/thumb/v7e-m+fp/hard\libc_nano.a(lib_a-mprec.o)
                0x000000000800a88c                __hi0bits
 .text.__lo0bits
                0x000000000800a8cc       0x5e c:/st/stm32cubeide_1.9.0/stm32cubeide/plugins/com.st.stm32cube.ide.mcu.externaltools.gnu-tools-for-stm32.10.3-2021.10.win32_1.0.0.202111181127/tools/bin/../lib/gcc/arm-none-eabi/10.3.1/../../../../arm-none-eabi/lib/thumb/v7e-m+fp/hard\libc_nano.a(lib_a-mprec.o)
                0x000000000800a8cc                __lo0bits
 *fill*         0x000000000800a92a        0x2 
 .text.__i2b    0x000000000800a92c       0x2c c:/st/stm32cubeide_1.9.0/stm32cubeide/plugins/com.st.stm32cube.ide.mcu.externaltools.gnu-tools-for-stm32.10.3-2021.10.win32_1.0.0.202111181127/tools/bin/../lib/gcc/arm-none-eabi/10.3.1/../../../../arm-none-eabi/lib/thumb/v7e-m+fp/hard\libc_nano.a(lib_a-mprec.o)
                0x000000000800a92c                __i2b
 .text.__multiply
                0x000000000800a958      0x154 c:/st/stm32cubeide_1.9.0/stm32cubeide/plugins/com.st.stm32cube.ide.mcu.externaltools.gnu-tools-for-stm32.10.3-2021.10.win32_1.0.0.202111181127/tools/bin/../lib/gcc/arm-none-eabi/10.3.1/../../../../arm-none-eabi/lib/thumb/v7e-m+fp/hard\libc_nano.a(lib_a-mprec.o)
                0x000000000800a958                __multiply
 .text.__pow5mult
                0x000000000800aaac       0xb4 c:/st/stm32cubeide_1.9.0/stm32cubeide/plugins/com.st.stm32cube.ide.mcu.externaltools.gnu-tools-for-stm32.10.3-2021.10.win32_1.0.0.202111181127/tools/bin/../lib/gcc/arm-none-eabi/10.3.1/../../../../arm-none-eabi/lib/thumb/v7e-m+fp/hard\libc_nano.a(lib_a-mprec.o)
                0x000000000800aaac                __pow5mult
 .text.__lshift
                0x000000000800ab60       0xe0 c:/st/stm32cubeide_1.9.0/stm32cubeide/plugins/com.st.stm32cube.ide.mcu.externaltools.gnu-tools-for-stm32.10.3-2021.10.win32_1.0.0.202111181127/tools/bin/../lib/gcc/arm-none-eabi/10.3.1/../../../../arm-none-eabi/lib/thumb/v7e-m+fp/hard\libc_nano.a(lib_a-mprec.o)
                0x000000000800ab60                __lshift
 .text.__mcmp   0x000000000800ac40       0x38 c:/st/stm32cubeide_1.9.0/stm32cubeide/plugins/com.st.stm32cube.ide.mcu.externaltools.gnu-tools-for-stm32.10.3-2021.10.win32_1.0.0.202111181127/tools/bin/../lib/gcc/arm-none-eabi/10.3.1/../../../../arm-none-eabi/lib/thumb/v7e-m+fp/hard\libc_nano.a(lib_a-mprec.o)
                0x000000000800ac40                __mcmp
 .text.__mdiff  0x000000000800ac78      0x114 c:/st/stm32cubeide_1.9.0/stm32cubeide/plugins/com.st.stm32cube.ide.mcu.externaltools.gnu-tools-for-stm32.10.3-2021.10.win32_1.0.0.202111181127/tools/bin/../lib/gcc/arm-none-eabi/10.3.1/../../../../arm-none-eabi/lib/thumb/v7e-m+fp/hard\libc_nano.a(lib_a-mprec.o)
                0x000000000800ac78                __mdiff
 .text.__d2b    0x000000000800ad8c       0xb8 c:/st/stm32cubeide_1.9.0/stm32cubeide/plugins/com.st.stm32cube.ide.mcu.externaltools.gnu-tools-for-stm32.10.3-2021.10.win32_1.0.0.202111181127/tools/bin/../lib/gcc/arm-none-eabi/10.3.1/../../../../arm-none-eabi/lib/thumb/v7e-m+fp/hard\libc_nano.a(lib_a-mprec.o)
                0x000000000800ad8c                __d2b
 .text._calloc_r
                0x000000000800ae44       0x2c c:/st/stm32cubeide_1.9.0/stm32cubeide/plugins/com.st.stm32cube.ide.mcu.externaltools.gnu-tools-for-stm32.10.3-2021.10.win32_1.0.0.202111181127/tools/bin/../lib/gcc/arm-none-eabi/10.3.1/../../../../arm-none-eabi/lib/thumb/v7e-m+fp/hard\libc_nano.a(lib_a-nano-callocr.o)
                0x000000000800ae44                _calloc_r
 .text._free_r  0x000000000800ae70       0x98 c:/st/stm32cubeide_1.9.0/stm32cubeide/plugins/com.st.stm32cube.ide.mcu.externaltools.gnu-tools-for-stm32.10.3-2021.10.win32_1.0.0.202111181127/tools/bin/../lib/gcc/arm-none-eabi/10.3.1/../../../../arm-none-eabi/lib/thumb/v7e-m+fp/hard\libc_nano.a(lib_a-nano-freer.o)
                0x000000000800ae70                _free_r
 .text.sbrk_aligned
                0x000000000800af08       0x40 c:/st/stm32cubeide_1.9.0/stm32cubeide/plugins/com.st.stm32cube.ide.mcu.externaltools.gnu-tools-for-stm32.10.3-2021.10.win32_1.0.0.202111181127/tools/bin/../lib/gcc/arm-none-eabi/10.3.1/../../../../arm-none-eabi/lib/thumb/v7e-m+fp/hard\libc_nano.a(lib_a-nano-mallocr.o)
 .text._malloc_r
                0x000000000800af48       0xe8 c:/st/stm32cubeide_1.9.0/stm32cubeide/plugins/com.st.stm32cube.ide.mcu.externaltools.gnu-tools-for-stm32.10.3-2021.10.win32_1.0.0.202111181127/tools/bin/../lib/gcc/arm-none-eabi/10.3.1/../../../../arm-none-eabi/lib/thumb/v7e-m+fp/hard\libc_nano.a(lib_a-nano-mallocr.o)
                0x000000000800af48                _malloc_r
 .text.__ssputs_r
                0x000000000800b030       0xb6 c:/st/stm32cubeide_1.9.0/stm32cubeide/plugins/com.st.stm32cube.ide.mcu.externaltools.gnu-tools-for-stm32.10.3-2021.10.win32_1.0.0.202111181127/tools/bin/../lib/gcc/arm-none-eabi/10.3.1/../../../../arm-none-eabi/lib/thumb/v7e-m+fp/hard\libc_nano.a(lib_a-nano-svfprintf.o)
                0x000000000800b030                __ssputs_r
 *fill*         0x000000000800b0e6        0x2 
 .text._svfprintf_r
                0x000000000800b0e8      0x200 c:/st/stm32cubeide_1.9.0/stm32cubeide/plugins/com.st.stm32cube.ide.mcu.externaltools.gnu-tools-for-stm32.10.3-2021.10.win32_1.0.0.202111181127/tools/bin/../lib/gcc/arm-none-eabi/10.3.1/../../../../arm-none-eabi/lib/thumb/v7e-m+fp/hard\libc_nano.a(lib_a-nano-svfprintf.o)
                0x000000000800b0e8                _svfiprintf_r
                0x000000000800b0e8                _svfprintf_r
 .text.__sfputc_r
                0x000000000800b2e8       0x2e c:/st/stm32cubeide_1.9.0/stm32cubeide/plugins/com.st.stm32cube.ide.mcu.externaltools.gnu-tools-for-stm32.10.3-2021.10.win32_1.0.0.202111181127/tools/bin/../lib/gcc/arm-none-eabi/10.3.1/../../../../arm-none-eabi/lib/thumb/v7e-m+fp/hard\libc_nano.a(lib_a-nano-vfprintf.o)
 .text.__sfputs_r
                0x000000000800b316       0x24 c:/st/stm32cubeide_1.9.0/stm32cubeide/plugins/com.st.stm32cube.ide.mcu.externaltools.gnu-tools-for-stm32.10.3-2021.10.win32_1.0.0.202111181127/tools/bin/../lib/gcc/arm-none-eabi/10.3.1/../../../../arm-none-eabi/lib/thumb/v7e-m+fp/hard\libc_nano.a(lib_a-nano-vfprintf.o)
                0x000000000800b316                __sfputs_r
 *fill*         0x000000000800b33a        0x2 
 .text._vfprintf_r
                0x000000000800b33c      0x260 c:/st/stm32cubeide_1.9.0/stm32cubeide/plugins/com.st.stm32cube.ide.mcu.externaltools.gnu-tools-for-stm32.10.3-2021.10.win32_1.0.0.202111181127/tools/bin/../lib/gcc/arm-none-eabi/10.3.1/../../../../arm-none-eabi/lib/thumb/v7e-m+fp/hard\libc_nano.a(lib_a-nano-vfprintf.o)
                0x000000000800b33c                _vfprintf_r
                0x000000000800b33c                _vfiprintf_r
 .text._sbrk_r  0x000000000800b59c       0x20 c:/st/stm32cubeide_1.9.0/stm32cubeide/plugins/com.st.stm32cube.ide.mcu.externaltools.gnu-tools-for-stm32.10.3-2021.10.win32_1.0.0.202111181127/tools/bin/../lib/gcc/arm-none-eabi/10.3.1/../../../../arm-none-eabi/lib/thumb/v7e-m+fp/hard\libc_nano.a(lib_a-sbrkr.o)
                0x000000000800b59c                _sbrk_r
 .text.__sread  0x000000000800b5bc       0x22 c:/st/stm32cubeide_1.9.0/stm32cubeide/plugins/com.st.stm32cube.ide.mcu.externaltools.gnu-tools-for-stm32.10.3-2021.10.win32_1.0.0.202111181127/tools/bin/../lib/gcc/arm-none-eabi/10.3.1/../../../../arm-none-eabi/lib/thumb/v7e-m+fp/hard\libc_nano.a(lib_a-stdio.o)
                0x000000000800b5bc                __sread
 .text.__swrite
                0x000000000800b5de       0x38 c:/st/stm32cubeide_1.9.0/stm32cubeide/plugins/com.st.stm32cube.ide.mcu.externaltools.gnu-tools-for-stm32.10.3-2021.10.win32_1.0.0.202111181127/tools/bin/../lib/gcc/arm-none-eabi/10.3.1/../../../../arm-none-eabi/lib/thumb/v7e-m+fp/hard\libc_nano.a(lib_a-stdio.o)
                0x000000000800b5de                __swrite
 .text.__sseek  0x000000000800b616       0x24 c:/st/stm32cubeide_1.9.0/stm32cubeide/plugins/com.st.stm32cube.ide.mcu.externaltools.gnu-tools-for-stm32.10.3-2021.10.win32_1.0.0.202111181127/tools/bin/../lib/gcc/arm-none-eabi/10.3.1/../../../../arm-none-eabi/lib/thumb/v7e-m+fp/hard\libc_nano.a(lib_a-stdio.o)
                0x000000000800b616                __sseek
 .text.__sclose
                0x000000000800b63a        0x8 c:/st/stm32cubeide_1.9.0/stm32cubeide/plugins/com.st.stm32cube.ide.mcu.externaltools.gnu-tools-for-stm32.10.3-2021.10.win32_1.0.0.202111181127/tools/bin/../lib/gcc/arm-none-eabi/10.3.1/../../../../arm-none-eabi/lib/thumb/v7e-m+fp/hard\libc_nano.a(lib_a-stdio.o)
                0x000000000800b63a                __sclose
 *fill*         0x000000000800b642        0x2 
 .text.__swbuf_r
                0x000000000800b644       0xa4 c:/st/stm32cubeide_1.9.0/stm32cubeide/plugins/com.st.stm32cube.ide.mcu.externaltools.gnu-tools-for-stm32.10.3-2021.10.win32_1.0.0.202111181127/tools/bin/../lib/gcc/arm-none-eabi/10.3.1/../../../../arm-none-eabi/lib/thumb/v7e-m+fp/hard\libc_nano.a(lib_a-wbuf.o)
                0x000000000800b644                __swbuf_r
 .text._write_r
                0x000000000800b6e8       0x24 c:/st/stm32cubeide_1.9.0/stm32cubeide/plugins/com.st.stm32cube.ide.mcu.externaltools.gnu-tools-for-stm32.10.3-2021.10.win32_1.0.0.202111181127/tools/bin/../lib/gcc/arm-none-eabi/10.3.1/../../../../arm-none-eabi/lib/thumb/v7e-m+fp/hard\libc_nano.a(lib_a-writer.o)
                0x000000000800b6e8                _write_r
 .text.__swsetup_r
                0x000000000800b70c       0xdc c:/st/stm32cubeide_1.9.0/stm32cubeide/plugins/com.st.stm32cube.ide.mcu.externaltools.gnu-tools-for-stm32.10.3-2021.10.win32_1.0.0.202111181127/tools/bin/../lib/gcc/arm-none-eabi/10.3.1/../../../../arm-none-eabi/lib/thumb/v7e-m+fp/hard\libc_nano.a(lib_a-wsetup.o)
                0x000000000800b70c                __swsetup_r
 .text.__assert_func
                0x000000000800b7e8       0x3c c:/st/stm32cubeide_1.9.0/stm32cubeide/plugins/com.st.stm32cube.ide.mcu.externaltools.gnu-tools-for-stm32.10.3-2021.10.win32_1.0.0.202111181127/tools/bin/../lib/gcc/arm-none-eabi/10.3.1/../../../../arm-none-eabi/lib/thumb/v7e-m+fp/hard\libc_nano.a(lib_a-assert.o)
                0x000000000800b7e8                __assert_func
 .text._close_r
                0x000000000800b824       0x20 c:/st/stm32cubeide_1.9.0/stm32cubeide/plugins/com.st.stm32cube.ide.mcu.externaltools.gnu-tools-for-stm32.10.3-2021.10.win32_1.0.0.202111181127/tools/bin/../lib/gcc/arm-none-eabi/10.3.1/../../../../arm-none-eabi/lib/thumb/v7e-m+fp/hard\libc_nano.a(lib_a-closer.o)
                0x000000000800b824                _close_r
 .text.__sflush_r
                0x000000000800b844      0x10c c:/st/stm32cubeide_1.9.0/stm32cubeide/plugins/com.st.stm32cube.ide.mcu.externaltools.gnu-tools-for-stm32.10.3-2021.10.win32_1.0.0.202111181127/tools/bin/../lib/gcc/arm-none-eabi/10.3.1/../../../../arm-none-eabi/lib/thumb/v7e-m+fp/hard\libc_nano.a(lib_a-fflush.o)
                0x000000000800b844                __sflush_r
 .text._fflush_r
                0x000000000800b950       0x78 c:/st/stm32cubeide_1.9.0/stm32cubeide/plugins/com.st.stm32cube.ide.mcu.externaltools.gnu-tools-for-stm32.10.3-2021.10.win32_1.0.0.202111181127/tools/bin/../lib/gcc/arm-none-eabi/10.3.1/../../../../arm-none-eabi/lib/thumb/v7e-m+fp/hard\libc_nano.a(lib_a-fflush.o)
                0x000000000800b950                _fflush_r
 .text.fprintf  0x000000000800b9c8       0x24 c:/st/stm32cubeide_1.9.0/stm32cubeide/plugins/com.st.stm32cube.ide.mcu.externaltools.gnu-tools-for-stm32.10.3-2021.10.win32_1.0.0.202111181127/tools/bin/../lib/gcc/arm-none-eabi/10.3.1/../../../../arm-none-eabi/lib/thumb/v7e-m+fp/hard\libc_nano.a(lib_a-fprintf.o)
                0x000000000800b9c8                fiprintf
                0x000000000800b9c8                fprintf
 .text._lseek_r
                0x000000000800b9ec       0x24 c:/st/stm32cubeide_1.9.0/stm32cubeide/plugins/com.st.stm32cube.ide.mcu.externaltools.gnu-tools-for-stm32.10.3-2021.10.win32_1.0.0.202111181127/tools/bin/../lib/gcc/arm-none-eabi/10.3.1/../../../../arm-none-eabi/lib/thumb/v7e-m+fp/hard\libc_nano.a(lib_a-lseekr.o)
                0x000000000800b9ec                _lseek_r
 .text.__swhatbuf_r
                0x000000000800ba10       0x4a c:/st/stm32cubeide_1.9.0/stm32cubeide/plugins/com.st.stm32cube.ide.mcu.externaltools.gnu-tools-for-stm32.10.3-2021.10.win32_1.0.0.202111181127/tools/bin/../lib/gcc/arm-none-eabi/10.3.1/../../../../arm-none-eabi/lib/thumb/v7e-m+fp/hard\libc_nano.a(lib_a-makebuf.o)
                0x000000000800ba10                __swhatbuf_r
 *fill*         0x000000000800ba5a        0x2 
 .text.__smakebuf_r
                0x000000000800ba5c       0x80 c:/st/stm32cubeide_1.9.0/stm32cubeide/plugins/com.st.stm32cube.ide.mcu.externaltools.gnu-tools-for-stm32.10.3-2021.10.win32_1.0.0.202111181127/tools/bin/../lib/gcc/arm-none-eabi/10.3.1/../../../../arm-none-eabi/lib/thumb/v7e-m+fp/hard\libc_nano.a(lib_a-makebuf.o)
                0x000000000800ba5c                __smakebuf_r
 .text.__ascii_mbtowc
                0x000000000800badc       0x24 c:/st/stm32cubeide_1.9.0/stm32cubeide/plugins/com.st.stm32cube.ide.mcu.externaltools.gnu-tools-for-stm32.10.3-2021.10.win32_1.0.0.202111181127/tools/bin/../lib/gcc/arm-none-eabi/10.3.1/../../../../arm-none-eabi/lib/thumb/v7e-m+fp/hard\libc_nano.a(lib_a-mbtowc_r.o)
                0x000000000800badc                __ascii_mbtowc
 .text.memmove  0x000000000800bb00       0x34 c:/st/stm32cubeide_1.9.0/stm32cubeide/plugins/com.st.stm32cube.ide.mcu.externaltools.gnu-tools-for-stm32.10.3-2021.10.win32_1.0.0.202111181127/tools/bin/../lib/gcc/arm-none-eabi/10.3.1/../../../../arm-none-eabi/lib/thumb/v7e-m+fp/hard\libc_nano.a(lib_a-memmove.o)
                0x000000000800bb00                memmove
 .text.__malloc_lock
                0x000000000800bb34        0xc c:/st/stm32cubeide_1.9.0/stm32cubeide/plugins/com.st.stm32cube.ide.mcu.externaltools.gnu-tools-for-stm32.10.3-2021.10.win32_1.0.0.202111181127/tools/bin/../lib/gcc/arm-none-eabi/10.3.1/../../../../arm-none-eabi/lib/thumb/v7e-m+fp/hard\libc_nano.a(lib_a-mlock.o)
                0x000000000800bb34                __malloc_lock
 .text.__malloc_unlock
                0x000000000800bb40        0xc c:/st/stm32cubeide_1.9.0/stm32cubeide/plugins/com.st.stm32cube.ide.mcu.externaltools.gnu-tools-for-stm32.10.3-2021.10.win32_1.0.0.202111181127/tools/bin/../lib/gcc/arm-none-eabi/10.3.1/../../../../arm-none-eabi/lib/thumb/v7e-m+fp/hard\libc_nano.a(lib_a-mlock.o)
                0x000000000800bb40                __malloc_unlock
 .text._realloc_r
                0x000000000800bb4c       0x5e c:/st/stm32cubeide_1.9.0/stm32cubeide/plugins/com.st.stm32cube.ide.mcu.externaltools.gnu-tools-for-stm32.10.3-2021.10.win32_1.0.0.202111181127/tools/bin/../lib/gcc/arm-none-eabi/10.3.1/../../../../arm-none-eabi/lib/thumb/v7e-m+fp/hard\libc_nano.a(lib_a-nano-reallocr.o)
                0x000000000800bb4c                _realloc_r
 *fill*         0x000000000800bbaa        0x2 
 .text._read_r  0x000000000800bbac       0x24 c:/st/stm32cubeide_1.9.0/stm32cubeide/plugins/com.st.stm32cube.ide.mcu.externaltools.gnu-tools-for-stm32.10.3-2021.10.win32_1.0.0.202111181127/tools/bin/../lib/gcc/arm-none-eabi/10.3.1/../../../../arm-none-eabi/lib/thumb/v7e-m+fp/hard\libc_nano.a(lib_a-readr.o)
                0x000000000800bbac                _read_r
 .text.__ascii_wctomb
                0x000000000800bbd0       0x1a c:/st/stm32cubeide_1.9.0/stm32cubeide/plugins/com.st.stm32cube.ide.mcu.externaltools.gnu-tools-for-stm32.10.3-2021.10.win32_1.0.0.202111181127/tools/bin/../lib/gcc/arm-none-eabi/10.3.1/../../../../arm-none-eabi/lib/thumb/v7e-m+fp/hard\libc_nano.a(lib_a-wctomb_r.o)
                0x000000000800bbd0                __ascii_wctomb
 .text.abort    0x000000000800bbea        0xe c:/st/stm32cubeide_1.9.0/stm32cubeide/plugins/com.st.stm32cube.ide.mcu.externaltools.gnu-tools-for-stm32.10.3-2021.10.win32_1.0.0.202111181127/tools/bin/../lib/gcc/arm-none-eabi/10.3.1/../../../../arm-none-eabi/lib/thumb/v7e-m+fp/hard\libc_nano.a(lib_a-abort.o)
                0x000000000800bbea                abort
 .text._fstat_r
                0x000000000800bbf8       0x24 c:/st/stm32cubeide_1.9.0/stm32cubeide/plugins/com.st.stm32cube.ide.mcu.externaltools.gnu-tools-for-stm32.10.3-2021.10.win32_1.0.0.202111181127/tools/bin/../lib/gcc/arm-none-eabi/10.3.1/../../../../arm-none-eabi/lib/thumb/v7e-m+fp/hard\libc_nano.a(lib_a-fstatr.o)
                0x000000000800bbf8                _fstat_r
 .text._isatty_r
                0x000000000800bc1c       0x20 c:/st/stm32cubeide_1.9.0/stm32cubeide/plugins/com.st.stm32cube.ide.mcu.externaltools.gnu-tools-for-stm32.10.3-2021.10.win32_1.0.0.202111181127/tools/bin/../lib/gcc/arm-none-eabi/10.3.1/../../../../arm-none-eabi/lib/thumb/v7e-m+fp/hard\libc_nano.a(lib_a-isattyr.o)
                0x000000000800bc1c                _isatty_r
 .text._malloc_usable_size_r
                0x000000000800bc3c       0x10 c:/st/stm32cubeide_1.9.0/stm32cubeide/plugins/com.st.stm32cube.ide.mcu.externaltools.gnu-tools-for-stm32.10.3-2021.10.win32_1.0.0.202111181127/tools/bin/../lib/gcc/arm-none-eabi/10.3.1/../../../../arm-none-eabi/lib/thumb/v7e-m+fp/hard\libc_nano.a(lib_a-nano-msizer.o)
                0x000000000800bc3c                _malloc_usable_size_r
 .text._raise_r
                0x000000000800bc4c       0x50 c:/st/stm32cubeide_1.9.0/stm32cubeide/plugins/com.st.stm32cube.ide.mcu.externaltools.gnu-tools-for-stm32.10.3-2021.10.win32_1.0.0.202111181127/tools/bin/../lib/gcc/arm-none-eabi/10.3.1/../../../../arm-none-eabi/lib/thumb/v7e-m+fp/hard\libc_nano.a(lib_a-signal.o)
                0x000000000800bc4c                _raise_r
 .text.raise    0x000000000800bc9c       0x10 c:/st/stm32cubeide_1.9.0/stm32cubeide/plugins/com.st.stm32cube.ide.mcu.externaltools.gnu-tools-for-stm32.10.3-2021.10.win32_1.0.0.202111181127/tools/bin/../lib/gcc/arm-none-eabi/10.3.1/../../../../arm-none-eabi/lib/thumb/v7e-m+fp/hard\libc_nano.a(lib_a-signal.o)
                0x000000000800bc9c                raise
 .text._kill_r  0x000000000800bcac       0x24 c:/st/stm32cubeide_1.9.0/stm32cubeide/plugins/com.st.stm32cube.ide.mcu.externaltools.gnu-tools-for-stm32.10.3-2021.10.win32_1.0.0.202111181127/tools/bin/../lib/gcc/arm-none-eabi/10.3.1/../../../../arm-none-eabi/lib/thumb/v7e-m+fp/hard\libc_nano.a(lib_a-signalr.o)
                0x000000000800bcac                _kill_r
 .text._getpid_r
                0x000000000800bcd0        0x4 c:/st/stm32cubeide_1.9.0/stm32cubeide/plugins/com.st.stm32cube.ide.mcu.externaltools.gnu-tools-for-stm32.10.3-2021.10.win32_1.0.0.202111181127/tools/bin/../lib/gcc/arm-none-eabi/10.3.1/../../../../arm-none-eabi/lib/thumb/v7e-m+fp/hard\libc_nano.a(lib_a-signalr.o)
                0x000000000800bcd0                _getpid_r
 .text.trunc    0x000000000800bcd4       0x64 c:/st/stm32cubeide_1.9.0/stm32cubeide/plugins/com.st.stm32cube.ide.mcu.externaltools.gnu-tools-for-stm32.10.3-2021.10.win32_1.0.0.202111181127/tools/bin/../lib/gcc/arm-none-eabi/10.3.1/../../../../arm-none-eabi/lib/thumb/v7e-m+fp/hard\libm.a(lib_a-s_trunc.o)
                0x000000000800bcd4                trunc
 .text.pow      0x000000000800bd38       0xe0 c:/st/stm32cubeide_1.9.0/stm32cubeide/plugins/com.st.stm32cube.ide.mcu.externaltools.gnu-tools-for-stm32.10.3-2021.10.win32_1.0.0.202111181127/tools/bin/../lib/gcc/arm-none-eabi/10.3.1/../../../../arm-none-eabi/lib/thumb/v7e-m+fp/hard\libm.a(lib_a-w_pow.o)
                0x000000000800bd38                pow
 .text.__ieee754_pow
                0x000000000800be18      0xa5c c:/st/stm32cubeide_1.9.0/stm32cubeide/plugins/com.st.stm32cube.ide.mcu.externaltools.gnu-tools-for-stm32.10.3-2021.10.win32_1.0.0.202111181127/tools/bin/../lib/gcc/arm-none-eabi/10.3.1/../../../../arm-none-eabi/lib/thumb/v7e-m+fp/hard\libm.a(lib_a-e_pow.o)
                0x000000000800be18                __ieee754_pow
 .text.__ieee754_sqrt
                0x000000000800c874      0x164 c:/st/stm32cubeide_1.9.0/stm32cubeide/plugins/com.st.stm32cube.ide.mcu.externaltools.gnu-tools-for-stm32.10.3-2021.10.win32_1.0.0.202111181127/tools/bin/../lib/gcc/arm-none-eabi/10.3.1/../../../../arm-none-eabi/lib/thumb/v7e-m+fp/hard\libm.a(lib_a-e_sqrt.o)
                0x000000000800c874                __ieee754_sqrt
 .text.with_errno
                0x000000000800c9d8       0x14 c:/st/stm32cubeide_1.9.0/stm32cubeide/plugins/com.st.stm32cube.ide.mcu.externaltools.gnu-tools-for-stm32.10.3-2021.10.win32_1.0.0.202111181127/tools/bin/../lib/gcc/arm-none-eabi/10.3.1/../../../../arm-none-eabi/lib/thumb/v7e-m+fp/hard\libm.a(lib_a-math_err.o)
 .text.xflow    0x000000000800c9ec       0x28 c:/st/stm32cubeide_1.9.0/stm32cubeide/plugins/com.st.stm32cube.ide.mcu.externaltools.gnu-tools-for-stm32.10.3-2021.10.win32_1.0.0.202111181127/tools/bin/../lib/gcc/arm-none-eabi/10.3.1/../../../../arm-none-eabi/lib/thumb/v7e-m+fp/hard\libm.a(lib_a-math_err.o)
 .text.__math_uflow
                0x000000000800ca14       0x12 c:/st/stm32cubeide_1.9.0/stm32cubeide/plugins/com.st.stm32cube.ide.mcu.externaltools.gnu-tools-for-stm32.10.3-2021.10.win32_1.0.0.202111181127/tools/bin/../lib/gcc/arm-none-eabi/10.3.1/../../../../arm-none-eabi/lib/thumb/v7e-m+fp/hard\libm.a(lib_a-math_err.o)
                0x000000000800ca14                __math_uflow
 .text.__math_oflow
                0x000000000800ca26       0x12 c:/st/stm32cubeide_1.9.0/stm32cubeide/plugins/com.st.stm32cube.ide.mcu.externaltools.gnu-tools-for-stm32.10.3-2021.10.win32_1.0.0.202111181127/tools/bin/../lib/gcc/arm-none-eabi/10.3.1/../../../../arm-none-eabi/lib/thumb/v7e-m+fp/hard\libm.a(lib_a-math_err.o)
                0x000000000800ca26                __math_oflow
 .text.fabs     0x000000000800ca38       0x12 c:/st/stm32cubeide_1.9.0/stm32cubeide/plugins/com.st.stm32cube.ide.mcu.externaltools.gnu-tools-for-stm32.10.3-2021.10.win32_1.0.0.202111181127/tools/bin/../lib/gcc/arm-none-eabi/10.3.1/../../../../arm-none-eabi/lib/thumb/v7e-m+fp/hard\libm.a(lib_a-s_fabs.o)
                0x000000000800ca38                fabs
 .text.finite   0x000000000800ca4a       0x16 c:/st/stm32cubeide_1.9.0/stm32cubeide/plugins/com.st.stm32cube.ide.mcu.externaltools.gnu-tools-for-stm32.10.3-2021.10.win32_1.0.0.202111181127/tools/bin/../lib/gcc/arm-none-eabi/10.3.1/../../../../arm-none-eabi/lib/thumb/v7e-m+fp/hard\libm.a(lib_a-s_finite.o)
                0x000000000800ca4a                finite
 .text.scalbn   0x000000000800ca60      0x10c c:/st/stm32cubeide_1.9.0/stm32cubeide/plugins/com.st.stm32cube.ide.mcu.externaltools.gnu-tools-for-stm32.10.3-2021.10.win32_1.0.0.202111181127/tools/bin/../lib/gcc/arm-none-eabi/10.3.1/../../../../arm-none-eabi/lib/thumb/v7e-m+fp/hard\libm.a(lib_a-s_scalbn.o)
                0x000000000800ca60                scalbn
 *(.glue_7)
 .glue_7        0x000000000800cb6c        0x0 linker stubs
 *(.glue_7t)
 .glue_7t       0x000000000800cb6c        0x0 linker stubs
 *(.eh_frame)
 .eh_frame      0x000000000800cb6c        0x0 c:/st/stm32cubeide_1.9.0/stm32cubeide/plugins/com.st.stm32cube.ide.mcu.externaltools.gnu-tools-for-stm32.10.3-2021.10.win32_1.0.0.202111181127/tools/bin/../lib/gcc/arm-none-eabi/10.3.1/thumb/v7e-m+fp/hard/crtbegin.o
 *(.init)
 .init          0x000000000800cb6c        0x4 c:/st/stm32cubeide_1.9.0/stm32cubeide/plugins/com.st.stm32cube.ide.mcu.externaltools.gnu-tools-for-stm32.10.3-2021.10.win32_1.0.0.202111181127/tools/bin/../lib/gcc/arm-none-eabi/10.3.1/thumb/v7e-m+fp/hard/crti.o
                0x000000000800cb6c                _init
 .init          0x000000000800cb70        0x8 c:/st/stm32cubeide_1.9.0/stm32cubeide/plugins/com.st.stm32cube.ide.mcu.externaltools.gnu-tools-for-stm32.10.3-2021.10.win32_1.0.0.202111181127/tools/bin/../lib/gcc/arm-none-eabi/10.3.1/thumb/v7e-m+fp/hard/crtn.o
 *(.fini)
 .fini          0x000000000800cb78        0x4 c:/st/stm32cubeide_1.9.0/stm32cubeide/plugins/com.st.stm32cube.ide.mcu.externaltools.gnu-tools-for-stm32.10.3-2021.10.win32_1.0.0.202111181127/tools/bin/../lib/gcc/arm-none-eabi/10.3.1/thumb/v7e-m+fp/hard/crti.o
                0x000000000800cb78                _fini
 .fini          0x000000000800cb7c        0x8 c:/st/stm32cubeide_1.9.0/stm32cubeide/plugins/com.st.stm32cube.ide.mcu.externaltools.gnu-tools-for-stm32.10.3-2021.10.win32_1.0.0.202111181127/tools/bin/../lib/gcc/arm-none-eabi/10.3.1/thumb/v7e-m+fp/hard/crtn.o
                0x000000000800cb84                . = ALIGN (0x4)
                0x000000000800cb84                _etext = .

.vfp11_veneer   0x000000000800cb84        0x0
 .vfp11_veneer  0x000000000800cb84        0x0 linker stubs

.v4_bx          0x000000000800cb84        0x0
 .v4_bx         0x000000000800cb84        0x0 linker stubs

.iplt           0x000000000800cb84        0x0
 .iplt          0x000000000800cb84        0x0 c:/st/stm32cubeide_1.9.0/stm32cubeide/plugins/com.st.stm32cube.ide.mcu.externaltools.gnu-tools-for-stm32.10.3-2021.10.win32_1.0.0.202111181127/tools/bin/../lib/gcc/arm-none-eabi/10.3.1/thumb/v7e-m+fp/hard/crtbegin.o

.rodata         0x000000000800cb88      0x558
                0x000000000800cb88                . = ALIGN (0x4)
 *(.rodata)
 .rodata        0x000000000800cb88      0x11f ./Application/User/app_mems.o
 *(.rodata*)
 *fill*         0x000000000800cca7        0x1 
 .rodata.LedGpioInit.4
                0x000000000800cca8        0x4 ./Drivers/BSP/STM32F4xx_Nucleo/stm32f4xx_nucleo.o
 .rodata.ButtonGpioInit.3
                0x000000000800ccac        0x4 ./Drivers/BSP/STM32F4xx_Nucleo/stm32f4xx_nucleo.o
 .rodata.BUTTON_EXTI_LINE.2
                0x000000000800ccb0        0x4 ./Drivers/BSP/STM32F4xx_Nucleo/stm32f4xx_nucleo.o
 .rodata.ButtonCallback.1
                0x000000000800ccb4        0x4 ./Drivers/BSP/STM32F4xx_Nucleo/stm32f4xx_nucleo.o
 .rodata.BSP_BUTTON_PRIO.0
                0x000000000800ccb8        0x4 ./Drivers/BSP/STM32F4xx_Nucleo/stm32f4xx_nucleo.o
 .rodata.AHBPrescTable
                0x000000000800ccbc       0x10 ./Drivers/CMSIS/system_stm32f4xx.o
                0x000000000800ccbc                AHBPrescTable
 .rodata.APBPrescTable
                0x000000000800cccc        0x8 ./Drivers/CMSIS/system_stm32f4xx.o
                0x000000000800cccc                APBPrescTable