21:29:31 **** Incremental Build of configuration Debug for project SKG_2_GPIO ****
make -j6 all 
arm-none-eabi-gcc "../Core/Src/main.c" -mcpu=cortex-m4 -std=gnu11 -g3 -DDEBUG -DUSE_HAL_DRIVER -DSTM32F411xE -c -I../Core/Inc -I../Drivers/STM32F4xx_HAL_Driver/Inc -I../Drivers/STM32F4xx_HAL_Driver/Inc/Legacy -I../Drivers/CMSIS/Device/ST/STM32F4xx/Include -I../Drivers/CMSIS/Include -O0 -ffunction-sections -fdata-sections -Wall -fstack-usage -MMD -MP -MF"Core/Src/main.d" -MT"Core/Src/main.o" --specs=nano.specs -mfpu=fpv4-sp-d16 -mfloat-abi=hard -mthumb -o "Core/Src/main.o"
arm-none-eabi-gcc -o "SKG_2_GPIO.elf" @"objects.list"   -mcpu=cortex-m4 -T"C:\Users\Professional\Desktop\!!!!!!!\IT\STM32\STM32-Course\SKG_2_GPIO\STM32F411RETX_FLASH.ld" --specs=nosys.specs -Wl,-Map="SKG_2_GPIO.map" -Wl,--gc-sections -static --specs=nano.specs -mfpu=fpv4-sp-d16 -mfloat-abi=hard -mthumb -Wl,--start-group -lc -lm -Wl,--end-group
Finished building target: SKG_2_GPIO.elf
 
arm-none-eabi-size   SKG_2_GPIO.elf 
arm-none-eabi-objdump -h -S  SKG_2_GPIO.elf  > "SKG_2_GPIO.list"
   text	   data	    bss	    dec	    hex	filename
   7792	     20	   1636	   9448	   24e8	SKG_2_GPIO.elf
Finished building: default.size.stdout
 
Finished building: SKG_2_GPIO.list
 
21:29:36 **** Incremental Build of configuration Debug for project SKG_2_GPIO ****
make -j6 all 
arm-none-eabi-size   SKG_2_GPIO.elf 
   text	   data	    bss	    dec	    hex	filename
   7792	     20	   1636	   9448	   24e8	SKG_2_GPIO.elf
Finished building: default.size.stdout
 
