18:50:38 **** Incremental Build of configuration Debug for project SKG_5_UART ****
make -j6 all 
arm-none-eabi-size   SKG_5_UART.elf 
   text	   data	    bss	    dec	    hex	filename
  13440	    120	   1688	  15248	   3b90	SKG_5_UART.elf
Finished building: default.size.stdout
 
18:50:42 **** Incremental Build of configuration Debug for project SKG_5_UART ****
make -j6 all 
arm-none-eabi-size   SKG_5_UART.elf 
   text	   data	    bss	    dec	    hex	filename
  13440	    120	   1688	  15248	   3b90	SKG_5_UART.elf
Finished building: default.size.stdout
 
19:09:10 **** Incremental Build of configuration Debug for project SKG_5_UART ****
make -j6 all 
arm-none-eabi-gcc "../Core/Src/main.c" -mcpu=cortex-m4 -std=gnu11 -g3 -DDEBUG -DUSE_HAL_DRIVER -DSTM32F411xE -c -I../Core/Inc -I../Drivers/STM32F4xx_HAL_Driver/Inc -I../Drivers/STM32F4xx_HAL_Driver/Inc/Legacy -I../Drivers/CMSIS/Device/ST/STM32F4xx/Include -I../Drivers/CMSIS/Include -O0 -ffunction-sections -fdata-sections -Wall -fstack-usage -MMD -MP -MF"Core/Src/main.d" -MT"Core/Src/main.o" --specs=nano.specs -mfpu=fpv4-sp-d16 -mfloat-abi=hard -mthumb -o "Core/Src/main.o"
../Core/Src/main.c: In function 'HAL_UART_RxCpltCallback':
../Core/Src/main.c:172:33: warning: pointer targets in passing argument 2 of 'HAL_UART_Transmit_IT' differ in signedness [-Wpointer-sign]
  172 |   HAL_UART_Transmit_IT(&huart2, komunikat, dl_kom);
      |                                 ^~~~~~~~~
      |                                 |
      |                                 char *
In file included from ../Core/Inc/stm32f4xx_hal_conf.h:407,
                 from ../Drivers/STM32F4xx_HAL_Driver/Inc/stm32f4xx_hal.h:29,
                 from ../Core/Inc/main.h:30,
                 from ../Core/Src/main.c:20:
../Drivers/STM32F4xx_HAL_Driver/Inc/stm32f4xx_hal_uart.h:724:82: note: expected 'const uint8_t *' {aka 'const unsigned char *'} but argument is of type 'char *'
  724 | HAL_StatusTypeDef HAL_UART_Transmit_IT(UART_HandleTypeDef *huart, const uint8_t *pData, uint16_t Size);
      |                                                                   ~~~~~~~~~~~~~~~^~~~~
arm-none-eabi-gcc -o "SKG_5_UART.elf" @"objects.list"   -mcpu=cortex-m4 -T"C:\Users\Professional\Desktop\!!!!!!!\IT\STM32\STM32-Course\SKG_5_UART\STM32F411RETX_FLASH.ld" --specs=nosys.specs -Wl,-Map="SKG_5_UART.map" -Wl,--gc-sections -static --specs=nano.specs -mfpu=fpv4-sp-d16 -mfloat-abi=hard -mthumb -Wl,--start-group -lc -lm -Wl,--end-group
Finished building target: SKG_5_UART.elf
 
arm-none-eabi-size   SKG_5_UART.elf 
arm-none-eabi-objdump -h -S  SKG_5_UART.elf  > "SKG_5_UART.list"
   text	   data	    bss	    dec	    hex	filename
  13440	    120	   1688	  15248	   3b90	SKG_5_UART.elf
Finished building: default.size.stdout
 
Finished building: SKG_5_UART.list
 
19:09:17 **** Incremental Build of configuration Debug for project SKG_5_UART ****
make -j6 all 
arm-none-eabi-size   SKG_5_UART.elf 
   text	   data	    bss	    dec	    hex	filename
  13440	    120	   1688	  15248	   3b90	SKG_5_UART.elf
Finished building: default.size.stdout
 
19:09:22 **** Incremental Build of configuration Debug for project SKG_5_UART ****
make -j6 all 
arm-none-eabi-size   SKG_5_UART.elf 
   text	   data	    bss	    dec	    hex	filename
  13440	    120	   1688	  15248	   3b90	SKG_5_UART.elf
Finished building: default.size.stdout
 
19:10:49 **** Incremental Build of configuration Debug for project SKG_5_UART ****
make -j6 all 
arm-none-eabi-gcc "../Core/Src/main.c" -mcpu=cortex-m4 -std=gnu11 -g3 -DDEBUG -DUSE_HAL_DRIVER -DSTM32F411xE -c -I../Core/Inc -I../Drivers/STM32F4xx_HAL_Driver/Inc -I../Drivers/STM32F4xx_HAL_Driver/Inc/Legacy -I../Drivers/CMSIS/Device/ST/STM32F4xx/Include -I../Drivers/CMSIS/Include -O0 -ffunction-sections -fdata-sections -Wall -fstack-usage -MMD -MP -MF"Core/Src/main.d" -MT"Core/Src/main.o" --specs=nano.specs -mfpu=fpv4-sp-d16 -mfloat-abi=hard -mthumb -o "Core/Src/main.o"
../Core/Src/main.c: In function 'HAL_UART_RxCpltCallback':
../Core/Src/main.c:172:33: warning: pointer targets in passing argument 2 of 'HAL_UART_Transmit_IT' differ in signedness [-Wpointer-sign]
  172 |   HAL_UART_Transmit_IT(&huart2, komunikat, dl_kom);
      |                                 ^~~~~~~~~
      |                                 |
      |                                 char *
In file included from ../Core/Inc/stm32f4xx_hal_conf.h:407,
                 from ../Drivers/STM32F4xx_HAL_Driver/Inc/stm32f4xx_hal.h:29,
                 from ../Core/Inc/main.h:30,
                 from ../Core/Src/main.c:20:
../Drivers/STM32F4xx_HAL_Driver/Inc/stm32f4xx_hal_uart.h:724:82: note: expected 'const uint8_t *' {aka 'const unsigned char *'} but argument is of type 'char *'
  724 | HAL_StatusTypeDef HAL_UART_Transmit_IT(UART_HandleTypeDef *huart, const uint8_t *pData, uint16_t Size);
      |                                                                   ~~~~~~~~~~~~~~~^~~~~
arm-none-eabi-gcc -o "SKG_5_UART.elf" @"objects.list"   -mcpu=cortex-m4 -T"C:\Users\Professional\Desktop\!!!!!!!\IT\STM32\STM32-Course\SKG_5_UART\STM32F411RETX_FLASH.ld" --specs=nosys.specs -Wl,-Map="SKG_5_UART.map" -Wl,--gc-sections -static --specs=nano.specs -mfpu=fpv4-sp-d16 -mfloat-abi=hard -mthumb -Wl,--start-group -lc -lm -Wl,--end-group
Finished building target: SKG_5_UART.elf
 
arm-none-eabi-size   SKG_5_UART.elf 
arm-none-eabi-objdump -h -S  SKG_5_UART.elf  > "SKG_5_UART.list"
   text	   data	    bss	    dec	    hex	filename
  13440	    120	   1688	  15248	   3b90	SKG_5_UART.elf
Finished building: default.size.stdout
 
Finished building: SKG_5_UART.list
 
19:10:51 **** Incremental Build of configuration Debug for project SKG_5_UART ****
make -j6 all 
arm-none-eabi-size   SKG_5_UART.elf 
   text	   data	    bss	    dec	    hex	filename
  13440	    120	   1688	  15248	   3b90	SKG_5_UART.elf
Finished building: default.size.stdout
 
19:10:57 **** Incremental Build of configuration Debug for project SKG_5_UART ****
make -j6 all 
arm-none-eabi-size   SKG_5_UART.elf 
   text	   data	    bss	    dec	    hex	filename
  13440	    120	   1688	  15248	   3b90	SKG_5_UART.elf
Finished building: default.size.stdout
 
